Component: ARM Compiler 5.06 update 5 (build 528) Tool: armlink [4d35e2]

==============================================================================

Section Cross References

    command_handling.o(i.command_handling_ble) refers to command_handling.o(i.Check_Cmd_Grasp_Inrange) for Check_Cmd_Grasp_Inrange
    command_handling.o(i.command_handling_ble) refers to gpio.o(i.LED_Off) for LED_Off
    command_handling.o(i.command_handling_ble) refers to grips.o(i.set_grasp) for set_grasp
    command_handling.o(i.command_handling_ble) refers to gpio.o(i.LED_Toggle) for LED_Toggle
    command_handling.o(i.command_handling_ble) refers to gpio.o(i.LED_On) for LED_On
    command_handling.o(i.command_handling_ble) refers to psyonic_ble.o(.data) for BLE_cmd
    command_handling.o(i.command_handling_ble) refers to command_handling.o(.bss) for qd_set
    command_handling.o(i.command_handling_ble) refers to command_handling.o(.data) for STM32_binfile_length
    main.o(i.main) refers to system.o(i.timers_init) for timers_init
    main.o(i.main) refers to gpio.o(i.GPIO_Init) for GPIO_Init
    main.o(i.main) refers to pwm.o(i.PWM_init) for PWM_init
    main.o(i.main) refers to spi.o(i.SPI_Init) for SPI_Init
    main.o(i.main) refers to ble_dfu_unbonded.o(i.ble_dfu_buttonless_async_svci_init) for ble_dfu_buttonless_async_svci_init
    main.o(i.main) refers to app_error.o(i.app_error_handler_bare) for app_error_handler_bare
    main.o(i.main) refers to psyonic_ble.o(i.power_management_init) for power_management_init
    main.o(i.main) refers to psyonic_ble.o(i.ble_stack_init) for ble_stack_init
    main.o(i.main) refers to psyonic_buttonless_dfu.o(i.peer_manager_init) for peer_manager_init
    main.o(i.main) refers to psyonic_ble.o(i.gap_params_init) for gap_params_init
    main.o(i.main) refers to psyonic_ble.o(i.gatt_init) for gatt_init
    main.o(i.main) refers to psyonic_ble.o(i.services_init) for services_init
    main.o(i.main) refers to psyonic_buttonless_dfu.o(i.dfu_service_init) for dfu_service_init
    main.o(i.main) refers to psyonic_ble.o(i.advertising_init) for advertising_init
    main.o(i.main) refers to psyonic_ble.o(i.conn_params_init) for conn_params_init
    main.o(i.main) refers to psyonic_ble.o(i.advertising_start) for advertising_start
    main.o(i.main) refers to pwm.o(i.PWM_play) for PWM_play
    main.o(i.main) refers to system.o(i.sleep) for sleep
    main.o(i.main) refers to main.o(.constdata) for delay_machine_code
    gpio.o(i.GPIO_Init) refers to gpio.o(i.nrf_gpio_cfg_output) for nrf_gpio_cfg_output
    gpio.o(i.GPIO_Init) refers to gpio.o(i.LED_Off) for LED_Off
    gpio.o(i.GPIO_Init) refers to gpio.o(.data) for stm32BootLoaderPin
    gpio.o(i.LED_Off) refers to gpio.o(i.nrf_gpio_pin_write) for nrf_gpio_pin_write
    gpio.o(i.LED_On) refers to gpio.o(i.nrf_gpio_pin_write) for nrf_gpio_pin_write
    psyonic_ble.o(i.BLE_Init) refers to psyonic_ble.o(i.log_init) for log_init
    psyonic_ble.o(i.BLE_Init) refers to psyonic_ble.o(i.power_management_init) for power_management_init
    psyonic_ble.o(i.BLE_Init) refers to psyonic_ble.o(i.ble_stack_init) for ble_stack_init
    psyonic_ble.o(i.BLE_Init) refers to psyonic_ble.o(i.gap_params_init) for gap_params_init
    psyonic_ble.o(i.BLE_Init) refers to psyonic_ble.o(i.gatt_init) for gatt_init
    psyonic_ble.o(i.BLE_Init) refers to psyonic_ble.o(i.services_init) for services_init
    psyonic_ble.o(i.BLE_Init) refers to psyonic_ble.o(i.advertising_init) for advertising_init
    psyonic_ble.o(i.BLE_Init) refers to psyonic_ble.o(i.conn_params_init) for conn_params_init
    psyonic_ble.o(i.advertising_init) refers to memseta.o(.text) for __aeabi_memclr4
    psyonic_ble.o(i.advertising_init) refers to ble_advertising.o(i.ble_advertising_init) for ble_advertising_init
    psyonic_ble.o(i.advertising_init) refers to app_error.o(i.app_error_handler_bare) for app_error_handler_bare
    psyonic_ble.o(i.advertising_init) refers to ble_advertising.o(i.ble_advertising_conn_cfg_tag_set) for ble_advertising_conn_cfg_tag_set
    psyonic_ble.o(i.advertising_init) refers to psyonic_ble.o(.data) for m_adv_uuids
    psyonic_ble.o(i.advertising_init) refers to psyonic_ble.o(i.on_adv_evt) for on_adv_evt
    psyonic_ble.o(i.advertising_init) refers to psyonic_ble.o(.bss) for m_advertising
    psyonic_ble.o(i.advertising_start) refers to ble_advertising.o(i.ble_advertising_start) for ble_advertising_start
    psyonic_ble.o(i.advertising_start) refers to app_error.o(i.app_error_handler_bare) for app_error_handler_bare
    psyonic_ble.o(i.advertising_start) refers to psyonic_ble.o(.bss) for m_advertising
    psyonic_ble.o(i.assert_nrf_callback) refers to app_error_handler_keil.o(.emb_text) for app_error_handler
    psyonic_ble.o(i.ble_evt_handler) refers to bsp.o(i.bsp_indication_set) for bsp_indication_set
    psyonic_ble.o(i.ble_evt_handler) refers to app_error.o(i.app_error_handler_bare) for app_error_handler_bare
[...]
    0x00026208   0x00026208   0x00000008   Code   RO        10320    .ARM.Collect$$$$0000000B  mc_w.l(entry9a.o)
    0x00026210   0x00026210   0x00000000   Code   RO        10322    .ARM.Collect$$$$0000000D  mc_w.l(entry10a.o)
    0x00026210   0x00026210   0x00000000   Code   RO        10324    .ARM.Collect$$$$0000000F  mc_w.l(entry11a.o)
    0x00026210   0x00026210   0x00000004   Code   RO        10313    .ARM.Collect$$$$00002712  mc_w.l(entry2.o)
    0x00026214   0x00026214   0x000000c8   Code   RO         8402    .emb_text           nrf_atfifo.o
    0x000262dc   0x000262dc   0x000000e2   Code   RO         8547    .emb_text           nrf_atomic.o
    0x000263be   0x000263be   0x00000002   PAD
    0x000263c0   0x000263c0   0x00000024   Code   RO        10194    .text               arm_startup_nrf52.o
    0x000263e4   0x000263e4   0x00000062   Code   RO        10292    .text               mc_w.l(uldiv.o)
    0x00026446   0x00026446   0x0000001e   Code   RO        10296    .text               mc_w.l(llshl.o)
    0x00026464   0x00026464   0x00000020   Code   RO        10298    .text               mc_w.l(llushr.o)
    0x00026484   0x00026484   0x00000024   Code   RO        10300    .text               mc_w.l(memcpya.o)
    0x000264a8   0x000264a8   0x00000024   Code   RO        10302    .text               mc_w.l(memseta.o)
    0x000264cc   0x000264cc   0x0000001a   Code   RO        10306    .text               mc_w.l(memcmp.o)
    0x000264e6   0x000264e6   0x00000002   PAD
    0x000264e8   0x000264e8   0x00000024   Code   RO        10326    .text               mc_w.l(init.o)
    0x0002650c   0x0002650c   0x00000056   Code   RO        10336    .text               mc_w.l(__dczerorl2.o)
    0x00026562   0x00026562   0x00000002   PAD
    0x00026564   0x00026564   0x00000038   Code   RO         1467    i.Channel_Write     spi_command_handling.o
    0x0002659c   0x0002659c   0x00000012   Code   RO            4    i.Check_Cmd_Grasp_Inrange  command_handling.o
    0x000265ae   0x000265ae   0x00000010   Code   RO         1468    i.Command_Parse     spi_command_handling.o
    0x000265be   0x000265be   0x00000002   PAD
    0x000265c0   0x000265c0   0x0000021c   Code   RO         5984    i.GPIOTE_IRQHandler  nrfx_gpiote.o
    0x000267dc   0x000267dc   0x0000004c   Code   RO          680    i.GPIO_Init         gpio.o
    0x00026828   0x00026828   0x00000044   Code   RO          452    i.HardFault_Handler  main.o
    0x0002686c   0x0002686c   0x0000000e   Code   RO          681    i.LED_Off           gpio.o
    0x0002687a   0x0002687a   0x0000000e   Code   RO          682    i.LED_On            gpio.o
    0x00026888   0x00026888   0x00000026   Code   RO          683    i.LED_Toggle        gpio.o
    0x000268ae   0x000268ae   0x00000002   PAD
    0x000268b0   0x000268b0   0x00000018   Code   RO         7493    i.NVIC_ClearPendingIRQ  app_timer.o
    0x000268c8   0x000268c8   0x00000016   Code   RO         7494    i.NVIC_EnableIRQ    app_timer.o
    0x000268de   0x000268de   0x00000002   PAD
    0x000268e0   0x000268e0   0x00000018   Code   RO         7495    i.NVIC_SetPendingIRQ  app_timer.o
    0x000268f8   0x000268f8   0x00000028   Code   RO         7496    i.NVIC_SetPriority  app_timer.o
    0x00026920   0x00026920   0x00000054   Code   RO         5829    i.POWER_CLOCK_IRQHandler  nrfx_clock.o
    0x00026974   0x00026974   0x00000014   Code   RO         6824    i.PWM0_IRQHandler   nrfx_pwm.o
    0x00026988   0x00026988   0x00000034   Code   RO          947    i.PWM_init          pwm.o
    0x000269bc   0x000269bc   0x00000040   Code   RO          948    i.PWM_play          pwm.o
    0x000269fc   0x000269fc   0x00000034   Code   RO         7497    i.RTC1_IRQHandler   app_timer.o
    0x00026a30   0x00026a30   0x000001cc   Code   RO         5530    i.SAADC_IRQHandler  nrfx_saadc.o
    0x00026bfc   0x00026bfc   0x00000014   Code   RO         6955    i.SPIM0_SPIS0_TWIM0_TWIS0_SPI0_TWI0_IRQHandler  nrfx_spim.o
    0x00026c10   0x00026c10   0x00000060   Code   RO         1034    i.SPI_Init          spi.o
    0x00026c70   0x00026c70   0x0000001c   Code   RO         1035    i.SPI_Manager_Init  spi.o
    0x00026c8c   0x00026c8c   0x00000038   Code   RO         1038    i.SPI_Transmit      spi.o
    0x00026cc4   0x00026cc4   0x00000008   Code   RO         7498    i.SWI0_EGU0_IRQHandler  app_timer.o
    0x00026ccc   0x00026ccc   0x00000008   Code   RO         9975    i.SWI2_EGU2_IRQHandler  nrf_sdh.o
    0x00026cd4   0x00026cd4   0x00000020   Code   RO         1040    i.Start_Transaction  spi.o
    0x00026cf4   0x00026cf4   0x00000020   Code   RO         1041    i.Stop_Transaction  spi.o
    0x00026d14   0x00026d14   0x00000010   Code   RO        10201    i.SystemCoreClockUpdate  system_nrf52.o
    0x00026d24   0x00026d24   0x00000284   Code   RO        10202    i.SystemInit        system_nrf52.o
    0x00026fa8   0x00026fa8   0x00000018   Code   RO         5333    i.TIMER1_IRQHandler  nrfx_timer.o
    0x00026fc0   0x00026fc0   0x00000018   Code   RO         5334    i.TIMER2_IRQHandler  nrfx_timer.o
    0x00026fd8   0x00026fd8   0x00000018   Code   RO         5335    i.TIMER3_IRQHandler  nrfx_timer.o
    0x00026ff0   0x00026ff0   0x00000018   Code   RO         5336    i.TIMER4_IRQHandler  nrfx_timer.o
    0x00027008   0x00027008   0x00000010   Code   RO         6302    i.UARTE0_UART0_IRQHandler  nrfx_prs.o
    0x00027018   0x00027018   0x0000000e   Code   RO        10330    i.__scatterload_copy  mc_w.l(handlers.o)
    0x00027026   0x00027026   0x00000002   Code   RO        10331    i.__scatterload_null  mc_w.l(handlers.o)
    0x00027028   0x00027028   0x0000000e   Code   RO        10332    i.__scatterload_zeroinit  mc_w.l(handlers.o)
    0x00027036   0x00027036   0x00000002   PAD
    0x00027038   0x00027038   0x00000038   Code   RO         9976    i.__sd_nvic_app_accessible_irq  nrf_sdh.o
    0x00027070   0x00027070   0x0000000c   Code   RO         7812    i.__sd_nvic_irq_disable  app_util_platform.o
    0x0002707c   0x0002707c   0x0000007a   Code   RO         4365    i._conn_secure      peer_manager_handler.o
    0x000270f6   0x000270f6   0x00000032   Code   RO         3290    i.addr_compare      id_manager.o
    0x00027128   0x00027128   0x00000010   Code   RO         8823    i.addr_is_aligned32  nrf_fstorage.o
    0x00027138   0x00027138   0x00000014   Code   RO         8824    i.addr_is_page_aligned  nrf_fstorage.o
    0x0002714c   0x0002714c   0x00000018   Code   RO         2466    i.addr_is_valid     ble_advertising.o
    0x00027164   0x00027164   0x0000001c   Code   RO         8825    i.addr_is_within_bounds  nrf_fstorage.o
    0x00027180   0x00027180   0x0000002c   Code   RO         7908    i.address_is_valid  fds.o
    0x000271ac   0x000271ac   0x00000058   Code   RO         2467    i.adv_mode_next_avail_get  ble_advertising.o
    0x00027204   0x00027204   0x00000012   Code   RO         2468    i.adv_mode_next_get  ble_advertising.o
    0x00027216   0x00027216   0x00000054   Code   RO         2262    i.advertising_buttons_configure  bsp_btn_ble.o
    0x0002726a   0x0002726a   0x0000001c   Code   RO         1271    i.advertising_config_get  psyonic_buttonless_dfu.o
    0x00027286   0x00027286   0x00000002   PAD
    0x00027288   0x00027288   0x00000070   Code   RO          753    i.advertising_init  psyonic_ble.o
    0x000272f8   0x000272f8   0x00000024   Code   RO          754    i.advertising_start  psyonic_ble.o
    0x0002731c   0x0002731c   0x00000056   Code   RO         3291    i.ah                id_manager.o
    0x00027372   0x00027372   0x00000002   PAD
    0x00027374   0x00027374   0x00000014   Code   RO         4505    i.allow_repairing   security_dispatcher.o
    0x00027388   0x00027388   0x00000060   Code   RO         7309    i.app_error_fault_handler  app_error_weak.o
    0x000273e8   0x000273e8   0x0000001c   Code   RO         7225    i.app_error_handler_bare  app_error.o
    0x00027404   0x00027404   0x00000012   Code   RO         1272    i.app_shutdown_handler  psyonic_buttonless_dfu.o
    0x00027416   0x00027416   0x00000002   PAD
    0x00027418   0x00027418   0x0000003c   Code   RO         7501    i.app_timer_create  app_timer.o
    0x00027454   0x00027454   0x0000005c   Code   RO         7502    i.app_timer_init    app_timer.o
    0x000274b0   0x000274b0   0x00000054   Code   RO         7505    i.app_timer_start   app_timer.o
    0x00027504   0x00027504   0x00000030   Code   RO         7506    i.app_timer_stop    app_timer.o
    0x00027534   0x00027534   0x0000000c   Code   RO         7813    i.app_util_critical_region_enter  app_util_platform.o
    0x00027540   0x00027540   0x00000048   Code   RO         7814    i.app_util_critical_region_exit  app_util_platform.o
    0x00027588   0x00027588   0x00000052   Code   RO         2336    i.appearance_encode  ble_advdata.o
    0x000275da   0x000275da   0x0000000e   Code   RO         3006    i.apply_pending_handle  gatt_cache_manager.o
    0x000275e8   0x000275e8   0x00000014   Code   RO         4506    i.auth_status_failure_process  security_dispatcher.o
    0x000275fc   0x000275fc   0x0000001c   Code   RO         4507    i.auth_status_process  security_dispatcher.o
    0x00027618   0x00027618   0x00000124   Code   RO         4508    i.auth_status_success_process  security_dispatcher.o
    0x0002773c   0x0002773c   0x0000006c   Code   RO         2911    i.blcm_link_ctx_get  ble_link_ctx_manager.o
    0x000277a8   0x000277a8   0x0000016c   Code   RO         2338    i.ble_advdata_encode  ble_advdata.o
    0x00027914   0x00027914   0x00000028   Code   RO         2340    i.ble_advdata_parse  ble_advdata.o
    0x0002793c   0x0002793c   0x00000040   Code   RO         2341    i.ble_advdata_search  ble_advdata.o
    0x0002797c   0x0002797c   0x00000006   Code   RO         2470    i.ble_advertising_conn_cfg_tag_set  ble_advertising.o
    0x00027982   0x00027982   0x00000122   Code   RO         2471    i.ble_advertising_init  ble_advertising.o
    0x00027aa4   0x00027aa4   0x00000012   Code   RO         2472    i.ble_advertising_modes_config_set  ble_advertising.o
    0x00027ab6   0x00027ab6   0x0000003c   Code   RO         2473    i.ble_advertising_on_ble_evt  ble_advertising.o
    0x00027af2   0x00027af2   0x00000002   Code   RO         2474    i.ble_advertising_on_sys_evt  ble_advertising.o
    0x00027af4   0x00027af4   0x00000174   Code   RO         2477    i.ble_advertising_start  ble_advertising.o
    0x00027c68   0x00027c68   0x0000009c   Code   RO         2623    i.ble_conn_params_init  ble_conn_params.o
    0x00027d04   0x00027d04   0x00000014   Code   RO         2732    i.ble_conn_state_conn_idx  ble_conn_state.o
    0x00027d18   0x00027d18   0x00000020   Code   RO         2733    i.ble_conn_state_encrypted  ble_conn_state.o
    0x00027d38   0x00027d38   0x00000018   Code   RO         2734    i.ble_conn_state_for_each_connected  ble_conn_state.o
    0x00027d50   0x00027d50   0x00000028   Code   RO         2735    i.ble_conn_state_for_each_set_user_flag  ble_conn_state.o
    0x00027d78   0x00027d78   0x00000020   Code   RO         2737    i.ble_conn_state_mitm_protected  ble_conn_state.o
    0x00027d98   0x00027d98   0x0000002c   Code   RO         2740    i.ble_conn_state_role  ble_conn_state.o
    0x00027dc4   0x00027dc4   0x0000002c   Code   RO         2741    i.ble_conn_state_status  ble_conn_state.o
    0x00027df0   0x00027df0   0x0000001c   Code   RO         2742    i.ble_conn_state_user_flag_acquire  ble_conn_state.o
    0x00027e0c   0x00027e0c   0x0000002c   Code   RO         2743    i.ble_conn_state_user_flag_get  ble_conn_state.o
    0x00027e38   0x00027e38   0x0000003c   Code   RO         2744    i.ble_conn_state_user_flag_set  ble_conn_state.o
    0x00027e74   0x00027e74   0x0000001c   Code   RO         2745    i.ble_conn_state_valid  ble_conn_state.o
    0x00027e90   0x00027e90   0x00000076   Code   RO         2344    i.ble_device_addr_encode  ble_advdata.o
    0x00027f06   0x00027f06   0x00000002   PAD
    0x00027f08   0x00027f08   0x0000003c   Code   RO         5015    i.ble_dfu_buttonless_async_svci_init  ble_dfu_unbonded.o
    0x00027f44   0x00027f44   0x00000018   Code   RO         5016    i.ble_dfu_buttonless_backend_init  ble_dfu_unbonded.o
    0x00027f5c   0x00027f5c   0x00000040   Code   RO         4910    i.ble_dfu_buttonless_bootloader_start_finalize  ble_dfu.o
    0x00027f9c   0x00027f9c   0x0000001c   Code   RO         5017    i.ble_dfu_buttonless_bootloader_start_prepare  ble_dfu_unbonded.o
    0x00027fb8   0x00027fb8   0x00000062   Code   RO         5018    i.ble_dfu_buttonless_char_add  ble_dfu_unbonded.o
    0x0002801a   0x0002801a   0x00000002   PAD
    0x0002801c   0x0002801c   0x000000a4   Code   RO         4911    i.ble_dfu_buttonless_init  ble_dfu.o
    0x000280c0   0x000280c0   0x0000005a   Code   RO         4912    i.ble_dfu_buttonless_on_ble_evt  ble_dfu.o
    0x0002811a   0x0002811a   0x00000002   PAD
    0x0002811c   0x0002811c   0x0000008c   Code   RO         5019    i.ble_dfu_buttonless_on_ctrl_pt_write  ble_dfu_unbonded.o
    0x000281a8   0x000281a8   0x0000008c   Code   RO         5020    i.ble_dfu_buttonless_on_sys_evt  ble_dfu_unbonded.o
    0x00028234   0x00028234   0x00000064   Code   RO         4913    i.ble_dfu_buttonless_resp_send  ble_dfu.o
    0x00028298   0x00028298   0x00000054   Code   RO         1273    i.ble_dfu_evt_handler  psyonic_buttonless_dfu.o
    0x000282ec   0x000282ec   0x00000120   Code   RO          756    i.ble_evt_handler   psyonic_ble.o
    0x0002840c   0x0002840c   0x00000078   Code   RO         2263    i.ble_evt_handler   bsp_btn_ble.o
    0x00028484   0x00028484   0x00000040   Code   RO         2625    i.ble_evt_handler   ble_conn_params.o
    0x000284c4   0x000284c4   0x000000b4   Code   RO         2746    i.ble_evt_handler   ble_conn_state.o
    0x00028578   0x00028578   0x0000002c   Code   RO         4053    i.ble_evt_handler   peer_manager.o
    0x000285a4   0x000285a4   0x00000108   Code   RO         4852    i.ble_nus_init      ble_nus.o
    0x000286ac   0x000286ac   0x00000044   Code   RO         4853    i.ble_nus_on_ble_evt  ble_nus.o
    0x000286f0   0x000286f0   0x00000012   Code   RO         2939    i.ble_srv_is_indication_enabled  ble_srv_common.o
    0x00028702   0x00028702   0x00000012   Code   RO         2940    i.ble_srv_is_notification_enabled  ble_srv_common.o
    0x00028714   0x00028714   0x00000056   Code   RO          757    i.ble_stack_init    psyonic_ble.o
    0x0002876a   0x0002876a   0x00000002   PAD
    0x0002876c   0x0002876c   0x00000030   Code   RO         2029    i.bsp_board_led_invert  boards.o
    0x0002879c   0x0002879c   0x00000014   Code   RO         2030    i.bsp_board_led_off  boards.o
    0x000287b0   0x000287b0   0x00000014   Code   RO         2031    i.bsp_board_led_on  boards.o
    0x000287c4   0x000287c4   0x00000030   Code   RO         2032    i.bsp_board_led_state_get  boards.o
    0x000287f4   0x000287f4   0x00000014   Code   RO         2034    i.bsp_board_leds_off  boards.o
    0x00028808   0x00028808   0x00000014   Code   RO         2035    i.bsp_board_leds_on  boards.o
    0x0002881c   0x0002881c   0x00000024   Code   RO         2036    i.bsp_board_pin_to_button_idx  boards.o
    0x00028840   0x00028840   0x000000c4   Code   RO         2146    i.bsp_button_event_handler  bsp.o
    0x00028904   0x00028904   0x0000005c   Code   RO         2150    i.bsp_event_to_button_action_assign  bsp.o
    0x00028960   0x00028960   0x00000020   Code   RO         2151    i.bsp_indication_set  bsp.o
    0x00028980   0x00028980   0x00000388   Code   RO         2153    i.bsp_led_indication  bsp.o
    0x00028d08   0x00028d08   0x00000020   Code   RO         1275    i.buttonless_dfu_sdh_state_observer  psyonic_buttonless_dfu.o
    0x00028d28   0x00028d28   0x0000002c   Code   RO         3007    i.car_update_needed  gatt_cache_manager.o
    0x00028d54   0x00028d54   0x00000040   Code   RO         3008    i.car_update_pending_handle  gatt_cache_manager.o
    0x00028d94   0x00028d94   0x00000020   Code   RO         3009    i.cccd_written      gatt_cache_manager.o
    0x00028db4   0x00028db4   0x00000010   Code   RO         5986    i.channel_handler_get  nrfx_gpiote.o
    0x00028dc4   0x00028dc4   0x0000000c   Code   RO         5988    i.channel_port_get  nrfx_gpiote.o
    0x00028dd0   0x00028dd0   0x000001c8   Code   RO         2942    i.characteristic_add  ble_srv_common.o
    0x00028f98   0x00028f98   0x0000004c   Code   RO         3958    i.claim             peer_id.o
    0x00028fe4   0x00028fe4   0x00000030   Code   RO         5084    i.clock_clk_started_notify  nrf_drv_clock.o
    0x00029014   0x00029014   0x00000028   Code   RO         5085    i.clock_irq_handler  nrf_drv_clock.o
    0x0002903c   0x0002903c   0x000000d0   Code   RO            5    i.command_handling_ble  command_handling.o
    0x0002910c   0x0002910c   0x00000090   Code   RO         7508    i.compare_reg_update  app_timer.o
    0x0002919c   0x0002919c   0x00000028   Code   RO         2479    i.config_is_valid   ble_advertising.o
    0x000291c4   0x000291c4   0x000000c2   Code   RO         6825    i.configure_pins    nrfx_pwm.o
    0x00029286   0x00029286   0x0000003c   Code   RO         2747    i.conn_handle_list_get  ble_conn_state.o
    0x000292c2   0x000292c2   0x0000005a   Code   RO         2345    i.conn_int_check    ble_advdata.o
    0x0002931c   0x0002931c   0x00000068   Code   RO         2346    i.conn_int_encode   ble_advdata.o
    0x00029384   0x00029384   0x00000010   Code   RO          758    i.conn_params_error_handler  psyonic_ble.o
    0x00029394   0x00029394   0x0000005c   Code   RO          759    i.conn_params_init  psyonic_ble.o
    0x000293f0   0x000293f0   0x00000054   Code   RO         2626    i.conn_params_negotiation  ble_conn_params.o
    0x00029444   0x00029444   0x00000044   Code   RO         4509    i.conn_sec_failure  security_dispatcher.o
    0x00029488   0x00029488   0x00000058   Code   RO         4510    i.conn_sec_update_process  security_dispatcher.o
    0x000294e0   0x000294e0   0x00000010   Code   RO         4366    i.conn_secure       peer_manager_handler.o
    0x000294f0   0x000294f0   0x00000054   Code   RO         2266    i.connection_buttons_configure  bsp_btn_ble.o
    0x00029544   0x00029544   0x0000002c   Code   RO         3461    i.data_length_update  nrf_ble_gatt.o
    0x00029570   0x00029570   0x0000004c   Code   RO         3010    i.db_update_pending_handle  gatt_cache_manager.o
    0x000295bc   0x000295bc   0x0000004a   Code   RO         7909    i.delete_execute    fds.o
    0x00029606   0x00029606   0x00000002   PAD
    0x00029608   0x00029608   0x0000002c   Code   RO         1277    i.dfu_service_init  psyonic_buttonless_dfu.o
    0x00029634   0x00029634   0x00000010   Code   RO         1278    i.disconnect        psyonic_buttonless_dfu.o
    0x00029644   0x00029644   0x00000022   Code   RO         4511    i.disconnect_process  security_dispatcher.o
    0x00029666   0x00029666   0x00000002   Code   RO         4914    i.dummy_evt_handler  ble_dfu.o
    0x00029668   0x00029668   0x00000064   Code   RO         7509    i.elapsed_ticks_acquire  app_timer.o
    0x000296cc   0x000296cc   0x00000016   Code   RO         4512    i.encryption_failure  security_dispatcher.o
    0x000296e2   0x000296e2   0x00000002   PAD
    0x000296e4   0x000296e4   0x00000048   Code   RO         5021    i.enter_bootloader  ble_dfu_unbonded.o
    0x0002972c   0x0002972c   0x00000058   Code   RO         8910    i.erase             nrf_fstorage_sd.o
    0x00029784   0x00029784   0x0000000e   Code   RO         8911    i.erase_execute     nrf_fstorage_sd.o
    0x00029792   0x00029792   0x00000002   PAD
    0x00029794   0x00029794   0x00000054   Code   RO        10203    i.errata_108        system_nrf52.o
    0x000297e8   0x000297e8   0x00000054   Code   RO        10204    i.errata_12         system_nrf52.o
    0x0002983c   0x0002983c   0x00000054   Code   RO        10205    i.errata_136        system_nrf52.o
    0x00029890   0x00029890   0x00000030   Code   RO        10206    i.errata_16         system_nrf52.o
    0x000298c0   0x000298c0   0x00000020   Code   RO        10207    i.errata_182        system_nrf52.o
    0x000298e0   0x000298e0   0x00000054   Code   RO        10208    i.errata_31         system_nrf52.o
    0x00029934   0x00029934   0x00000030   Code   RO        10209    i.errata_32         system_nrf52.o
    0x00029964   0x00029964   0x00000054   Code   RO        10210    i.errata_36         system_nrf52.o
    0x000299b8   0x000299b8   0x00000030   Code   RO        10211    i.errata_37         system_nrf52.o
    0x000299e8   0x000299e8   0x00000030   Code   RO        10212    i.errata_57         system_nrf52.o
    0x00029a18   0x00029a18   0x00000030   Code   RO        10213    i.errata_66         system_nrf52.o
    0x00029a48   0x00029a48   0x0000007e   Code   RO         7910    i.event_prepare     fds.o
    0x00029ac6   0x00029ac6   0x00000002   PAD
    0x00029ac8   0x00029ac8   0x00000028   Code   RO         7911    i.event_send        fds.o
    0x00029af0   0x00029af0   0x00000068   Code   RO         8912    i.event_send        nrf_fstorage_sd.o
    0x00029b58   0x00029b58   0x00000072   Code   RO         4692    i.events_send_from_err_code  security_manager.o
    0x00029bca   0x00029bca   0x0000000c   Code   RO         4693    i.evt_forward       security_manager.o
    0x00029bd6   0x00029bd6   0x00000002   PAD
    0x00029bd8   0x00029bd8   0x00000028   Code   RO         3011    i.evt_send          gatt_cache_manager.o
    0x00029c00   0x00029c00   0x00000028   Code   RO         3196    i.evt_send          gatts_cache_manager.o
    0x00029c28   0x00029c28   0x00000020   Code   RO         3292    i.evt_send          id_manager.o
    0x00029c48   0x00029c48   0x00000028   Code   RO         4054    i.evt_send          peer_manager.o
    0x00029c70   0x00029c70   0x00000028   Code   RO         4513    i.evt_send          security_dispatcher.o
    0x00029c98   0x00029c98   0x00000020   Code   RO         4694    i.evt_send          security_manager.o
    0x00029cb8   0x00029cb8   0x00000058   Code   RO         7510    i.expired_timers_handler  app_timer.o
    0x00029d10   0x00029d10   0x00000104   Code   RO         3637    i.fds_evt_handler   peer_data_storage.o
    0x00029e14   0x00029e14   0x00000044   Code   RO         7913    i.fds_file_delete   fds.o
    0x00029e58   0x00029e58   0x00000040   Code   RO         7914    i.fds_gc            fds.o
    0x00029e98   0x00029e98   0x000000c8   Code   RO         7915    i.fds_init          fds.o
    0x00029f60   0x00029f60   0x00000060   Code   RO         7916    i.fds_record_close  fds.o
    0x00029fc0   0x00029fc0   0x00000016   Code   RO         7918    i.fds_record_find   fds.o
    0x00029fd6   0x00029fd6   0x00000014   Code   RO         7919    i.fds_record_find_by_key  fds.o
    0x00029fea   0x00029fea   0x00000014   Code   RO         7920    i.fds_record_find_in_file  fds.o
    0x00029ffe   0x00029ffe   0x00000012   Code   RO         7921    i.fds_record_id_from_desc  fds.o
    0x0002a010   0x0002a010   0x0000004c   Code   RO         7923    i.fds_record_open   fds.o
    0x0002a05c   0x0002a05c   0x0000001a   Code   RO         7924    i.fds_record_update  fds.o
    0x0002a076   0x0002a076   0x00000014   Code   RO         7925    i.fds_record_write  fds.o
    0x0002a08a   0x0002a08a   0x00000002   PAD
    0x0002a08c   0x0002a08c   0x00000030   Code   RO         7927    i.fds_register      fds.o
    0x0002a0bc   0x0002a0bc   0x00000034   Code   RO         7931    i.file_find_and_delete  fds.o
    0x0002a0f0   0x0002a0f0   0x0000000a   Code   RO         3638    i.file_id_to_peer_id  peer_data_storage.o
    0x0002a0fa   0x0002a0fa   0x00000018   Code   RO         3639    i.file_id_within_pm_range  peer_data_storage.o
    0x0002a112   0x0002a112   0x0000002e   Code   RO         6956    i.finish_transfer   nrfx_spim.o
    0x0002a140   0x0002a140   0x00000012   Code   RO         4514    i.flag_id_init      security_dispatcher.o
    0x0002a152   0x0002a152   0x00000012   Code   RO         4695    i.flag_id_init      security_manager.o
    0x0002a164   0x0002a164   0x00000036   Code   RO         2347    i.flags_encode      ble_advdata.o
    0x0002a19a   0x0002a19a   0x0000002c   Code   RO         2480    i.flags_set         ble_advertising.o
    0x0002a1c6   0x0002a1c6   0x00000002   PAD
    0x0002a1c8   0x0002a1c8   0x0000004c   Code   RO         4696    i.flags_set_from_err_code  security_manager.o
    0x0002a214   0x0002a214   0x0000001c   Code   RO         7932    i.flash_bounds_set  fds.o
    0x0002a230   0x0002a230   0x00000036   Code   RO         7933    i.flash_end_addr    fds.o
    0x0002a266   0x0002a266   0x00000002   PAD
    0x0002a268   0x0002a268   0x0000001c   Code   RO         7934    i.flash_subsystem_init  fds.o
    0x0002a284   0x0002a284   0x00000032   Code   RO         2748    i.for_each_set_flag  ble_conn_state.o
    0x0002a2b6   0x0002a2b6   0x0000000c   Code   RO         7935    i.fs_event_handler  fds.o
    0x0002a2c2   0x0002a2c2   0x00000002   PAD
    0x0002a2c4   0x0002a2c4   0x00000088   Code   RO          760    i.gap_params_init   psyonic_ble.o
    0x0002a34c   0x0002a34c   0x00000028   Code   RO          761    i.gatt_evt_handler  psyonic_ble.o
    0x0002a374   0x0002a374   0x00000044   Code   RO          762    i.gatt_init         psyonic_ble.o
    0x0002a3b8   0x0002a3b8   0x00000070   Code   RO         7936    i.gc_execute        fds.o
    0x0002a428   0x0002a428   0x00000040   Code   RO         7937    i.gc_init           fds.o
    0x0002a468   0x0002a468   0x00000028   Code   RO         7938    i.gc_next_page      fds.o
    0x0002a490   0x0002a490   0x0000004c   Code   RO         7939    i.gc_page_erase     fds.o
    0x0002a4dc   0x0002a4dc   0x00000050   Code   RO         7940    i.gc_page_next      fds.o
    0x0002a52c   0x0002a52c   0x00000040   Code   RO         7941    i.gc_record_copy    fds.o
    0x0002a56c   0x0002a56c   0x00000024   Code   RO         7942    i.gc_record_find_next  fds.o
    0x0002a590   0x0002a590   0x00000058   Code   RO         7943    i.gc_state_advance  fds.o
    0x0002a5e8   0x0002a5e8   0x0000002c   Code   RO         7944    i.gc_swap_erase     fds.o
    0x0002a614   0x0002a614   0x00000050   Code   RO         7945    i.gc_swap_pages     fds.o
    0x0002a664   0x0002a664   0x00000024   Code   RO         7946    i.gc_swap_promote   fds.o
    0x0002a688   0x0002a688   0x00000018   Code   RO         7947    i.gc_tag_new_swap   fds.o
    0x0002a6a0   0x0002a6a0   0x00000020   Code   RO         7948    i.gc_update_swap_offset  fds.o
    0x0002a6c0   0x0002a6c0   0x00000160   Code   RO         3012    i.gcm_ble_evt_handler  gatt_cache_manager.o
    0x0002a820   0x0002a820   0x00000026   Code   RO         3013    i.gcm_im_evt_handler  gatt_cache_manager.o
    0x0002a846   0x0002a846   0x00000002   PAD
    0x0002a848   0x0002a848   0x000000c4   Code   RO         3014    i.gcm_init          gatt_cache_manager.o
    0x0002a90c   0x0002a90c   0x0000009c   Code   RO         3017    i.gcm_pdb_evt_handler  gatt_cache_manager.o
    0x0002a9a8   0x0002a9a8   0x0000001c   Code   RO         3197    i.gscm_db_change_notification_done  gatts_cache_manager.o
    0x0002a9c4   0x0002a9c4   0x00000014   Code   RO         3198    i.gscm_init         gatts_cache_manager.o
    0x0002a9d8   0x0002a9d8   0x00000090   Code   RO         3200    i.gscm_local_db_cache_apply  gatts_cache_manager.o
    0x0002aa68   0x0002aa68   0x00000098   Code   RO         3201    i.gscm_local_db_cache_update  gatts_cache_manager.o
    0x0002ab00   0x0002ab00   0x0000001c   Code   RO         3202    i.gscm_pdb_evt_handler  gatts_cache_manager.o
    0x0002ab1c   0x0002ab1c   0x00000028   Code   RO         3203    i.gscm_service_changed_ind_needed  gatts_cache_manager.o
    0x0002ab44   0x0002ab44   0x00000048   Code   RO         3204    i.gscm_service_changed_ind_send  gatts_cache_manager.o
    0x0002ab8c   0x0002ab8c   0x0000002a   Code   RO         7949    i.header_check      fds.o
    0x0002abb6   0x0002abb6   0x00000016   Code   RO         7950    i.header_has_next   fds.o
    0x0002abcc   0x0002abcc   0x0000000e   Code   RO         7951    i.header_jump       fds.o
    0x0002abda   0x0002abda   0x0000004c   Code   RO         3293    i.im_address_resolve  id_manager.o
    0x0002ac26   0x0002ac26   0x00000002   PAD
    0x0002ac28   0x0002ac28   0x00000038   Code   RO         3294    i.im_ble_addr_get   id_manager.o
    0x0002ac60   0x0002ac60   0x000000ec   Code   RO         3295    i.im_ble_evt_handler  id_manager.o
    0x0002ad4c   0x0002ad4c   0x00000040   Code   RO         3296    i.im_conn_handle_get  id_manager.o
    0x0002ad8c   0x0002ad8c   0x00000038   Code   RO         3298    i.im_find_duplicate_bonding_data  id_manager.o
    0x0002adc4   0x0002adc4   0x00000090   Code   RO         3301    i.im_is_duplicate_bonding_data  id_manager.o
    0x0002ae54   0x0002ae54   0x00000022   Code   RO         3302    i.im_master_id_is_valid  id_manager.o
    0x0002ae76   0x0002ae76   0x00000032   Code   RO         3303    i.im_master_ids_compare  id_manager.o
    0x0002aea8   0x0002aea8   0x00000014   Code   RO         3304    i.im_new_peer_id    id_manager.o
    0x0002aebc   0x0002aebc   0x00000030   Code   RO         3305    i.im_peer_free      id_manager.o
    0x0002aeec   0x0002aeec   0x00000028   Code   RO         3306    i.im_peer_id_get_by_conn_handle  id_manager.o
    0x0002af14   0x0002af14   0x00000040   Code   RO         3307    i.im_peer_id_get_by_master_id  id_manager.o
    0x0002af54   0x0002af54   0x00000040   Code   RO         8913    i.init              nrf_fstorage_sd.o
    0x0002af94   0x0002af94   0x0000012c   Code   RO         7952    i.init_execute      fds.o
    0x0002b0c0   0x0002b0c0   0x0000002c   Code   RO         2627    i.instance_get      ble_conn_params.o
    0x0002b0ec   0x0002b0ec   0x0000000c   Code   RO         3018    i.internal_state_reset  gatt_cache_manager.o
    0x0002b0f8   0x0002b0f8   0x00000018   Code   RO         3205    i.internal_state_reset  gatts_cache_manager.o
    0x0002b110   0x0002b110   0x00000020   Code   RO         3808    i.internal_state_reset  peer_database.o
    0x0002b130   0x0002b130   0x0000000e   Code   RO         3959    i.internal_state_reset  peer_id.o
    0x0002b13e   0x0002b13e   0x00000002   PAD
    0x0002b140   0x0002b140   0x00000018   Code   RO         4055    i.internal_state_reset  peer_manager.o
    0x0002b158   0x0002b158   0x0000005c   Code   RO         5337    i.irq_handler       nrfx_timer.o
    0x0002b1b4   0x0002b1b4   0x000000a4   Code   RO         6826    i.irq_handler       nrfx_pwm.o
    0x0002b258   0x0002b258   0x00000024   Code   RO         6957    i.irq_handler       nrfx_spim.o
    0x0002b27c   0x0002b27c   0x00000014   Code   RO         8914    i.is_busy           nrf_fstorage_sd.o
    0x0002b290   0x0002b290   0x00000072   Code   RO         2628    i.is_conn_params_ok  ble_conn_params.o
    0x0002b302   0x0002b302   0x00000018   Code   RO         3312    i.is_valid_irk      id_manager.o
    0x0002b31a   0x0002b31a   0x00000010   Code   RO         7953    i.is_word_aligned   fds.o
    0x0002b32a   0x0002b32a   0x0000000c   Code   RO         5088    i.item_dequeue      nrf_drv_clock.o
    0x0002b336   0x0002b336   0x00000002   PAD
    0x0002b338   0x0002b338   0x00000028   Code   RO         2157    i.leds_off          bsp.o
    0x0002b360   0x0002b360   0x00000014   Code   RO         5090    i.lfclk_stop        nrf_drv_clock.o
    0x0002b374   0x0002b374   0x00000018   Code   RO         3462    i.link_init         nrf_ble_gatt.o
    0x0002b38c   0x0002b38c   0x000000bc   Code   RO         4697    i.link_secure       security_manager.o
    0x0002b448   0x0002b448   0x00000018   Code   RO         4515    i.link_secure_authenticate  security_dispatcher.o
    0x0002b460   0x0002b460   0x0000003c   Code   RO         4516    i.link_secure_failure  security_dispatcher.o
    0x0002b49c   0x0002b49c   0x0000003c   Code   RO         4698    i.link_secure_pending_handle  security_manager.o
    0x0002b4d8   0x0002b4d8   0x00000018   Code   RO         4517    i.link_secure_peripheral  security_dispatcher.o
    0x0002b4f0   0x0002b4f0   0x0000013c   Code   RO         7511    i.list_insertions_handler  app_timer.o
    0x0002b62c   0x0002b62c   0x00000080   Code   RO         3019    i.local_db_apply_in_evt  gatt_cache_manager.o
    0x0002b6ac   0x0002b6ac   0x00000018   Code   RO         3020    i.local_db_update   gatt_cache_manager.o
    0x0002b6c4   0x0002b6c4   0x00000064   Code   RO         3021    i.local_db_update_in_evt  gatt_cache_manager.o
    0x0002b728   0x0002b728   0x000000d8   Code   RO          453    i.main              main.o
    0x0002b800   0x0002b800   0x00000076   Code   RO         2348    i.manuf_specific_data_encode  ble_advdata.o
    0x0002b876   0x0002b876   0x00000026   Code   RO         4448    i.mutex_lock        pm_buffer.o
    0x0002b89c   0x0002b89c   0x00000020   Code   RO         4449    i.mutex_lock_status_get  pm_buffer.o
    0x0002b8bc   0x0002b8bc   0x00000020   Code   RO         4450    i.mutex_unlock      pm_buffer.o
    0x0002b8dc   0x0002b8dc   0x000000c8   Code   RO         2349    i.name_encode       ble_advdata.o
    0x0002b9a4   0x0002b9a4   0x00000020   Code   RO         4699    i.new_context_get   security_manager.o
    0x0002b9c4   0x0002b9c4   0x00000034   Code   RO         3960    i.next_id_get       peer_id.o
    0x0002b9f8   0x0002b9f8   0x00000016   Code   RO         8404    i.nrf_atfifo_clear  nrf_atfifo.o
    0x0002ba0e   0x0002ba0e   0x00000028   Code   RO         8406    i.nrf_atfifo_init   nrf_atfifo.o
    0x0002ba36   0x0002ba36   0x0000001c   Code   RO         8407    i.nrf_atfifo_item_alloc  nrf_atfifo.o
    0x0002ba52   0x0002ba52   0x0000001c   Code   RO         8408    i.nrf_atfifo_item_free  nrf_atfifo.o
    0x0002ba6e   0x0002ba6e   0x0000001c   Code   RO         8409    i.nrf_atfifo_item_get  nrf_atfifo.o
    0x0002ba8a   0x0002ba8a   0x0000001c   Code   RO         8410    i.nrf_atfifo_item_put  nrf_atfifo.o
    0x0002baa6   0x0002baa6   0x0000001e   Code   RO         8478    i.nrf_atflags_clear  nrf_atflags.o
    0x0002bac4   0x0002bac4   0x0000002e   Code   RO         8480    i.nrf_atflags_fetch_set  nrf_atflags.o
    0x0002baf2   0x0002baf2   0x00000060   Code   RO         8482    i.nrf_atflags_find_and_set_flag  nrf_atflags.o
    0x0002bb52   0x0002bb52   0x0000001e   Code   RO         8483    i.nrf_atflags_get   nrf_atflags.o
    0x0002bb70   0x0002bb70   0x0000001e   Code   RO         8485    i.nrf_atflags_set   nrf_atflags.o
    0x0002bb8e   0x0002bb8e   0x0000000e   Code   RO         8551    i.nrf_atomic_flag_set_fetch  nrf_atomic.o
    0x0002bb9c   0x0002bb9c   0x00000016   Code   RO         8552    i.nrf_atomic_u32_add  nrf_atomic.o
    0x0002bbb2   0x0002bbb2   0x00000016   Code   RO         8553    i.nrf_atomic_u32_and  nrf_atomic.o
    0x0002bbc8   0x0002bbc8   0x00000016   Code   RO         8555    i.nrf_atomic_u32_fetch_add  nrf_atomic.o
    0x0002bbde   0x0002bbde   0x00000016   Code   RO         8557    i.nrf_atomic_u32_fetch_or  nrf_atomic.o
    0x0002bbf4   0x0002bbf4   0x00000016   Code   RO         8558    i.nrf_atomic_u32_fetch_store  nrf_atomic.o
    0x0002bc0a   0x0002bc0a   0x00000016   Code   RO         8562    i.nrf_atomic_u32_or  nrf_atomic.o
    0x0002bc20   0x0002bc20   0x00000016   Code   RO         8564    i.nrf_atomic_u32_sub  nrf_atomic.o
    0x0002bc36   0x0002bc36   0x00000016   Code   RO         5989    i.nrf_bitmask_bit_is_set  nrfx_gpiote.o
    0x0002bc4c   0x0002bc4c   0x00000016   Code   RO         5990    i.nrf_bitmask_bit_set  nrfx_gpiote.o
    0x0002bc62   0x0002bc62   0x0000001e   Code   RO         3464    i.nrf_ble_gatt_att_mtu_periph_set  nrf_ble_gatt.o
    0x0002bc80   0x0002bc80   0x00000034   Code   RO         3468    i.nrf_ble_gatt_init  nrf_ble_gatt.o
    0x0002bcb4   0x0002bcb4   0x000000ae   Code   RO         3469    i.nrf_ble_gatt_on_ble_evt  nrf_ble_gatt.o
    0x0002bd62   0x0002bd62   0x00000020   Code   RO         3578    i.nrf_ble_qwr_conn_handle_assign  nrf_ble_qwr.o
    0x0002bd82   0x0002bd82   0x00000032   Code   RO         3579    i.nrf_ble_qwr_init  nrf_ble_qwr.o
    0x0002bdb4   0x0002bdb4   0x0000007c   Code   RO         3580    i.nrf_ble_qwr_on_ble_evt  nrf_ble_qwr.o
    0x0002be30   0x0002be30   0x00000012   Code   RO         5830    i.nrf_clock_event_check  nrfx_clock.o
    0x0002be42   0x0002be42   0x00000012   Code   RO         5831    i.nrf_clock_event_clear  nrfx_clock.o
    0x0002be54   0x0002be54   0x0000000c   Code   RO         5832    i.nrf_clock_int_disable  nrfx_clock.o
    0x0002be60   0x0002be60   0x00000008   Code   RO         5834    i.nrf_clock_task_trigger  nrfx_clock.o
    0x0002be68   0x0002be68   0x00000034   Code   RO         9679    i.nrf_dfu_svci_vector_table_set  nrf_dfu_svci.o
    0x0002be9c   0x0002be9c   0x00000018   Code   RO         9680    i.nrf_dfu_svci_vector_table_unset  nrf_dfu_svci.o
    0x0002beb4   0x0002beb4   0x00000040   Code   RO         5096    i.nrf_drv_clock_init  nrf_drv_clock.o
    0x0002bef4   0x0002bef4   0x00000030   Code   RO         5100    i.nrf_drv_clock_lfclk_release  nrf_drv_clock.o
    0x0002bf24   0x0002bf24   0x00000088   Code   RO         5241    i.nrf_drv_spi_init  nrf_drv_spi.o
    0x0002bfac   0x0002bfac   0x0000000c   Code   RO         9468    i.nrf_drv_spi_uninit  nrf_spi_mngr.o
    0x0002bfb8   0x0002bfb8   0x0000004c   Code   RO         8826    i.nrf_fstorage_erase  nrf_fstorage.o
    0x0002c004   0x0002c004   0x0000001e   Code   RO         8827    i.nrf_fstorage_init  nrf_fstorage.o
    0x0002c022   0x0002c022   0x00000002   PAD
    0x0002c024   0x0002c024   0x0000001c   Code   RO         8915    i.nrf_fstorage_sdh_req_handler  nrf_fstorage_sd.o
    0x0002c040   0x0002c040   0x0000002c   Code   RO         8916    i.nrf_fstorage_sdh_state_handler  nrf_fstorage_sd.o
    0x0002c06c   0x0002c06c   0x0000008c   Code   RO         8917    i.nrf_fstorage_sys_evt_handler  nrf_fstorage_sd.o
    0x0002c0f8   0x0002c0f8   0x0000005e   Code   RO         8833    i.nrf_fstorage_write  nrf_fstorage.o
    0x0002c156   0x0002c156   0x00000028   Code   RO         6958    i.nrf_gpio_cfg      nrfx_spim.o
    0x0002c17e   0x0002c17e   0x00000030   Code   RO          684    i.nrf_gpio_cfg_output  gpio.o
    0x0002c1ae   0x0002c1ae   0x00000018   Code   RO         6959    i.nrf_gpio_cfg_output  nrfx_spim.o
    0x0002c1c6   0x0002c1c6   0x00000032   Code   RO         5993    i.nrf_gpio_cfg_sense_set  nrfx_gpiote.o
    0x0002c1f8   0x0002c1f8   0x00000016   Code   RO         6960    i.nrf_gpio_pin_clear  nrfx_spim.o
    0x0002c20e   0x0002c20e   0x00000016   Code   RO         6961    i.nrf_gpio_pin_set  nrfx_spim.o
    0x0002c224   0x0002c224   0x0000003a   Code   RO          685    i.nrf_gpio_pin_write  gpio.o
    0x0002c25e   0x0002c25e   0x0000003a   Code   RO         1042    i.nrf_gpio_pin_write  spi.o
    0x0002c298   0x0002c298   0x0000003a   Code   RO         1356    i.nrf_gpio_pin_write  grips.o
    0x0002c2d2   0x0002c2d2   0x0000003a   Code   RO         2039    i.nrf_gpio_pin_write  boards.o
    0x0002c30c   0x0002c30c   0x00000028   Code   RO         5997    i.nrf_gpio_ports_read  nrfx_gpiote.o
    0x0002c334   0x0002c334   0x0000000c   Code   RO         5998    i.nrf_gpiote_event_addr_get  nrfx_gpiote.o
    0x0002c340   0x0002c340   0x0000001c   Code   RO         5999    i.nrf_gpiote_event_clear  nrfx_gpiote.o
    0x0002c35c   0x0002c35c   0x00000016   Code   RO         6000    i.nrf_gpiote_event_is_set  nrfx_gpiote.o
    0x0002c372   0x0002c372   0x00000016   Code   RO         3022    i.nrf_mtx_unlock    gatt_cache_manager.o
    0x0002c388   0x0002c388   0x00000016   Code   RO         9129    i.nrf_mtx_unlock    nrf_pwr_mgmt.o
    0x0002c39e   0x0002c39e   0x0000000e   Code   RO         6827    i.nrf_pwm_event_check  nrfx_pwm.o
    0x0002c3ac   0x0002c3ac   0x0000000e   Code   RO         6828    i.nrf_pwm_event_clear  nrfx_pwm.o
    0x0002c3ba   0x0002c3ba   0x00000006   Code   RO         6829    i.nrf_pwm_int_set   nrfx_pwm.o
    0x0002c3c0   0x0002c3c0   0x00000006   Code   RO         6830    i.nrf_pwm_loop_set  nrfx_pwm.o
    0x0002c3c6   0x0002c3c6   0x0000003c   Code   RO         6831    i.nrf_pwm_sequence_set  nrfx_pwm.o
    0x0002c402   0x0002c402   0x00000006   Code   RO         6832    i.nrf_pwm_shorts_set  nrfx_pwm.o
    0x0002c408   0x0002c408   0x00000006   Code   RO         6833    i.nrf_pwm_task_trigger  nrfx_pwm.o
    0x0002c40e   0x0002c40e   0x00000002   PAD
    0x0002c410   0x0002c410   0x00000068   Code   RO         9131    i.nrf_pwr_mgmt_init  nrf_pwr_mgmt.o
    0x0002c478   0x0002c478   0x00000064   Code   RO         9133    i.nrf_pwr_mgmt_shutdown  nrf_pwr_mgmt.o
    0x0002c4dc   0x0002c4dc   0x0000001c   Code   RO         9134    i.nrf_pwr_mgmt_timeout_handler  nrf_pwr_mgmt.o
    0x0002c4f8   0x0002c4f8   0x0000009c   Code   RO         9212    i.nrf_queue_generic_pop  nrf_queue.o
    0x0002c594   0x0002c594   0x00000016   Code   RO         9214    i.nrf_queue_is_empty  nrf_queue.o
    0x0002c5aa   0x0002c5aa   0x00000020   Code   RO         9215    i.nrf_queue_is_full  nrf_queue.o
    0x0002c5ca   0x0002c5ca   0x00000010   Code   RO         9218    i.nrf_queue_next_idx  nrf_queue.o
    0x0002c5da   0x0002c5da   0x000000cc   Code   RO         9220    i.nrf_queue_push    nrf_queue.o
    0x0002c6a6   0x0002c6a6   0x00000010   Code   RO          765    i.nrf_qwr_error_handler  psyonic_ble.o
    0x0002c6b6   0x0002c6b6   0x00000002   PAD
    0x0002c6b8   0x0002c6b8   0x00000010   Code   RO         5531    i.nrf_saadc_buffer_init  nrfx_saadc.o
    0x0002c6c8   0x0002c6c8   0x00000014   Code   RO         5533    i.nrf_saadc_event_check  nrfx_saadc.o
    0x0002c6dc   0x0002c6dc   0x00000018   Code   RO         5534    i.nrf_saadc_event_clear  nrfx_saadc.o
    0x0002c6f4   0x0002c6f4   0x0000000c   Code   RO         5538    i.nrf_saadc_task_trigger  nrfx_saadc.o
    0x0002c700   0x0002c700   0x00000018   Code   RO        10101    i.nrf_sdh_ble_app_ram_start_get  nrf_sdh_ble.o
    0x0002c718   0x0002c718   0x000000bc   Code   RO        10102    i.nrf_sdh_ble_default_cfg_set  nrf_sdh_ble.o
    0x0002c7d4   0x0002c7d4   0x00000024   Code   RO        10103    i.nrf_sdh_ble_enable  nrf_sdh_ble.o
    0x0002c7f8   0x0002c7f8   0x00000074   Code   RO        10104    i.nrf_sdh_ble_evts_poll  nrf_sdh_ble.o
    0x0002c86c   0x0002c86c   0x00000064   Code   RO         9977    i.nrf_sdh_disable_request  nrf_sdh.o
    0x0002c8d0   0x0002c8d0   0x00000084   Code   RO         9978    i.nrf_sdh_enable_request  nrf_sdh.o
    0x0002c954   0x0002c954   0x00000030   Code   RO         9979    i.nrf_sdh_evts_poll  nrf_sdh.o
    0x0002c984   0x0002c984   0x0000000c   Code   RO         9980    i.nrf_sdh_is_enabled  nrf_sdh.o
    0x0002c990   0x0002c990   0x00000028   Code   RO         9982    i.nrf_sdh_request_continue  nrf_sdh.o
    0x0002c9b8   0x0002c9b8   0x00000054   Code   RO        10160    i.nrf_sdh_soc_evts_poll  nrf_sdh_soc.o
    0x0002ca0c   0x0002ca0c   0x00000006   Code   RO         9985    i.nrf_section_iter_get  nrf_sdh.o
    0x0002ca12   0x0002ca12   0x00000014   Code   RO         9391    i.nrf_section_iter_init  nrf_section_iter.o
    0x0002ca26   0x0002ca26   0x0000002e   Code   RO         9392    i.nrf_section_iter_item_set  nrf_section_iter.o
    0x0002ca54   0x0002ca54   0x0000002e   Code   RO         9393    i.nrf_section_iter_next  nrf_section_iter.o
    0x0002ca82   0x0002ca82   0x00000002   PAD
    0x0002ca84   0x0002ca84   0x0000003c   Code   RO         9469    i.nrf_spi_mngr_init  nrf_spi_mngr.o
    0x0002cac0   0x0002cac0   0x0000001c   Code   RO         9471    i.nrf_spi_mngr_schedule  nrf_spi_mngr.o
    0x0002cadc   0x0002cadc   0x0000000e   Code   RO         6962    i.nrf_spim_event_check  nrfx_spim.o
    0x0002caea   0x0002caea   0x0000000e   Code   RO         6963    i.nrf_spim_event_clear  nrfx_spim.o
    0x0002caf8   0x0002caf8   0x00000006   Code   RO         6964    i.nrf_spim_int_disable  nrfx_spim.o
    0x0002cafe   0x0002cafe   0x00000006   Code   RO         6965    i.nrf_spim_int_enable  nrfx_spim.o
    0x0002cb04   0x0002cb04   0x00000006   Code   RO         6966    i.nrf_spim_task_trigger  nrfx_spim.o
    0x0002cb0a   0x0002cb0a   0x0000000e   Code   RO         5338    i.nrf_timer_compare_event_get  nrfx_timer.o
    0x0002cb18   0x0002cb18   0x0000000a   Code   RO         5339    i.nrf_timer_compare_int_get  nrfx_timer.o
    0x0002cb22   0x0002cb22   0x0000000e   Code   RO         5340    i.nrf_timer_event_clear  nrfx_timer.o
    0x0002cb30   0x0002cb30   0x00000014   Code   RO         5840    i.nrfx_clock_enable  nrfx_clock.o
    0x0002cb44   0x0002cb44   0x00000024   Code   RO         5843    i.nrfx_clock_init   nrfx_clock.o
    0x0002cb68   0x0002cb68   0x00000020   Code   RO         5846    i.nrfx_clock_lfclk_stop  nrfx_clock.o
    0x0002cb88   0x0002cb88   0x00000018   Code   RO         7512    i.nrfx_coredep_delay_us  app_timer.o
    0x0002cba0   0x0002cba0   0x00000008   Code   RO         5848    i.nrfx_get_irq_number  nrfx_clock.o
    0x0002cba8   0x0002cba8   0x00000008   Code   RO         6834    i.nrfx_get_irq_number  nrfx_pwm.o
    0x0002cbb0   0x0002cbb0   0x00000008   Code   RO         6967    i.nrfx_get_irq_number  nrfx_spim.o
    0x0002cbb8   0x0002cbb8   0x00000014   Code   RO         6968    i.nrfx_is_in_ram    nrfx_spim.o
    0x0002cbcc   0x0002cbcc   0x000000a4   Code   RO         5849    i.nrfx_power_clock_irq_init  nrfx_clock.o
    0x0002cc70   0x0002cc70   0x0000004e   Code   RO         6303    i.nrfx_prs_acquire  nrfx_prs.o
    0x0002ccbe   0x0002ccbe   0x00000016   Code   RO         6304    i.nrfx_prs_release  nrfx_prs.o
    0x0002ccd4   0x0002ccd4   0x00000108   Code   RO         6836    i.nrfx_pwm_init     nrfx_pwm.o
    0x0002cddc   0x0002cddc   0x00000084   Code   RO         6838    i.nrfx_pwm_simple_playback  nrfx_pwm.o
    0x0002ce60   0x0002ce60   0x000001cc   Code   RO         6971    i.nrfx_spim_init    nrfx_spim.o
    0x0002d02c   0x0002d02c   0x000000ac   Code   RO         6973    i.nrfx_spim_uninit  nrfx_spim.o
    0x0002d0d8   0x0002d0d8   0x0000006c   Code   RO         6974    i.nrfx_spim_xfer    nrfx_spim.o
    0x0002d144   0x0002d144   0x0000000c   Code   RO          766    i.nus_data_handler  psyonic_ble.o
    0x0002d150   0x0002d150   0x0000002e   Code   RO          767    i.on_adv_evt        psyonic_ble.o
    0x0002d17e   0x0002d17e   0x00000002   PAD
    0x0002d180   0x0002d180   0x0000002c   Code   RO          768    i.on_conn_params_evt  psyonic_ble.o
    0x0002d1ac   0x0002d1ac   0x00000030   Code   RO         2629    i.on_conn_params_update  ble_conn_params.o
    0x0002d1dc   0x0002d1dc   0x00000070   Code   RO         2630    i.on_connect        ble_conn_params.o
    0x0002d24c   0x0002d24c   0x00000074   Code   RO         4854    i.on_connect        ble_nus.o
    0x0002d2c0   0x0002d2c0   0x0000000c   Code   RO         4915    i.on_connect        ble_dfu.o
    0x0002d2cc   0x0002d2cc   0x0000000e   Code   RO         2481    i.on_connected      ble_advertising.o
    0x0002d2da   0x0002d2da   0x00000066   Code   RO         3470    i.on_connected_evt  nrf_ble_gatt.o
    0x0002d340   0x0002d340   0x00000058   Code   RO         4916    i.on_ctrlpt_write   ble_dfu.o
    0x0002d398   0x0002d398   0x00000054   Code   RO         3471    i.on_data_length_update_evt  nrf_ble_gatt.o
    0x0002d3ec   0x0002d3ec   0x00000030   Code   RO         3472    i.on_data_length_update_request_evt  nrf_ble_gatt.o
    0x0002d41c   0x0002d41c   0x00000032   Code   RO         2631    i.on_disconnect     ble_conn_params.o
    0x0002d44e   0x0002d44e   0x00000002   PAD
    0x0002d450   0x0002d450   0x0000001c   Code   RO         4917    i.on_disconnect     ble_dfu.o
    0x0002d46c   0x0002d46c   0x00000032   Code   RO         2482    i.on_disconnected   ble_advertising.o
    0x0002d49e   0x0002d49e   0x00000014   Code   RO         3473    i.on_disconnected_evt  nrf_ble_gatt.o
    0x0002d4b2   0x0002d4b2   0x00000002   PAD
    0x0002d4b4   0x0002d4b4   0x0000006c   Code   RO         3474    i.on_exchange_mtu_request_evt  nrf_ble_gatt.o
    0x0002d520   0x0002d520   0x00000064   Code   RO         3475    i.on_exchange_mtu_rsp_evt  nrf_ble_gatt.o
    0x0002d584   0x0002d584   0x0000002c   Code   RO         4918    i.on_hvc            ble_dfu.o
    0x0002d5b0   0x0002d5b0   0x00000044   Code   RO         4855    i.on_hvx_tx_complete  ble_nus.o
    0x0002d5f4   0x0002d5f4   0x00000024   Code   RO         8918    i.on_operation_failure  nrf_fstorage_sd.o
    0x0002d618   0x0002d618   0x0000005c   Code   RO         8919    i.on_operation_success  nrf_fstorage_sd.o
    0x0002d674   0x0002d674   0x00000044   Code   RO         4919    i.on_rw_authorize_req  ble_dfu.o
    0x0002d6b8   0x0002d6b8   0x0000006a   Code   RO         3581    i.on_rw_authorize_request  nrf_ble_qwr.o
    0x0002d722   0x0002d722   0x00000040   Code   RO         2483    i.on_terminated     ble_advertising.o
    0x0002d762   0x0002d762   0x00000002   Code   RO         3582    i.on_user_mem_release  nrf_ble_qwr.o
    0x0002d764   0x0002d764   0x00000020   Code   RO         3583    i.on_user_mem_request  nrf_ble_qwr.o
    0x0002d784   0x0002d784   0x00000058   Code   RO         2632    i.on_write          ble_conn_params.o
    0x0002d7dc   0x0002d7dc   0x00000094   Code   RO         4856    i.on_write          ble_nus.o
    0x0002d870   0x0002d870   0x0000002c   Code   RO         4920    i.on_write          ble_dfu.o
    0x0002d89c   0x0002d89c   0x00000044   Code   RO         7954    i.page_from_record  fds.o
    0x0002d8e0   0x0002d8e0   0x00000034   Code   RO         7955    i.page_has_space    fds.o
    0x0002d914   0x0002d914   0x00000030   Code   RO         7956    i.page_identify     fds.o
    0x0002d944   0x0002d944   0x0000001e   Code   RO         7957    i.page_is_erased    fds.o
    0x0002d962   0x0002d962   0x0000001c   Code   RO         7958    i.page_offsets_update  fds.o
    0x0002d97e   0x0002d97e   0x00000002   PAD
    0x0002d980   0x0002d980   0x00000078   Code   RO         7959    i.page_scan         fds.o
    0x0002d9f8   0x0002d9f8   0x00000020   Code   RO         7960    i.page_tag_write_data  fds.o
    0x0002da18   0x0002da18   0x00000024   Code   RO         7961    i.page_tag_write_swap  fds.o
    0x0002da3c   0x0002da3c   0x0000016c   Code   RO         7962    i.pages_init        fds.o
    0x0002dba8   0x0002dba8   0x00000014   Code   RO         4518    i.pairing           security_dispatcher.o
    0x0002dbbc   0x0002dbbc   0x00000054   Code   RO         4519    i.pairing_failure   security_dispatcher.o
    0x0002dc10   0x0002dc10   0x00000034   Code   RO         4520    i.pairing_success_evt_send  security_dispatcher.o
    0x0002dc44   0x0002dc44   0x00000010   Code   RO         4700    i.params_reply_pending_handle  security_manager.o
    0x0002dc54   0x0002dc54   0x0000002c   Code   RO         4701    i.params_req_send   security_manager.o
    0x0002dc80   0x0002dc80   0x00000020   Code   RO         3809    i.pdb_evt_send      peer_database.o
    0x0002dca0   0x0002dca0   0x00000040   Code   RO         3810    i.pdb_init          peer_database.o
    0x0002dce0   0x0002dce0   0x0000006c   Code   RO         3811    i.pdb_pds_evt_handler  peer_database.o
    0x0002dd4c   0x0002dd4c   0x00000016   Code   RO         3812    i.pdb_peer_data_ptr_get  peer_database.o
    0x0002dd62   0x0002dd62   0x00000052   Code   RO         3813    i.pdb_peer_free     peer_database.o
    0x0002ddb4   0x0002ddb4   0x000000cc   Code   RO         3814    i.pdb_write_buf_get  peer_database.o
    0x0002de80   0x0002de80   0x00000020   Code   RO         3815    i.pdb_write_buf_release  peer_database.o
    0x0002dea0   0x0002dea0   0x00000044   Code   RO         3816    i.pdb_write_buf_store  peer_database.o
    0x0002dee4   0x0002dee4   0x00000024   Code   RO         3640    i.pds_evt_send      peer_data_storage.o
    0x0002df08   0x0002df08   0x00000038   Code   RO         3641    i.pds_init          peer_data_storage.o
    0x0002df40   0x0002df40   0x0000000c   Code   RO         3642    i.pds_next_deleted_peer_id_get  peer_data_storage.o
    0x0002df4c   0x0002df4c   0x0000000c   Code   RO         3643    i.pds_next_peer_id_get  peer_data_storage.o
    0x0002df58   0x0002df58   0x0000006c   Code   RO         3646    i.pds_peer_data_iterate  peer_data_storage.o
    0x0002dfc4   0x0002dfc4   0x00000010   Code   RO         3647    i.pds_peer_data_iterate_prepare  peer_data_storage.o
    0x0002dfd4   0x0002dfd4   0x0000009a   Code   RO         3648    i.pds_peer_data_read  peer_data_storage.o
    0x0002e06e   0x0002e06e   0x00000096   Code   RO         3649    i.pds_peer_data_store  peer_data_storage.o
    0x0002e104   0x0002e104   0x0000000c   Code   RO         3650    i.pds_peer_id_allocate  peer_data_storage.o
    0x0002e110   0x0002e110   0x0000001e   Code   RO         3651    i.pds_peer_id_free  peer_data_storage.o
    0x0002e12e   0x0002e12e   0x0000000c   Code   RO         3652    i.pds_peer_id_is_allocated  peer_data_storage.o
    0x0002e13a   0x0002e13a   0x0000001c   Code   RO         3817    i.peer_data_const_point_to_buffer  peer_database.o
    0x0002e156   0x0002e156   0x00000002   PAD
    0x0002e158   0x0002e158   0x0000007c   Code   RO         3654    i.peer_data_delete_process  peer_data_storage.o
    0x0002e1d4   0x0002e1d4   0x00000040   Code   RO         3655    i.peer_data_find    peer_data_storage.o
    0x0002e214   0x0002e214   0x00000026   Code   RO         3656    i.peer_data_id_is_valid  peer_data_storage.o
    0x0002e23a   0x0002e23a   0x0000000a   Code   RO         3657    i.peer_data_id_to_record_key  peer_data_storage.o
    0x0002e244   0x0002e244   0x0000001a   Code   RO         3818    i.peer_data_point_to_buffer  peer_database.o
    0x0002e25e   0x0002e25e   0x00000002   PAD
    0x0002e260   0x0002e260   0x00000014   Code   RO         3961    i.peer_id_allocate  peer_id.o
    0x0002e274   0x0002e274   0x0000002c   Code   RO         3962    i.peer_id_delete    peer_id.o
    0x0002e2a0   0x0002e2a0   0x0000001c   Code   RO         3963    i.peer_id_free      peer_id.o
    0x0002e2bc   0x0002e2bc   0x00000014   Code   RO         3964    i.peer_id_get_next_deleted  peer_id.o
    0x0002e2d0   0x0002e2d0   0x00000038   Code   RO         3965    i.peer_id_get_next_used  peer_id.o
    0x0002e308   0x0002e308   0x00000010   Code   RO         3966    i.peer_id_init      peer_id.o
    0x0002e318   0x0002e318   0x0000001c   Code   RO         3967    i.peer_id_is_allocated  peer_id.o
    0x0002e334   0x0002e334   0x0000001c   Code   RO         3968    i.peer_id_is_deleted  peer_id.o
    0x0002e350   0x0002e350   0x0000000a   Code   RO         3658    i.peer_id_to_file_id  peer_data_storage.o
    0x0002e35a   0x0002e35a   0x00000046   Code   RO         3659    i.peer_ids_load     peer_data_storage.o
    0x0002e3a0   0x0002e3a0   0x000000ec   Code   RO         1279    i.peer_manager_init  psyonic_buttonless_dfu.o
    0x0002e48c   0x0002e48c   0x00000016   Code   RO         2484    i.phy_is_valid      ble_advertising.o
    0x0002e4a2   0x0002e4a2   0x00000062   Code   RO         4451    i.pm_buffer_block_acquire  pm_buffer.o
    0x0002e504   0x0002e504   0x0000002a   Code   RO         4452    i.pm_buffer_init    pm_buffer.o
    0x0002e52e   0x0002e52e   0x00000030   Code   RO         4453    i.pm_buffer_ptr_get  pm_buffer.o
    0x0002e55e   0x0002e55e   0x00000028   Code   RO         4454    i.pm_buffer_release  pm_buffer.o
    0x0002e586   0x0002e586   0x00000002   PAD
    0x0002e588   0x0002e588   0x00000080   Code   RO         4061    i.pm_conn_sec_status_get  peer_manager.o
    0x0002e608   0x0002e608   0x0000002c   Code   RO         4062    i.pm_conn_secure    peer_manager.o
    0x0002e634   0x0002e634   0x00000012   Code   RO         1280    i.pm_evt_handler    psyonic_buttonless_dfu.o
    0x0002e646   0x0002e646   0x0000000c   Code   RO         4064    i.pm_gcm_evt_handler  peer_manager.o
    0x0002e652   0x0002e652   0x0000000c   Code   RO         4065    i.pm_gscm_evt_handler  peer_manager.o
    0x0002e65e   0x0002e65e   0x00000002   PAD
    0x0002e660   0x0002e660   0x000001cc   Code   RO         4368    i.pm_handler_flash_clean  peer_manager_handler.o
    0x0002e82c   0x0002e82c   0x0000001c   Code   RO         4369    i.pm_handler_flash_clean_on_return  peer_manager_handler.o
    0x0002e848   0x0002e848   0x00000032   Code   RO         4370    i.pm_handler_on_pm_evt  peer_manager_handler.o
    0x0002e87a   0x0002e87a   0x00000050   Code   RO         4371    i.pm_handler_pm_evt_log  peer_manager_handler.o
    0x0002e8ca   0x0002e8ca   0x0000000c   Code   RO         4068    i.pm_im_evt_handler  peer_manager.o
    0x0002e8d6   0x0002e8d6   0x00000002   PAD
    0x0002e8d8   0x0002e8d8   0x00000068   Code   RO         4069    i.pm_init           peer_manager.o
    0x0002e940   0x0002e940   0x00000184   Code   RO         4073    i.pm_pdb_evt_handler  peer_manager.o
    0x0002eac4   0x0002eac4   0x00000020   Code   RO         4084    i.pm_peer_delete    peer_manager.o
    0x0002eae4   0x0002eae4   0x000000dc   Code   RO         4088    i.pm_peer_rank_highest  peer_manager.o
    0x0002ebc0   0x0002ebc0   0x000000dc   Code   RO         4089    i.pm_peer_ranks_get  peer_manager.o
    0x0002ec9c   0x0002ec9c   0x00000040   Code   RO         4093    i.pm_register       peer_manager.o
    0x0002ecdc   0x0002ecdc   0x00000024   Code   RO         4094    i.pm_sec_params_set  peer_manager.o
    0x0002ed00   0x0002ed00   0x00000016   Code   RO         4095    i.pm_sm_evt_handler  peer_manager.o
    0x0002ed16   0x0002ed16   0x0000001c   Code   RO          769    i.power_management_init  psyonic_ble.o
    0x0002ed32   0x0002ed32   0x00000002   PAD
    0x0002ed34   0x0002ed34   0x00000018   Code   RO         6305    i.prs_box_get       nrfx_prs.o
    0x0002ed4c   0x0002ed4c   0x00000020   Code   RO         7963    i.queue_buf_get     fds.o
    0x0002ed6c   0x0002ed6c   0x00000014   Code   RO         7964    i.queue_buf_store   fds.o
    0x0002ed80   0x0002ed80   0x00000014   Code   RO         7965    i.queue_free        fds.o
    0x0002ed94   0x0002ed94   0x00000018   Code   RO         8920    i.queue_free        nrf_fstorage_sd.o
    0x0002edac   0x0002edac   0x00000018   Code   RO         7966    i.queue_has_next    fds.o
    0x0002edc4   0x0002edc4   0x0000001c   Code   RO         7967    i.queue_init        fds.o
    0x0002ede0   0x0002ede0   0x00000014   Code   RO         7968    i.queue_load        fds.o
    0x0002edf4   0x0002edf4   0x0000002c   Code   RO         8921    i.queue_load_next   nrf_fstorage_sd.o
    0x0002ee20   0x0002ee20   0x000000c0   Code   RO         7969    i.queue_process     fds.o
    0x0002eee0   0x0002eee0   0x00000090   Code   RO         8922    i.queue_process     nrf_fstorage_sd.o
    0x0002ef70   0x0002ef70   0x00000018   Code   RO         7970    i.queue_start       fds.o
    0x0002ef88   0x0002ef88   0x0000001c   Code   RO         8923    i.queue_start       nrf_fstorage_sd.o
    0x0002efa4   0x0002efa4   0x0000001c   Code   RO         9226    i.queue_utilization_get  nrf_queue.o
    0x0002efc0   0x0002efc0   0x0000001c   Code   RO         4374    i.rank_highest      peer_manager_handler.o
    0x0002efdc   0x0002efdc   0x00000008   Code   RO         4098    i.rank_init         peer_manager.o
    0x0002efe4   0x0002efe4   0x00000030   Code   RO         4099    i.rank_vars_update  peer_manager.o
    0x0002f014   0x0002f014   0x0000001c   Code   RO         8924    i.read              nrf_fstorage_sd.o
    0x0002f030   0x0002f030   0x00000078   Code   RO         3819    i.reattempt_previous_operations  peer_database.o
    0x0002f0a8   0x0002f0a8   0x00000028   Code   RO         2749    i.record_activate   ble_conn_state.o
    0x0002f0d0   0x0002f0d0   0x0000008c   Code   RO         7971    i.record_find       fds.o
    0x0002f15c   0x0002f15c   0x0000003a   Code   RO         7972    i.record_find_and_delete  fds.o
    0x0002f196   0x0002f196   0x00000002   PAD
    0x0002f198   0x0002f198   0x0000007c   Code   RO         7973    i.record_find_by_desc  fds.o
    0x0002f214   0x0002f214   0x00000078   Code   RO         7974    i.record_find_next  fds.o
    0x0002f28c   0x0002f28c   0x0000003c   Code   RO         7975    i.record_header_flag_dirty  fds.o
    0x0002f2c8   0x0002f2c8   0x0000002c   Code   RO         7976    i.record_header_write_begin  fds.o
    0x0002f2f4   0x0002f2f4   0x00000038   Code   RO         7977    i.record_header_write_finalize  fds.o
    0x0002f32c   0x0002f32c   0x00000038   Code   RO         7978    i.record_header_write_id  fds.o
    0x0002f364   0x0002f364   0x00000010   Code   RO         7979    i.record_id_new     fds.o
    0x0002f374   0x0002f374   0x00000020   Code   RO         2750    i.record_invalidate  ble_conn_state.o
    0x0002f394   0x0002f394   0x00000006   Code   RO         3660    i.record_key_to_peer_data_id  peer_data_storage.o
    0x0002f39a   0x0002f39a   0x00000018   Code   RO         3661    i.record_key_within_pm_range  peer_data_storage.o
    0x0002f3b2   0x0002f3b2   0x00000002   PAD
    0x0002f3b4   0x0002f3b4   0x00000048   Code   RO         2751    i.record_purge_disconnected  ble_conn_state.o
    0x0002f3fc   0x0002f3fc   0x00000014   Code   RO         2752    i.record_set_disconnected  ble_conn_state.o
    0x0002f410   0x0002f410   0x00000030   Code   RO         7980    i.record_write_data  fds.o
    0x0002f440   0x0002f440   0x00000014   Code   RO         3970    i.release           peer_id.o
    0x0002f454   0x0002f454   0x00000006   Code   RO         8925    i.rmap              nrf_fstorage_sd.o
    0x0002f45a   0x0002f45a   0x00000002   PAD
    0x0002f45c   0x0002f45c   0x0000000c   Code   RO         7513    i.rtc1_compare0_set  app_timer.o
    0x0002f468   0x0002f468   0x0000000c   Code   RO         7514    i.rtc1_counter_get  app_timer.o
    0x0002f474   0x0002f474   0x00000018   Code   RO         7515    i.rtc1_init         app_timer.o
    0x0002f48c   0x0002f48c   0x0000003c   Code   RO         7516    i.rtc1_start        app_timer.o
    0x0002f4c8   0x0002f4c8   0x00000058   Code   RO         7517    i.rtc1_stop         app_timer.o
    0x0002f520   0x0002f520   0x00000020   Code   RO         3023    i.sc_send_pending_handle  gatt_cache_manager.o
    0x0002f540   0x0002f540   0x00000098   Code   RO         9986    i.sd_nvic_EnableIRQ  nrf_sdh.o
    0x0002f5d8   0x0002f5d8   0x00000068   Code   RO         7819    i.sd_nvic_critical_region_enter  app_util_platform.o
    0x0002f640   0x0002f640   0x00000068   Code   RO         5103    i.sd_state_evt_handler  nrf_drv_clock.o
    0x0002f6a8   0x0002f6a8   0x0000003c   Code   RO         9987    i.sdh_request_observer_notify  nrf_sdh.o
    0x0002f6e4   0x0002f6e4   0x00000034   Code   RO         9988    i.sdh_state_observer_notify  nrf_sdh.o
    0x0002f718   0x0002f718   0x000000b0   Code   RO         4521    i.sec_info_request_process  security_dispatcher.o
    0x0002f7c8   0x0002f7c8   0x00000074   Code   RO         4522    i.sec_keyset_fill   security_dispatcher.o
    0x0002f83c   0x0002f83c   0x00000030   Code   RO         4523    i.sec_params_request_process  security_dispatcher.o
    0x0002f86c   0x0002f86c   0x000000e8   Code   RO         4702    i.sec_params_verify  security_manager.o
    0x0002f954   0x0002f954   0x00000058   Code   RO         4524    i.sec_proc_start    security_dispatcher.o
    0x0002f9ac   0x0002f9ac   0x0000005c   Code   RO         4703    i.sec_req_process   security_manager.o
    0x0002fa08   0x0002fa08   0x00000028   Code   RO         4525    i.sec_start_send    security_dispatcher.o
    0x0002fa30   0x0002fa30   0x00000022   Code   RO         4526    i.send_config_req   security_dispatcher.o
    0x0002fa52   0x0002fa52   0x00000002   PAD
    0x0002fa54   0x0002fa54   0x00000018   Code   RO         2633    i.send_error_evt    ble_conn_params.o
    0x0002fa6c   0x0002fa6c   0x00000028   Code   RO         4527    i.send_params_req   security_dispatcher.o
    0x0002fa94   0x0002fa94   0x00000024   Code   RO         4528    i.send_storage_full_evt  security_dispatcher.o
    0x0002fab8   0x0002fab8   0x00000028   Code   RO         3024    i.send_unexpected_error  gatt_cache_manager.o
    0x0002fae0   0x0002fae0   0x0000002c   Code   RO         3662    i.send_unexpected_error  peer_data_storage.o
    0x0002fb0c   0x0002fb0c   0x00000028   Code   RO         4529    i.send_unexpected_error  security_dispatcher.o
    0x0002fb34   0x0002fb34   0x00000024   Code   RO         2634    i.send_update_request  ble_conn_params.o
    0x0002fb58   0x0002fb58   0x0000007c   Code   RO         3025    i.service_changed_cccd  gatt_cache_manager.o
    0x0002fbd4   0x0002fbd4   0x00000020   Code   RO         3026    i.service_changed_needed  gatt_cache_manager.o
    0x0002fbf4   0x0002fbf4   0x00000018   Code   RO         3027    i.service_changed_pending_flags_check  gatt_cache_manager.o
    0x0002fc0c   0x0002fc0c   0x0000007c   Code   RO         3206    i.service_changed_pending_set  gatts_cache_manager.o
    0x0002fc88   0x0002fc88   0x000000bc   Code   RO         3028    i.service_changed_send_in_evt  gatt_cache_manager.o
    0x0002fd44   0x0002fd44   0x00000096   Code   RO         2350    i.service_data_encode  ble_advdata.o
    0x0002fdda   0x0002fdda   0x00000002   PAD
    0x0002fddc   0x0002fddc   0x0000005c   Code   RO          770    i.services_init     psyonic_ble.o
    0x0002fe38   0x0002fe38   0x00000030   Code   RO         2485    i.set_adv_mode_directed  ble_advertising.o
    0x0002fe68   0x0002fe68   0x00000024   Code   RO         2486    i.set_adv_mode_directed_high_duty  ble_advertising.o
    0x0002fe8c   0x0002fe8c   0x0000005c   Code   RO         2487    i.set_adv_mode_fast  ble_advertising.o
    0x0002fee8   0x0002fee8   0x0000005c   Code   RO         2488    i.set_adv_mode_slow  ble_advertising.o
    0x0002ff44   0x0002ff44   0x0000003c   Code   RO         5022    i.set_adv_name      ble_dfu_unbonded.o
    0x0002ff80   0x0002ff80   0x0000022c   Code   RO         1357    i.set_grasp         grips.o
    0x000301ac   0x000301ac   0x000000be   Code   RO         2944    i.set_security_req  ble_srv_common.o
    0x0003026a   0x0003026a   0x00000002   PAD
    0x0003026c   0x0003026c   0x000000b4   Code   RO         9135    i.shutdown_process  nrf_pwr_mgmt.o
    0x00030320   0x00030320   0x00000006   Code   RO         1198    i.sleep             system.o
    0x00030326   0x00030326   0x00000002   PAD
    0x00030328   0x00030328   0x00000034   Code   RO         4704    i.sm_ble_evt_handler  security_manager.o
    0x0003035c   0x0003035c   0x00000044   Code   RO         4706    i.sm_init           security_manager.o
    0x000303a0   0x000303a0   0x00000018   Code   RO         4708    i.sm_link_secure    security_manager.o
    0x000303b8   0x000303b8   0x00000058   Code   RO         4709    i.sm_pdb_evt_handler  security_manager.o
    0x00030410   0x00030410   0x00000048   Code   RO         4711    i.sm_sec_params_set  security_manager.o
    0x00030458   0x00030458   0x00000032   Code   RO         4712    i.sm_smd_evt_handler  security_manager.o
    0x0003048a   0x0003048a   0x0000004c   Code   RO         4530    i.smd_ble_evt_handler  security_dispatcher.o
    0x000304d6   0x000304d6   0x00000002   PAD
    0x000304d8   0x000304d8   0x0000005c   Code   RO         4532    i.smd_init          security_dispatcher.o
    0x00030534   0x00030534   0x00000028   Code   RO         4533    i.smd_link_secure   security_dispatcher.o
    0x0003055c   0x0003055c   0x000000c0   Code   RO         4534    i.smd_params_reply  security_dispatcher.o
    0x0003061c   0x0003061c   0x00000040   Code   RO         4713    i.smd_params_reply_perform  security_manager.o
    0x0003065c   0x0003065c   0x0000001c   Code   RO         5104    i.soc_evt_handler   nrf_drv_clock.o
    0x00030678   0x00030678   0x0000006c   Code   RO         9989    i.softdevice_evt_irq_disable  nrf_sdh.o
    0x000306e4   0x000306e4   0x0000001e   Code   RO         9990    i.softdevices_evt_irq_enable  nrf_sdh.o
    0x00030702   0x00030702   0x00000048   Code   RO         9473    i.spi_event_handler  nrf_spi_mngr.o
    0x0003074a   0x0003074a   0x00000002   PAD
    0x0003074c   0x0003074c   0x00000040   Code   RO         5243    i.spim_evt_handler  nrf_drv_spi.o
    0x0003078c   0x0003078c   0x0000010e   Code   RO         6975    i.spim_xfer         nrfx_spim.o
    0x0003089a   0x0003089a   0x00000002   PAD
    0x0003089c   0x0003089c   0x000000b8   Code   RO         9475    i.start_pending_transaction  nrf_spi_mngr.o
    0x00030954   0x00030954   0x0000006a   Code   RO         6841    i.start_playback    nrfx_pwm.o
    0x000309be   0x000309be   0x00000052   Code   RO         9476    i.start_transfer    nrf_spi_mngr.o
    0x00030a10   0x00030a10   0x0000004c   Code   RO         3029    i.store_car_value   gatt_cache_manager.o
    0x00030a5c   0x00030a5c   0x0000000a   Code   RO         7518    i.ticks_diff_get    app_timer.o
    0x00030a66   0x00030a66   0x0000000c   Code   RO         7519    i.timeout_handler_exec  app_timer.o
    0x00030a72   0x00030a72   0x00000002   PAD
    0x00030a74   0x00030a74   0x00000050   Code   RO         7520    i.timer_list_handler  app_timer.o
    0x00030ac4   0x00030ac4   0x0000000a   Code   RO         7521    i.timer_list_handler_sched  app_timer.o
    0x00030ace   0x00030ace   0x00000002   PAD
    0x00030ad0   0x00030ad0   0x00000068   Code   RO         7522    i.timer_list_insert  app_timer.o
    0x00030b38   0x00030b38   0x00000088   Code   RO         7523    i.timer_list_remove  app_timer.o
    0x00030bc0   0x00030bc0   0x0000005e   Code   RO         7524    i.timer_start_op_schedule  app_timer.o
    0x00030c1e   0x00030c1e   0x00000042   Code   RO         7525    i.timer_stop_op_schedule  app_timer.o
    0x00030c60   0x00030c60   0x00000098   Code   RO         7526    i.timer_timeouts_check  app_timer.o
    0x00030cf8   0x00030cf8   0x0000000a   Code   RO         7527    i.timer_timeouts_check_sched  app_timer.o
    0x00030d02   0x00030d02   0x0000001c   Code   RO         1200    i.timers_init       system.o
    0x00030d1e   0x00030d1e   0x00000018   Code   RO         9477    i.transaction_begin_signal  nrf_spi_mngr.o
    0x00030d36   0x00030d36   0x00000020   Code   RO         9478    i.transaction_end_signal  nrf_spi_mngr.o
    0x00030d56   0x00030d56   0x00000036   Code   RO         2351    i.tx_power_level_encode  ble_advdata.o
    0x00030d8c   0x00030d8c   0x0000000c   Code   RO         2945    i.uint16_decode     ble_srv_common.o
    0x00030d98   0x00030d98   0x0000000c   Code   RO         2352    i.uint16_encode     ble_advdata.o
    0x00030da4   0x00030da4   0x00000024   Code   RO         8926    i.uninit            nrf_fstorage_sd.o
    0x00030dc8   0x00030dc8   0x00000034   Code   RO         3030    i.update_pending_flags_check  gatt_cache_manager.o
    0x00030dfc   0x00030dfc   0x00000074   Code   RO         2635    i.update_timeout_handler  ble_conn_params.o
    0x00030e70   0x00030e70   0x0000001e   Code   RO         2489    i.use_whitelist     ble_advertising.o
    0x00030e8e   0x00030e8e   0x00000002   PAD
    0x00030e90   0x00030e90   0x00000014   Code   RO         2753    i.user_flag_is_acquired  ble_conn_state.o
    0x00030ea4   0x00030ea4   0x0000002c   Code   RO         3584    i.user_mem_reply    nrf_ble_qwr.o
    0x00030ed0   0x00030ed0   0x0000003c   Code   RO         7528    i.user_op_alloc     app_timer.o
    0x00030f0c   0x00030f0c   0x0000000c   Code   RO         7529    i.user_op_enque     app_timer.o
    0x00030f18   0x00030f18   0x0000004e   Code   RO         2353    i.uuid_list_encode  ble_advdata.o
    0x00030f66   0x00030f66   0x000000d6   Code   RO         2354    i.uuid_list_sized_encode  ble_advdata.o
    0x0003103c   0x0003103c   0x00000008   Code   RO         2490    i.whitelist_has_entries  ble_advertising.o
    0x00031044   0x00031044   0x00000006   Code   RO         8927    i.wmap              nrf_fstorage_sd.o
    0x0003104a   0x0003104a   0x00000002   PAD
    0x0003104c   0x0003104c   0x00000054   Code   RO         8928    i.write             nrf_fstorage_sd.o
    0x000310a0   0x000310a0   0x00000038   Code   RO         3820    i.write_buf_length_words_set  peer_database.o
    0x000310d8   0x000310d8   0x000000ac   Code   RO         3821    i.write_buf_store   peer_database.o
    0x00031184   0x00031184   0x00000048   Code   RO         3822    i.write_buf_store_in_event  peer_database.o
    0x000311cc   0x000311cc   0x00000024   Code   RO         3823    i.write_buffer_record_acquire  peer_database.o
    0x000311f0   0x000311f0   0x0000004c   Code   RO         3824    i.write_buffer_record_find  peer_database.o
    0x0003123c   0x0003123c   0x00000034   Code   RO         3825    i.write_buffer_record_find_next  peer_database.o
    0x00031270   0x00031270   0x00000030   Code   RO         3826    i.write_buffer_record_find_stored  peer_database.o
    0x000312a0   0x000312a0   0x0000000e   Code   RO         3827    i.write_buffer_record_find_unused  peer_database.o
    0x000312ae   0x000312ae   0x00000024   Code   RO         3828    i.write_buffer_record_invalidate  peer_database.o
    0x000312d2   0x000312d2   0x00000002   PAD
    0x000312d4   0x000312d4   0x00000028   Code   RO         3829    i.write_buffer_record_release  peer_database.o
    0x000312fc   0x000312fc   0x000000e0   Code   RO         7982    i.write_enqueue     fds.o
    0x000313dc   0x000313dc   0x000000c4   Code   RO         7983    i.write_execute     fds.o
    0x000314a0   0x000314a0   0x00000054   Code   RO         8929    i.write_execute     nrf_fstorage_sd.o
    0x000314f4   0x000314f4   0x00000024   Code   RO         7984    i.write_space_free  fds.o
    0x00031518   0x00031518   0x00000078   Code   RO         7985    i.write_space_reserve  fds.o
    0x00031590   0x00031590   0x00000016   Data   RO          455    .constdata          main.o
    0x000315a6   0x000315a6   0x00000002   PAD
    0x000315a8   0x000315a8   0x0000000c   Data   RO          950    .constdata          pwm.o
    0x000315b4   0x000315b4   0x00000058   Data   RO         1044    .constdata          spi.o
    0x0003160c   0x0003160c   0x00000008   Data   RO         2040    .constdata          boards.o
    0x00031614   0x00031614   0x0000002c   Data   RO         2161    .constdata          bsp.o
    0x00031640   0x00031640   0x0000007c   Data   RO         3031    .constdata          gatt_cache_manager.o
    0x000316bc   0x000316bc   0x00000018   Data   RO         3207    .constdata          gatts_cache_manager.o
    0x000316d4   0x000316d4   0x00000008   Data   RO         3315    .constdata          id_manager.o
    0x000316dc   0x000316dc   0x00000016   Data   RO         3476    .constdata          nrf_ble_gatt.o
    0x000316f2   0x000316f2   0x00000002   PAD
    0x000316f4   0x000316f4   0x0000001c   Data   RO         3663    .constdata          peer_data_storage.o
    0x00031710   0x00031710   0x00000010   Data   RO         3831    .constdata          peer_database.o
    0x00031720   0x00031720   0x0000002c   Data   RO         4101    .constdata          peer_manager.o
    0x0003174c   0x0003174c   0x00000018   Data   RO         4375    .constdata          peer_manager_handler.o
    0x00031764   0x00031764   0x0000008c   Data   RO         4536    .constdata          security_dispatcher.o
    0x000317f0   0x000317f0   0x00000004   Data   RO         4714    .constdata          security_manager.o
    0x000317f4   0x000317f4   0x00000010   Data   RO         4857    .constdata          ble_nus.o
    0x00031804   0x00031804   0x00000010   Data   RO         4922    .constdata          ble_dfu.o
    0x00031814   0x00031814   0x00000010   Data   RO         5245    .constdata          nrf_drv_spi.o
    0x00031824   0x00031824   0x0000003e   Data   RO         6035    .constdata          nrfx_gpiote.o
    0x00031862   0x00031862   0x00000002   PAD
    0x00031864   0x00031864   0x0000002d   Data   RO         6977    .constdata          nrfx_spim.o
    0x00031891   0x00031891   0x0000000f   PAD
    0x000318a0   0x000318a0   0x00000006   Data   RO         7531    .constdata          app_timer.o
    0x000318a6   0x000318a6   0x00000002   PAD
    0x000318a8   0x000318a8   0x00000018   Data   RO         7987    .constdata          fds.o
    0x000318c0   0x000318c0   0x00000030   Data   RO         8931    .constdata          nrf_fstorage_sd.o
    0x000318f0   0x000318f0   0x00000028   Data   RO         9137    .constdata          nrf_pwr_mgmt.o
    0x00031918   0x00031918   0x00000058   Data   RO         9991    .constdata          nrf_sdh.o
    0x00031970   0x00031970   0x00000030   Data   RO        10106    .constdata          nrf_sdh_ble.o
    0x000319a0   0x000319a0   0x0000001c   Data   RO        10161    .constdata          nrf_sdh_soc.o
    0x000319bc   0x000319bc   0x00000387   Data   RO         4376    .conststring        peer_manager_handler.o
    0x00031d43   0x00031d43   0x00000001   PAD
    0x00031d44   0x00031d44   0x00000020   Data   RO        10328    Region$$Table       anon$$obj.o
    0x00031d64   0x00031d64   0x00000014   Data   RO         1046    nrf_queue           spi.o
    0x00031d78   0x00031d78   0x00000004   Data   RO         1281    pwr_mgmt_data0      psyonic_buttonless_dfu.o
    0x00031d7c   0x00031d7c   0x00000008   Data   RO         2755    sdh_ble_observers0  ble_conn_state.o
    0x00031d84   0x00031d84   0x00000010   Data   RO          774    sdh_ble_observers1  psyonic_ble.o
    0x00031d94   0x00031d94   0x00000008   Data   RO         2269    sdh_ble_observers1  bsp_btn_ble.o
    0x00031d9c   0x00031d9c   0x00000008   Data   RO         2638    sdh_ble_observers1  ble_conn_params.o
    0x00031da4   0x00031da4   0x00000008   Data   RO         4103    sdh_ble_observers1  peer_manager.o
    0x00031dac   0x00031dac   0x00000010   Data   RO          775    sdh_ble_observers2  psyonic_ble.o
    0x00031dbc   0x00031dbc   0x00000008   Data   RO         4923    sdh_ble_observers2  ble_dfu.o
    0x00031dc4   0x00031dc4   0x00000008   Data   RO          776    sdh_ble_observers3  psyonic_ble.o
    0x00031dcc   0x00031dcc   0x00000008   Data   RO         8933    sdh_req_observers0  nrf_fstorage_sd.o
    0x00031dd4   0x00031dd4   0x00000008   Data   RO         5107    sdh_soc_observers0  nrf_drv_clock.o
    0x00031ddc   0x00031ddc   0x00000008   Data   RO         8934    sdh_soc_observers0  nrf_fstorage_sd.o
    0x00031de4   0x00031de4   0x00000008   Data   RO          777    sdh_soc_observers1  psyonic_ble.o
    0x00031dec   0x00031dec   0x00000008   Data   RO         5025    sdh_soc_observers1  ble_dfu_unbonded.o
    0x00031df4   0x00031df4   0x00000008   Data   RO        10108    sdh_stack_observers0  nrf_sdh_ble.o
    0x00031dfc   0x00031dfc   0x00000008   Data   RO        10162    sdh_stack_observers0  nrf_sdh_soc.o
    0x00031e04   0x00031e04   0x00000008   Data   RO         1282    sdh_state_observers0  psyonic_buttonless_dfu.o
    0x00031e0c   0x00031e0c   0x00000008   Data   RO         5108    sdh_state_observers0  nrf_drv_clock.o
    0x00031e14   0x00031e14   0x00000008   Data   RO         8935    sdh_state_observers0  nrf_fstorage_sd.o


    Execution Region RW_IRAM1 (Exec base: 0x20002a98, Load base: 0x00031e1c, Size: 0x0000a780, Max: 0x00020000, ABSOLUTE, COMPRESSED[0x000000f0])

    Exec Addr    Load Addr    Size         Type   Attr      Idx    E Section Name        Object

    0x20002a98   COMPRESSED   0x00000008   Data   RW            7    .data               command_handling.o
    0x20002aa0   COMPRESSED   0x00000018   Data   RW          686    .data               gpio.o
    0x20002ab8   COMPRESSED   0x0000003c   Data   RW          773    .data               psyonic_ble.o
    0x20002af4   COMPRESSED   0x00000010   Data   RW          951    .data               pwm.o
    0x20002b04   COMPRESSED   0x0000006c   Data   RW         1045    .data               spi.o
    0x20002b70   COMPRESSED   0x0000001c   Data   RW         1360    .data               grips.o
    0x20002b8c   COMPRESSED   0x00000015   Data   RW         2162    .data               bsp.o
    0x20002ba1   COMPRESSED   0x00000003   PAD
    0x20002ba4   COMPRESSED   0x00000008   Data   RW         2268    .data               bsp_btn_ble.o
    0x20002bac   COMPRESSED   0x00000008   Data   RW         2637    .data               ble_conn_params.o
    0x20002bb4   COMPRESSED   0x00000013   Data   RW         3032    .data               gatt_cache_manager.o
    0x20002bc7   COMPRESSED   0x00000001   PAD
    0x20002bc8   COMPRESSED   0x0000000a   Data   RW         3208    .data               gatts_cache_manager.o
    0x20002bd2   COMPRESSED   0x00000002   PAD
    0x20002bd4   COMPRESSED   0x0000000c   Data   RW         3664    .data               peer_data_storage.o
    0x20002be0   COMPRESSED   0x00000008   Data   RW         3832    .data               peer_database.o
    0x20002be8   COMPRESSED   0x0000000f   Data   RW         4102    .data               peer_manager.o
    0x20002bf7   COMPRESSED   0x00000001   PAD
    0x20002bf8   COMPRESSED   0x000000b4   Data   RW         4377    .data               peer_manager_handler.o
    0x20002cac   COMPRESSED   0x00000005   Data   RW         4537    .data               security_dispatcher.o
    0x20002cb1   COMPRESSED   0x00000003   PAD
    0x20002cb4   COMPRESSED   0x00000018   Data   RW         4715    .data               security_manager.o
    0x20002ccc   COMPRESSED   0x00000004   Data   RW         5024    .data               ble_dfu_unbonded.o
    0x20002cd0   COMPRESSED   0x00000008   Data   RW         5851    .data               nrfx_clock.o
    0x20002cd8   COMPRESSED   0x00000008   Data   RW         6307    .data               nrfx_prs.o
    0x20002ce0   COMPRESSED   0x00000008   Data   RW         6843    .data               nrfx_pwm.o
    0x20002ce8   COMPRESSED   0x00000014   Data   RW         7532    .data               app_timer.o
    0x20002cfc   COMPRESSED   0x00000030   Data   RW         7988    .data               fds.o
    0x20002d2c   COMPRESSED   0x00000008   Data   RW         8932    .data               nrf_fstorage_sd.o
    0x20002d34   COMPRESSED   0x00000009   Data   RW         9138    .data               nrf_pwr_mgmt.o
    0x20002d3d   COMPRESSED   0x00000003   Data   RW         9992    .data               nrf_sdh.o
    0x20002d40   COMPRESSED   0x00000001   Data   RW        10107    .data               nrf_sdh_ble.o
    0x20002d41   COMPRESSED   0x00000003   PAD
    0x20002d44   COMPRESSED   0x00000004   Data   RW        10214    .data               system_nrf52.o
    0x20002d48   COMPRESSED   0x00000014   Data   RW         7989    fs_data             fds.o
    0x20002d5c        -       0x00007830   Zero   RW            6    .bss                command_handling.o
    0x2000a58c        -       0x00000278   Zero   RW          772    .bss                psyonic_ble.o
    0x2000a804        -       0x00000010   Zero   RW          949    .bss                pwm.o
    0x2000a814        -       0x00000048   Zero   RW         1043    .bss                spi.o
    0x2000a85c        -       0x0000001c   Zero   RW         1469    .bss                spi_command_handling.o
    0x2000a878        -       0x0000006c   Zero   RW         2160    .bss                bsp.o
    0x2000a8e4        -       0x00000050   Zero   RW         2636    .bss                ble_conn_params.o
    0x2000a934        -       0x00000078   Zero   RW         2754    .bss                ble_conn_state.o
    0x2000a9ac        -       0x000000d8   Zero   RW         3314    .bss                id_manager.o
    0x2000aa84        -       0x00000180   Zero   RW         3830    .bss                peer_database.o
    0x2000ac04        -       0x00000040   Zero   RW         3971    .bss                peer_id.o
    0x2000ac44        -       0x0000000c   Zero   RW         4100    .bss                peer_manager.o
    0x2000ac50        -       0x00000040   Zero   RW         4535    .bss                security_dispatcher.o
    0x2000ac90        -       0x0000001c   Zero   RW         4921    .bss                ble_dfu.o
    0x2000acac        -       0x00000028   Zero   RW         5023    .bss                ble_dfu_unbonded.o
    0x2000acd4        -       0x00000014   Zero   RW         5105    .bss                nrf_drv_clock.o
    0x2000ace8        -       0x00000018   Zero   RW         5244    .bss                nrf_drv_spi.o
    0x2000ad00        -       0x00000030   Zero   RW         5360    .bss                nrfx_timer.o
    0x2000ad30        -       0x00000030   Zero   RW         5552    .bss                nrfx_saadc.o
    0x2000ad60        -       0x0000005c   Zero   RW         6034    .bss                nrfx_gpiote.o
    0x2000adbc        -       0x00000024   Zero   RW         6976    .bss                nrfx_spim.o
    0x2000ade0        -       0x0000010c   Zero   RW         7530    .bss                app_timer.o
    0x2000aeec        -       0x0000000c   Zero   RW         7820    .bss                app_util_platform.o
    0x2000aef8        -       0x000000f0   Zero   RW         7986    .bss                fds.o
    0x2000afe8        -       0x00000200   Zero   RW         8930    .bss                nrf_fstorage_sd.o
    0x2000b1e8        -       0x0000002c   Zero   RW         9136    .bss                nrf_pwr_mgmt.o
    0x2000b214   COMPRESSED   0x00000004   PAD
    0x2000b218        -       0x00002000   Zero   RW        10191    STACK               arm_startup_nrf52.o


==============================================================================

Image component sizes


      Code (inc. data)   RO Data    RW Data    ZI Data      Debug   Object Name

        28          0          0          0          0       4381   app_error.o
        96         10          0          0          0       1394   app_error_weak.o
         0          0          0          0          0      37074   app_scheduler.o
      2068        242          6         20        268      51155   app_timer.o
       200         24          0          0         12       9814   app_util_platform.o
        36          8        512          0       8192        872   arm_startup_nrf52.o
      1742          0          0          0          0      60968   ble_advdata.o
      1418          6          0          0          0      17991   ble_advertising.o
       936         56          8          8         80      13195   ble_conn_params.o
       870         84          8          0        120      15106   ble_conn_state.o
       704         52         24          0         28       9880   ble_dfu.o
         0          0          0          0          0       5268   ble_dfu_bonded.o
       622         48          8          4         40       8294   ble_dfu_unbonded.o
       108          0          0          0          0       2456   ble_link_ctx_manager.o
       664          4         16          0          0       7060   ble_nus.o
       694          6          0          0          0      41309   ble_srv_common.o
       270         20          8          0          0       9287   boards.o
      1264         80         44         21        108      12353   bsp.o
       288          8          8          8          0       3760   bsp_btn_ble.o
       226         14          0          8      30768     159277   command_handling.o
      4742        462         24         68        240      59507   fds.o
      1866        196        124         19          0      35002   gatt_cache_manager.o
       672         44         24         10          0      16169   gatts_cache_manager.o
       248          4          0         24          0       8085   gpio.o
       614         30          0         28          0       7142   grips.o
      1080         34          8          0        216      16554   id_manager.o
       284         12         22          0          0     101801   main.o
       374          0          0          0          0       7876   nrf_atfifo.o
       232          0          0          0          0       5076   nrf_atflags.o
       394          0          0          0          0       7541   nrf_atomic.o
       786         16         22          0          0      37484   nrf_ble_gatt.o
       390          0          0          0          0       6817   nrf_ble_qwr.o
        76          6          0          0          0       1534   nrf_dfu_svci.o
       364         48         16          0         20      37358   nrf_drv_clock.o
       200         24         16          0         24       6159   nrf_drv_spi.o
       264          0          0          0          0       5737   nrf_fstorage.o
      1114        120         72          8        512      18391   nrf_fstorage_sd.o
       434         64         40          9         44      41974   nrf_pwr_mgmt.o
       458          0          0          0          0       5681   nrf_queue.o
       804         86         88          3          0      41726   nrf_sdh.o
       364         18         56          1          0       6825   nrf_sdh_ble.o
        84          4         36          0          0       3792   nrf_sdh_soc.o
       112          0          0          0          0       3980   nrf_section_iter.o
       494         12          0          0          0      13332   nrf_spi_mngr.o
       400         34          0          8          0      14419   nrfx_clock.o
       764         30         62          0         92      53047   nrfx_gpiote.o
       140         14          0          8          0       3844   nrfx_prs.o
      1000         24          0          8          0      22649   nrfx_pwm.o
       532         24          0          0         48      13355   nrfx_saadc.o
      1294         42         45          0         36      25648   nrfx_spim.o
       226         40          0          0         48      44991   nrfx_timer.o
         0          0          0          0          0       1996   nrfx_uarte.o
      1282         42         28         12          0      18985   peer_data_storage.o
      1420         68         16          8        384      21801   peer_database.o
       402         46          0          0         64       9263   peer_id.o
      1458        130         52         15         12      19514   peer_manager.o
       784         64        927        180          0       7675   peer_manager_handler.o
       330          0          0          0          0       6243   pm_buffer.o
      1112         92         48         60        632      25267   psyonic_ble.o
       476         28         12          0          0      12151   psyonic_buttonless_dfu.o
       116         22         12         16         16       6280   pwm.o
      1912        114        140          5         64      30530   security_dispatcher.o
      1334        126          4         24          0      49810   security_manager.o
       302         54        108        108         72       9989   spi.o
        72          8          0          0         28       1981   spi_command_handling.o
        34          0          0          0          0       9930   system.o
      1352        144          0          4          0       7783   system_nrf52.o

    ----------------------------------------------------------------------
     45532       2988       2700        708      42172    1383588   Object Totals
         0          0         32          0          0          0   (incl. Generated)
       106          0         24         13          4          0   (incl. Padding)

    ----------------------------------------------------------------------

      Code (inc. data)   RO Data    RW Data    ZI Data      Debug   Library Member Name

        86          0          0          0          0          0   __dczerorl2.o
         0          0          0          0          0          0   entry.o
         0          0          0          0          0          0   entry10a.o
         0          0          0          0          0          0   entry11a.o
         8          4          0          0          0          0   entry2.o
         4          0          0          0          0          0   entry5.o
         0          0          0          0          0          0   entry7b.o
         0          0          0          0          0          0   entry8b.o
         8          4          0          0          0          0   entry9a.o
        30          0          0          0          0          0   handlers.o
        36          8          0          0          0         68   init.o
        30          0          0          0          0         68   llshl.o
        32          0          0          0          0         68   llushr.o
        26          0          0          0          0         80   memcmp.o
        36          0          0          0          0         68   memcpya.o
        36          0          0          0          0        108   memseta.o
        98          0          0          0          0         92   uldiv.o

    ----------------------------------------------------------------------
       436         16          0          0          0        552   Library Totals
         6          0          0          0          0          0   (incl. Padding)

    ----------------------------------------------------------------------

      Code (inc. data)   RO Data    RW Data    ZI Data      Debug   Library Name

       430         16          0          0          0        552   mc_w.l

    ----------------------------------------------------------------------
       436         16          0          0          0        552   Library Totals

    ----------------------------------------------------------------------

==============================================================================


      Code (inc. data)   RO Data    RW Data    ZI Data      Debug   

     45968       3004       2700        708      42172    1319516   Grand Totals
     45968       3004       2700        240      42172    1319516   ELF Image Totals (compressed)
     45968       3004       2700        240          0          0   ROM Totals

==============================================================================

    Total RO  Size (Code + RO Data)                48668 (  47.53kB)
    Total RW  Size (RW Data + ZI Data)             42880 (  41.88kB)
    Total ROM Size (Code + RO Data + RW Data)      48908 (  47.76kB)

==============================================================================

