Component: ARM Compiler 5.06 update 5 (build 528) Tool: armlink [4d35e2]

==============================================================================

Section Cross References

    main.o(i.Enter_Low_Power_Mode) refers to mpu6500_base_driver.o(i.mpu_sleep) for mpu_sleep
    main.o(i.Enter_Low_Power_Mode) refers to led1642gw.o(i.LED1642GW_Enter_LPM) for LED1642GW_Enter_LPM
    main.o(i.main) refers to system.o(i.timers_init) for timers_init
    main.o(i.main) refers to gpio.o(i.GPIO_Init) for GPIO_Init
    main.o(i.main) refers to pwm.o(i.PWM_init) for PWM_init
    main.o(i.main) refers to pwm.o(i.PWM_PWCLK_init) for PWM_PWCLK_init
    main.o(i.main) refers to pwm.o(i.PWM_PWCLK_play) for PWM_PWCLK_play
    main.o(i.main) refers to spi1_led.o(i.LED_SPI_Init) for LED_SPI_Init
    main.o(i.main) refers to spi0_imu.o(i.IMU_SPI_Init) for IMU_SPI_Init
    main.o(i.main) refers to led1642gw.o(i.LED1642GW_Init) for LED1642GW_Init
    main.o(i.main) refers to led1642gw.o(i.LED1642GW_Driver_Count) for LED1642GW_Driver_Count
    main.o(i.main) refers to led1642gw.o(i.LED1642GW_RGB_Translation_Array) for LED1642GW_RGB_Translation_Array
    main.o(i.main) refers to saadc.o(i.SAADC_Init) for SAADC_Init
    main.o(i.main) refers to mpu6500_base_driver.o(i.mpu_reset) for mpu_reset
    main.o(i.main) refers to mpu6500.o(i.MPU6500_Setup) for MPU6500_Setup
    main.o(i.main) refers to mpu6500.o(i.MPU6500_Enable_DMP) for MPU6500_Enable_DMP
    main.o(i.main) refers to main.o(i.nrf_delay_ms) for nrf_delay_ms
    main.o(i.main) refers to led1642gw.o(i.LED1642_LED_All_On) for LED1642_LED_All_On
    main.o(i.main) refers to mpu6500_dmp_motion_driver.o(i.dmp_read_fifo) for dmp_read_fifo
    main.o(i.main) refers to euler_angle.o(i.ConvertQuaternion) for ConvertQuaternion
    main.o(i.main) refers to euler_angle.o(i.QuatToEulerAngle) for QuatToEulerAngle
    main.o(i.main) refers to euler_angle.o(i.EulerAngleToLED) for EulerAngleToLED
    main.o(i.main) refers to gpio.o(.data) for powerOnFlag
    main.o(i.main) refers to main.o(.data) for deviceInitFlag
    main.o(i.main) refers to main.o(.constdata) for .constdata
    main.o(i.main) refers to mpu6500.o(.data) for ledDisplayMode
    main.o(i.main) refers to main.o(i.Enter_Low_Power_Mode) for Enter_Low_Power_Mode
    main.o(i.nrf_delay_ms) refers to main.o(.constdata) for delay_machine_code
    command_handling.o(i.command_handling_ble) refers to juno_buttonless_dfu.o(i.shutdown_dfu_routine) for shutdown_dfu_routine
    gpio.o(i.Battery_Charger_Interrupt_handler) refers to gpio.o(i.nrf_gpio_pin_read) for nrf_gpio_pin_read
    gpio.o(i.Battery_Charger_Interrupt_handler) refers to gpio.o(.data) for batteryChargingFlag
    gpio.o(i.GPIO_Init) refers to nrfx_gpiote.o(i.nrfx_gpiote_init) for nrfx_gpiote_init
    gpio.o(i.GPIO_Init) refers to app_error.o(i.app_error_handler_bare) for app_error_handler_bare
    gpio.o(i.GPIO_Init) refers to nrfx_gpiote.o(i.nrfx_gpiote_in_init) for nrfx_gpiote_in_init
    gpio.o(i.GPIO_Init) refers to nrfx_gpiote.o(i.nrfx_gpiote_in_event_enable) for nrfx_gpiote_in_event_enable
    gpio.o(i.GPIO_Init) refers to gpio.o(.constdata) for .constdata
    gpio.o(i.GPIO_Init) refers to gpio.o(i.Touch_In_handler) for Touch_In_handler
    gpio.o(i.GPIO_Init) refers to gpio.o(i.IMU_Interrupt_Handler) for IMU_Interrupt_Handler
    gpio.o(i.GPIO_Init) refers to gpio.o(i.Battery_Charger_Interrupt_handler) for Battery_Charger_Interrupt_handler
    gpio.o(i.IMU_Interrupt_Handler) refers to gpio.o(.data) for imuNewGyroFlag
    gpio.o(i.Touch_In_handler) refers to gpio.o(i.nrf_gpio_pin_read) for nrf_gpio_pin_read
    gpio.o(i.Touch_In_handler) refers to gpio.o(.data) for powerOnFlag
    pwm.o(i.PWM_PWCLK_init) refers to nrfx_pwm.o(i.nrfx_pwm_init) for nrfx_pwm_init
    pwm.o(i.PWM_PWCLK_init) refers to app_error.o(i.app_error_handler_bare) for app_error_handler_bare
    pwm.o(i.PWM_PWCLK_init) refers to pwm.o(.constdata) for .constdata
    pwm.o(i.PWM_PWCLK_init) refers to pwm.o(.data) for m_pwm1
    pwm.o(i.PWM_PWCLK_play) refers to nrfx_pwm.o(i.nrfx_pwm_simple_playback) for nrfx_pwm_simple_playback
    pwm.o(i.PWM_PWCLK_play) refers to pwm.o(.data) for pwm_seq_values
    pwm.o(i.PWM_PWCLK_play) refers to pwm.o(.bss) for pwm_seq1
    pwm.o(i.PWM_PWCLK_stop) refers to nrfx_pwm.o(i.nrfx_pwm_simple_playback) for nrfx_pwm_simple_playback
    pwm.o(i.PWM_PWCLK_stop) refers to nrfx_pwm.o(i.nrfx_pwm_stop) for nrfx_pwm_stop
    pwm.o(i.PWM_PWCLK_stop) refers to pwm.o(.bss) for pwm_seq1
    pwm.o(i.PWM_PWCLK_stop) refers to pwm.o(.data) for m_pwm1
    pwm.o(i.PWM_init) refers to nrfx_pwm.o(i.nrfx_pwm_init) for nrfx_pwm_init
    pwm.o(i.PWM_init) refers to app_error.o(i.app_error_handler_bare) for app_error_handler_bare
    pwm.o(i.PWM_init) refers to pwm.o(.constdata) for .constdata
    pwm.o(i.PWM_init) refers to pwm.o(.data) for m_pwm0
    pwm.o(i.PWM_play) refers to nrfx_pwm.o(i.nrfx_pwm_simple_playback) for nrfx_pwm_simple_playback
[...]
    0x000273a4   0x000273a4   0x0000000e   Code   RO         1576    i.LED1642GW_Global_Latch  led1642gw.o
    0x000273b2   0x000273b2   0x00000016   Code   RO         1577    i.LED1642GW_Init    led1642gw.o
    0x000273c8   0x000273c8   0x00000144   Code   RO         1578    i.LED1642GW_RGB_Translation_Array  led1642gw.o
    0x0002750c   0x0002750c   0x0000000e   Code   RO         1580    i.LED1642GW_Switch  led1642gw.o
    0x0002751a   0x0002751a   0x0000000e   Code   RO         1582    i.LED1642GW_Write_Configuration_Register  led1642gw.o
    0x00027528   0x00027528   0x0000009c   Code   RO         1583    i.LED1642_LED_All_On  led1642gw.o
    0x000275c4   0x000275c4   0x00000034   Code   RO         1586    i.LED1642_Set_Brightness  led1642gw.o
    0x000275f8   0x000275f8   0x00000008   Code   RO         1468    i.LED_SPI_Init      spi1_led.o
    0x00027600   0x00027600   0x0000001c   Code   RO         1469    i.LED_SPI_Manager_Init  spi1_led.o
    0x0002761c   0x0002761c   0x00000044   Code   RO         1471    i.LED_SPI_Receive   spi1_led.o
    0x00027660   0x00027660   0x00000040   Code   RO         1472    i.LED_SPI_Transmit  spi1_led.o
    0x000276a0   0x000276a0   0x0000001a   Code   RO         1473    i.LED_SPI_Transmit_16  spi1_led.o
    0x000276ba   0x000276ba   0x00000002   PAD
    0x000276bc   0x000276bc   0x0000004c   Code   RO         1474    i.LED_SPI_Transmit_LE  spi1_led.o
    0x00027708   0x00027708   0x0000001e   Code   RO         1475    i.LED_SPI_Transmit_LE_16  spi1_led.o
    0x00027726   0x00027726   0x00000002   PAD
    0x00027728   0x00027728   0x0000000c   Code   RO         1476    i.LED_Start_Transaction  spi1_led.o
    0x00027734   0x00027734   0x0000001c   Code   RO         1477    i.LED_Start_Transaction_LE  spi1_led.o
    0x00027750   0x00027750   0x0000000c   Code   RO         1478    i.LED_Stop_Transaction  spi1_led.o
    0x0002775c   0x0002775c   0x0000000c   Code   RO         1479    i.LED_Stop_Transaction_LE  spi1_led.o
    0x00027768   0x00027768   0x0000000a   Code   RO         2175    i.MPU6500_Disable_DMP  mpu6500.o
    0x00027772   0x00027772   0x0000000a   Code   RO         2176    i.MPU6500_Enable_DMP  mpu6500.o
    0x0002777c   0x0002777c   0x0000000e   Code   RO         2177    i.MPU6500_Enable_Full_Features  mpu6500.o
    0x0002778a   0x0002778a   0x00000002   PAD
    0x0002778c   0x0002778c   0x00000088   Code   RO         2179    i.MPU6500_Setup     mpu6500.o
    0x00027814   0x00027814   0x00000004   Code   RO         2180    i.MPU6500_orient_cb  mpu6500.o
    0x00027818   0x00027818   0x00000058   Code   RO         2181    i.MPU6500_tap_cb    mpu6500.o
    0x00027870   0x00027870   0x00000018   Code   RO         7722    i.NVIC_ClearPendingIRQ  app_timer.o
    0x00027888   0x00027888   0x00000016   Code   RO         7723    i.NVIC_EnableIRQ    app_timer.o
    0x0002789e   0x0002789e   0x00000002   PAD
    0x000278a0   0x000278a0   0x00000018   Code   RO         7724    i.NVIC_SetPendingIRQ  app_timer.o
    0x000278b8   0x000278b8   0x00000028   Code   RO         7725    i.NVIC_SetPriority  app_timer.o
    0x000278e0   0x000278e0   0x00000054   Code   RO         6302    i.POWER_CLOCK_IRQHandler  nrfx_clock.o
    0x00027934   0x00027934   0x00000014   Code   RO         7101    i.PWM0_IRQHandler   nrfx_pwm.o
    0x00027948   0x00027948   0x00000014   Code   RO         7102    i.PWM1_IRQHandler   nrfx_pwm.o
    0x0002795c   0x0002795c   0x00000034   Code   RO          791    i.PWM_PWCLK_init    pwm.o
    0x00027990   0x00027990   0x00000034   Code   RO          792    i.PWM_PWCLK_play    pwm.o
    0x000279c4   0x000279c4   0x00000020   Code   RO          793    i.PWM_PWCLK_stop    pwm.o
    0x000279e4   0x000279e4   0x00000034   Code   RO          794    i.PWM_init          pwm.o
    0x00027a18   0x00027a18   0x00000030   Code   RO          795    i.PWM_play          pwm.o
    0x00027a48   0x00027a48   0x000001dc   Code   RO         2264    i.QuatToEulerAngle  euler_angle.o
    0x00027c24   0x00027c24   0x00000034   Code   RO         7726    i.RTC1_IRQHandler   app_timer.o
    0x00027c58   0x00027c58   0x000001cc   Code   RO         6003    i.SAADC_IRQHandler  nrfx_saadc.o
    0x00027e24   0x00027e24   0x0000005c   Code   RO          845    i.SAADC_Init        saadc.o
    0x00027e80   0x00027e80   0x00000014   Code   RO         7238    i.SPIM0_SPIS0_TWIM0_TWIS0_SPI0_TWI0_IRQHandler  nrfx_spim.o
    0x00027e94   0x00027e94   0x00000014   Code   RO         7239    i.SPIM1_SPIS1_TWIM1_TWIS1_SPI1_TWI1_IRQHandler  nrfx_spim.o
    0x00027ea8   0x00027ea8   0x00000008   Code   RO         7727    i.SWI0_EGU0_IRQHandler  app_timer.o
    0x00027eb0   0x00027eb0   0x00000008   Code   RO        10348    i.SWI2_EGU2_IRQHandler  nrf_sdh.o
    0x00027eb8   0x00027eb8   0x00000010   Code   RO        10607    i.SystemCoreClockUpdate  system_nrf52.o
    0x00027ec8   0x00027ec8   0x00000284   Code   RO        10608    i.SystemInit        system_nrf52.o
    0x0002814c   0x0002814c   0x00000018   Code   RO         5806    i.TIMER1_IRQHandler  nrfx_timer.o
    0x00028164   0x00028164   0x00000018   Code   RO         5807    i.TIMER2_IRQHandler  nrfx_timer.o
    0x0002817c   0x0002817c   0x00000018   Code   RO         5808    i.TIMER3_IRQHandler  nrfx_timer.o
    0x00028194   0x00028194   0x00000018   Code   RO         5809    i.TIMER4_IRQHandler  nrfx_timer.o
    0x000281ac   0x000281ac   0x00000024   Code   RO          720    i.Touch_In_handler  gpio.o
    0x000281d0   0x000281d0   0x00000010   Code   RO         6775    i.UARTE0_UART0_IRQHandler  nrfx_prs.o
    0x000281e0   0x000281e0   0x00000030   Code   RO        10813    i.__ARM_fpclassify  m_wm.l(fpclassify.o)
    0x00028210   0x00028210   0x00000360   Code   RO        10699    i.__hardfp_asin     m_wm.l(asin.o)
    0x00028570   0x00028570   0x000002d8   Code   RO        10782    i.__hardfp_atan     m_wm.l(atan.o)
    0x00028848   0x00028848   0x000001f0   Code   RO        10713    i.__hardfp_atan2    m_wm.l(atan2.o)
    0x00028a38   0x00028a38   0x00000014   Code   RO        10725    i.__hardfp_fabs     m_wm.l(fabs.o)
    0x00028a4c   0x00028a4c   0x00000004   PAD
    0x00028a50   0x00028a50   0x00000118   Code   RO        10731    i.__hardfp_floor    m_wm.l(floor.o)
    0x00028b68   0x00028b68   0x000000c8   Code   RO        10737    i.__hardfp_sin      m_wm.l(sin.o)
    0x00028c30   0x00028c30   0x00000438   Code   RO        10818    i.__ieee754_rem_pio2  m_wm.l(rred.o)
    0x00029068   0x00029068   0x00000170   Code   RO        10796    i.__kernel_cos      m_wm.l(cos_i.o)
    0x000291d8   0x000291d8   0x000000f8   Code   RO        10815    i.__kernel_poly     m_wm.l(poly.o)
    0x000292d0   0x000292d0   0x00000130   Code   RO        10823    i.__kernel_sin      m_wm.l(sin_i.o)
    0x00029400   0x00029400   0x00000014   Code   RO        10800    i.__mathlib_dbl_infnan  m_wm.l(dunder.o)
    0x00029414   0x00029414   0x00000014   Code   RO        10801    i.__mathlib_dbl_infnan2  m_wm.l(dunder.o)
    0x00029428   0x00029428   0x00000020   Code   RO        10802    i.__mathlib_dbl_invalid  m_wm.l(dunder.o)
    0x00029448   0x00029448   0x00000020   Code   RO        10805    i.__mathlib_dbl_underflow  m_wm.l(dunder.o)
    0x00029468   0x00029468   0x0000000e   Code   RO        10889    i.__scatterload_copy  mc_w.l(handlers.o)
    0x00029476   0x00029476   0x00000002   Code   RO        10890    i.__scatterload_null  mc_w.l(handlers.o)
    0x00029478   0x00029478   0x0000000e   Code   RO        10891    i.__scatterload_zeroinit  mc_w.l(handlers.o)
    0x00029486   0x00029486   0x00000002   PAD
    0x00029488   0x00029488   0x00000038   Code   RO        10349    i.__sd_nvic_app_accessible_irq  nrf_sdh.o
    0x000294c0   0x000294c0   0x0000000c   Code   RO         7950    i.__sd_nvic_irq_disable  app_util_platform.o
    0x000294cc   0x000294cc   0x0000000c   Code   RO        10859    i.__set_errno       mc_w.l(errno.o)
    0x000294d8   0x000294d8   0x00000032   Code   RO         3583    i.addr_compare      id_manager.o
    0x0002950a   0x0002950a   0x00000010   Code   RO         9156    i.addr_is_aligned32  nrf_fstorage.o
    0x0002951a   0x0002951a   0x00000014   Code   RO         9157    i.addr_is_page_aligned  nrf_fstorage.o
    0x0002952e   0x0002952e   0x00000018   Code   RO         2750    i.addr_is_valid     ble_advertising.o
    0x00029546   0x00029546   0x0000001c   Code   RO         9158    i.addr_is_within_bounds  nrf_fstorage.o
    0x00029562   0x00029562   0x00000002   PAD
    0x00029564   0x00029564   0x0000002c   Code   RO         8234    i.address_is_valid  fds.o
    0x00029590   0x00029590   0x00000058   Code   RO         2751    i.adv_mode_next_avail_get  ble_advertising.o
    0x000295e8   0x000295e8   0x00000012   Code   RO         2752    i.adv_mode_next_get  ble_advertising.o
    0x000295fa   0x000295fa   0x00000054   Code   RO         2546    i.advertising_buttons_configure  bsp_btn_ble.o
    0x0002964e   0x0002964e   0x00000056   Code   RO         3584    i.ah                id_manager.o
    0x000296a4   0x000296a4   0x00000014   Code   RO         4810    i.allow_repairing   security_dispatcher.o
    0x000296b8   0x000296b8   0x00000060   Code   RO         7639    i.app_error_fault_handler  app_error_weak.o
    0x00029718   0x00029718   0x0000001c   Code   RO         7555    i.app_error_handler_bare  app_error.o
    0x00029734   0x00029734   0x0000005c   Code   RO         7731    i.app_timer_init    app_timer.o
    0x00029790   0x00029790   0x00000054   Code   RO         7734    i.app_timer_start   app_timer.o
    0x000297e4   0x000297e4   0x00000030   Code   RO         7735    i.app_timer_stop    app_timer.o
    0x00029814   0x00029814   0x0000000c   Code   RO         7951    i.app_util_critical_region_enter  app_util_platform.o
    0x00029820   0x00029820   0x00000048   Code   RO         7952    i.app_util_critical_region_exit  app_util_platform.o
    0x00029868   0x00029868   0x0000000e   Code   RO         3293    i.apply_pending_handle  gatt_cache_manager.o
    0x00029876   0x00029876   0x00000010   Code   RO        10784    i.atan              m_wm.l(atan.o)
    0x00029886   0x00029886   0x00000014   Code   RO         4811    i.auth_status_failure_process  security_dispatcher.o
    0x0002989a   0x0002989a   0x0000001c   Code   RO         4812    i.auth_status_process  security_dispatcher.o
    0x000298b6   0x000298b6   0x00000002   PAD
    0x000298b8   0x000298b8   0x00000124   Code   RO         4813    i.auth_status_success_process  security_dispatcher.o
    0x000299dc   0x000299dc   0x0000006c   Code   RO         3266    i.blcm_link_ctx_get  ble_link_ctx_manager.o
    0x00029a48   0x00029a48   0x00000028   Code   RO         2624    i.ble_advdata_parse  ble_advdata.o
    0x00029a70   0x00029a70   0x00000040   Code   RO         2625    i.ble_advdata_search  ble_advdata.o
    0x00029ab0   0x00029ab0   0x0000003c   Code   RO         2757    i.ble_advertising_on_ble_evt  ble_advertising.o
    0x00029aec   0x00029aec   0x00000002   Code   RO         2758    i.ble_advertising_on_sys_evt  ble_advertising.o
    0x00029aee   0x00029aee   0x00000174   Code   RO         2761    i.ble_advertising_start  ble_advertising.o
    0x00029c62   0x00029c62   0x00000014   Code   RO         3019    i.ble_conn_state_conn_idx  ble_conn_state.o
    0x00029c76   0x00029c76   0x00000002   PAD
    0x00029c78   0x00029c78   0x00000020   Code   RO         3020    i.ble_conn_state_encrypted  ble_conn_state.o
    0x00029c98   0x00029c98   0x00000028   Code   RO         3022    i.ble_conn_state_for_each_set_user_flag  ble_conn_state.o
    0x00029cc0   0x00029cc0   0x0000002c   Code   RO         3027    i.ble_conn_state_role  ble_conn_state.o
    0x00029cec   0x00029cec   0x0000002c   Code   RO         3030    i.ble_conn_state_user_flag_get  ble_conn_state.o
    0x00029d18   0x00029d18   0x0000003c   Code   RO         3031    i.ble_conn_state_user_flag_set  ble_conn_state.o
    0x00029d54   0x00029d54   0x0000001c   Code   RO         3032    i.ble_conn_state_valid  ble_conn_state.o
    0x00029d70   0x00029d70   0x00000032   Code   RO         5215    i.ble_dfu_buttonless_bootloader_start_finalize  ble_dfu.o
    0x00029da2   0x00029da2   0x0000000c   Code   RO         5343    i.ble_dfu_buttonless_bootloader_start_prepare  ble_dfu_unbonded.o
    0x00029dae   0x00029dae   0x0000005a   Code   RO         5217    i.ble_dfu_buttonless_on_ble_evt  ble_dfu.o
    0x00029e08   0x00029e08   0x0000008c   Code   RO         5345    i.ble_dfu_buttonless_on_ctrl_pt_write  ble_dfu_unbonded.o
    0x00029e94   0x00029e94   0x0000008c   Code   RO         5346    i.ble_dfu_buttonless_on_sys_evt  ble_dfu_unbonded.o
    0x00029f20   0x00029f20   0x00000064   Code   RO         5218    i.ble_dfu_buttonless_resp_send  ble_dfu.o
    0x00029f84   0x00029f84   0x00000120   Code   RO         1009    i.ble_evt_handler   juno_ble.o
    0x0002a0a4   0x0002a0a4   0x00000078   Code   RO         2547    i.ble_evt_handler   bsp_btn_ble.o
    0x0002a11c   0x0002a11c   0x00000040   Code   RO         2912    i.ble_evt_handler   ble_conn_params.o
    0x0002a15c   0x0002a15c   0x000000b4   Code   RO         3033    i.ble_evt_handler   ble_conn_state.o
    0x0002a210   0x0002a210   0x0000002c   Code   RO         4352    i.ble_evt_handler   peer_manager.o
    0x0002a23c   0x0002a23c   0x00000044   Code   RO         5158    i.ble_nus_on_ble_evt  ble_nus.o
    0x0002a280   0x0002a280   0x00000012   Code   RO         3199    i.ble_srv_is_indication_enabled  ble_srv_common.o
    0x0002a292   0x0002a292   0x00000012   Code   RO         3200    i.ble_srv_is_notification_enabled  ble_srv_common.o
    0x0002a2a4   0x0002a2a4   0x00000030   Code   RO         2313    i.bsp_board_led_invert  boards.o
    0x0002a2d4   0x0002a2d4   0x00000014   Code   RO         2314    i.bsp_board_led_off  boards.o
    0x0002a2e8   0x0002a2e8   0x00000014   Code   RO         2315    i.bsp_board_led_on  boards.o
    0x0002a2fc   0x0002a2fc   0x00000030   Code   RO         2316    i.bsp_board_led_state_get  boards.o
    0x0002a32c   0x0002a32c   0x00000014   Code   RO         2318    i.bsp_board_leds_off  boards.o
    0x0002a340   0x0002a340   0x00000014   Code   RO         2319    i.bsp_board_leds_on  boards.o
    0x0002a354   0x0002a354   0x00000024   Code   RO         2320    i.bsp_board_pin_to_button_idx  boards.o
    0x0002a378   0x0002a378   0x000000c4   Code   RO         2430    i.bsp_button_event_handler  bsp.o
    0x0002a43c   0x0002a43c   0x0000005c   Code   RO         2434    i.bsp_event_to_button_action_assign  bsp.o
    0x0002a498   0x0002a498   0x00000020   Code   RO         2435    i.bsp_indication_set  bsp.o
    0x0002a4b8   0x0002a4b8   0x00000388   Code   RO         2437    i.bsp_led_indication  bsp.o
    0x0002a840   0x0002a840   0x0000002c   Code   RO         3294    i.car_update_needed  gatt_cache_manager.o
    0x0002a86c   0x0002a86c   0x00000040   Code   RO         3295    i.car_update_pending_handle  gatt_cache_manager.o
    0x0002a8ac   0x0002a8ac   0x00000020   Code   RO         3296    i.cccd_written      gatt_cache_manager.o
    0x0002a8cc   0x0002a8cc   0x00000020   Code   RO         6458    i.channel_free      nrfx_gpiote.o
    0x0002a8ec   0x0002a8ec   0x00000010   Code   RO         6459    i.channel_handler_get  nrfx_gpiote.o
    0x0002a8fc   0x0002a8fc   0x00000080   Code   RO         6460    i.channel_port_alloc  nrfx_gpiote.o
    0x0002a97c   0x0002a97c   0x0000000c   Code   RO         6461    i.channel_port_get  nrfx_gpiote.o
    0x0002a988   0x0002a988   0x0000004c   Code   RO         4257    i.claim             peer_id.o
    0x0002a9d4   0x0002a9d4   0x00000030   Code   RO         5410    i.clock_clk_started_notify  nrf_drv_clock.o
    0x0002aa04   0x0002aa04   0x00000028   Code   RO         5411    i.clock_irq_handler  nrf_drv_clock.o
    0x0002aa2c   0x0002aa2c   0x00000090   Code   RO         7737    i.compare_reg_update  app_timer.o
    0x0002aabc   0x0002aabc   0x000000c2   Code   RO         7103    i.configure_pins    nrfx_pwm.o
    0x0002ab7e   0x0002ab7e   0x0000003c   Code   RO         3034    i.conn_handle_list_get  ble_conn_state.o
    0x0002abba   0x0002abba   0x00000002   PAD
    0x0002abbc   0x0002abbc   0x00000054   Code   RO         2913    i.conn_params_negotiation  ble_conn_params.o
    0x0002ac10   0x0002ac10   0x00000044   Code   RO         4814    i.conn_sec_failure  security_dispatcher.o
    0x0002ac54   0x0002ac54   0x00000058   Code   RO         4815    i.conn_sec_update_process  security_dispatcher.o
    0x0002acac   0x0002acac   0x00000054   Code   RO         2550    i.connection_buttons_configure  bsp_btn_ble.o
    0x0002ad00   0x0002ad00   0x0000002c   Code   RO         3757    i.data_length_update  nrf_ble_gatt.o
    0x0002ad2c   0x0002ad2c   0x0000004c   Code   RO         3297    i.db_update_pending_handle  gatt_cache_manager.o
    0x0002ad78   0x0002ad78   0x00000064   Code   RO         1979    i.decode_gesture    mpu6500_dmp_motion_driver.o
    0x0002addc   0x0002addc   0x0000004a   Code   RO         8235    i.delete_execute    fds.o
    0x0002ae26   0x0002ae26   0x00000022   Code   RO         4816    i.disconnect_process  security_dispatcher.o
    0x0002ae48   0x0002ae48   0x0000003c   Code   RO         1980    i.dmp_enable_6x_lp_quat  mpu6500_dmp_motion_driver.o
    0x0002ae84   0x0002ae84   0x0000021c   Code   RO         1981    i.dmp_enable_feature  mpu6500_dmp_motion_driver.o
    0x0002b0a0   0x0002b0a0   0x00000058   Code   RO         1982    i.dmp_enable_gyro_cal  mpu6500_dmp_motion_driver.o
    0x0002b0f8   0x0002b0f8   0x0000003c   Code   RO         1983    i.dmp_enable_lp_quat  mpu6500_dmp_motion_driver.o
    0x0002b134   0x0002b134   0x00000018   Code   RO         1988    i.dmp_load_motion_driver_firmware  mpu6500_dmp_motion_driver.o
    0x0002b14c   0x0002b14c   0x000001c8   Code   RO         1989    i.dmp_read_fifo     mpu6500_dmp_motion_driver.o
    0x0002b314   0x0002b314   0x00000010   Code   RO         1990    i.dmp_register_android_orient_cb  mpu6500_dmp_motion_driver.o
    0x0002b324   0x0002b324   0x00000010   Code   RO         1991    i.dmp_register_tap_cb  mpu6500_dmp_motion_driver.o
    0x0002b334   0x0002b334   0x00000070   Code   RO         1993    i.dmp_set_fifo_rate  mpu6500_dmp_motion_driver.o
    0x0002b3a4   0x0002b3a4   0x0000005c   Code   RO         1995    i.dmp_set_interrupt_mode  mpu6500_dmp_motion_driver.o
    0x0002b400   0x0002b400   0x00000138   Code   RO         1996    i.dmp_set_orientation  mpu6500_dmp_motion_driver.o
    0x0002b538   0x0002b538   0x00000038   Code   RO         1999    i.dmp_set_shake_reject_thresh  mpu6500_dmp_motion_driver.o
    0x0002b570   0x0002b570   0x00000026   Code   RO         2000    i.dmp_set_shake_reject_time  mpu6500_dmp_motion_driver.o
    0x0002b596   0x0002b596   0x00000026   Code   RO         2001    i.dmp_set_shake_reject_timeout  mpu6500_dmp_motion_driver.o
    0x0002b5bc   0x0002b5bc   0x00000046   Code   RO         2002    i.dmp_set_tap_axes  mpu6500_dmp_motion_driver.o
    0x0002b602   0x0002b602   0x00000026   Code   RO         2003    i.dmp_set_tap_count  mpu6500_dmp_motion_driver.o
    0x0002b628   0x0002b628   0x000001c0   Code   RO         2004    i.dmp_set_tap_thresh  mpu6500_dmp_motion_driver.o
    0x0002b7e8   0x0002b7e8   0x00000026   Code   RO         2005    i.dmp_set_tap_time  mpu6500_dmp_motion_driver.o
    0x0002b80e   0x0002b80e   0x00000026   Code   RO         2006    i.dmp_set_tap_time_multi  mpu6500_dmp_motion_driver.o
    0x0002b834   0x0002b834   0x00000064   Code   RO         7738    i.elapsed_ticks_acquire  app_timer.o
    0x0002b898   0x0002b898   0x00000016   Code   RO         4817    i.encryption_failure  security_dispatcher.o
    0x0002b8ae   0x0002b8ae   0x00000002   PAD
    0x0002b8b0   0x0002b8b0   0x00000048   Code   RO         5347    i.enter_bootloader  ble_dfu_unbonded.o
    0x0002b8f8   0x0002b8f8   0x00000058   Code   RO         9246    i.erase             nrf_fstorage_sd.o
    0x0002b950   0x0002b950   0x0000000e   Code   RO         9247    i.erase_execute     nrf_fstorage_sd.o
    0x0002b95e   0x0002b95e   0x00000002   PAD
    0x0002b960   0x0002b960   0x00000054   Code   RO        10609    i.errata_108        system_nrf52.o
    0x0002b9b4   0x0002b9b4   0x00000054   Code   RO        10610    i.errata_12         system_nrf52.o
    0x0002ba08   0x0002ba08   0x00000054   Code   RO        10611    i.errata_136        system_nrf52.o
    0x0002ba5c   0x0002ba5c   0x00000030   Code   RO        10612    i.errata_16         system_nrf52.o
    0x0002ba8c   0x0002ba8c   0x00000020   Code   RO        10613    i.errata_182        system_nrf52.o
    0x0002baac   0x0002baac   0x00000054   Code   RO        10614    i.errata_31         system_nrf52.o
    0x0002bb00   0x0002bb00   0x00000030   Code   RO        10615    i.errata_32         system_nrf52.o
    0x0002bb30   0x0002bb30   0x00000054   Code   RO        10616    i.errata_36         system_nrf52.o
    0x0002bb84   0x0002bb84   0x00000030   Code   RO        10617    i.errata_37         system_nrf52.o
    0x0002bbb4   0x0002bbb4   0x00000030   Code   RO        10618    i.errata_57         system_nrf52.o
    0x0002bbe4   0x0002bbe4   0x00000030   Code   RO        10619    i.errata_66         system_nrf52.o
    0x0002bc14   0x0002bc14   0x0000007e   Code   RO         8236    i.event_prepare     fds.o
    0x0002bc92   0x0002bc92   0x00000002   PAD
    0x0002bc94   0x0002bc94   0x00000028   Code   RO         8237    i.event_send        fds.o
    0x0002bcbc   0x0002bcbc   0x00000068   Code   RO         9248    i.event_send        nrf_fstorage_sd.o
    0x0002bd24   0x0002bd24   0x00000072   Code   RO         4997    i.events_send_from_err_code  security_manager.o
    0x0002bd96   0x0002bd96   0x0000000c   Code   RO         4998    i.evt_forward       security_manager.o
    0x0002bda2   0x0002bda2   0x00000002   PAD
    0x0002bda4   0x0002bda4   0x00000028   Code   RO         3298    i.evt_send          gatt_cache_manager.o
    0x0002bdcc   0x0002bdcc   0x00000028   Code   RO         3489    i.evt_send          gatts_cache_manager.o
    0x0002bdf4   0x0002bdf4   0x00000020   Code   RO         3585    i.evt_send          id_manager.o
    0x0002be14   0x0002be14   0x00000028   Code   RO         4353    i.evt_send          peer_manager.o
    0x0002be3c   0x0002be3c   0x00000028   Code   RO         4818    i.evt_send          security_dispatcher.o
    0x0002be64   0x0002be64   0x00000020   Code   RO         4999    i.evt_send          security_manager.o
    0x0002be84   0x0002be84   0x00000058   Code   RO         7739    i.expired_timers_handler  app_timer.o
    0x0002bedc   0x0002bedc   0x00000018   Code   RO        10727    i.fabs              m_wm.l(fabs.o)
    0x0002bef4   0x0002bef4   0x00000044   Code   RO         8239    i.fds_file_delete   fds.o
    0x0002bf38   0x0002bf38   0x00000060   Code   RO         8242    i.fds_record_close  fds.o
    0x0002bf98   0x0002bf98   0x00000016   Code   RO         8244    i.fds_record_find   fds.o
    0x0002bfae   0x0002bfae   0x00000014   Code   RO         8245    i.fds_record_find_by_key  fds.o
    0x0002bfc2   0x0002bfc2   0x00000014   Code   RO         8246    i.fds_record_find_in_file  fds.o
    0x0002bfd6   0x0002bfd6   0x00000012   Code   RO         8247    i.fds_record_id_from_desc  fds.o
    0x0002bfe8   0x0002bfe8   0x0000004c   Code   RO         8249    i.fds_record_open   fds.o
    0x0002c034   0x0002c034   0x0000001a   Code   RO         8250    i.fds_record_update  fds.o
    0x0002c04e   0x0002c04e   0x00000014   Code   RO         8251    i.fds_record_write  fds.o
    0x0002c062   0x0002c062   0x00000002   PAD
    0x0002c064   0x0002c064   0x00000034   Code   RO         8257    i.file_find_and_delete  fds.o
    0x0002c098   0x0002c098   0x0000000a   Code   RO         3934    i.file_id_to_peer_id  peer_data_storage.o
    0x0002c0a2   0x0002c0a2   0x0000002e   Code   RO         7240    i.finish_transfer   nrfx_spim.o
    0x0002c0d0   0x0002c0d0   0x0000002c   Code   RO         2764    i.flags_set         ble_advertising.o
    0x0002c0fc   0x0002c0fc   0x0000004c   Code   RO         5001    i.flags_set_from_err_code  security_manager.o
    0x0002c148   0x0002c148   0x00000032   Code   RO         3035    i.for_each_set_flag  ble_conn_state.o
    0x0002c17a   0x0002c17a   0x0000000c   Code   RO         8261    i.fs_event_handler  fds.o
    0x0002c186   0x0002c186   0x00000002   PAD
    0x0002c188   0x0002c188   0x00000070   Code   RO         8262    i.gc_execute        fds.o
    0x0002c1f8   0x0002c1f8   0x00000040   Code   RO         8263    i.gc_init           fds.o
    0x0002c238   0x0002c238   0x00000028   Code   RO         8264    i.gc_next_page      fds.o
    0x0002c260   0x0002c260   0x0000004c   Code   RO         8265    i.gc_page_erase     fds.o
    0x0002c2ac   0x0002c2ac   0x00000050   Code   RO         8266    i.gc_page_next      fds.o
    0x0002c2fc   0x0002c2fc   0x00000040   Code   RO         8267    i.gc_record_copy    fds.o
    0x0002c33c   0x0002c33c   0x00000024   Code   RO         8268    i.gc_record_find_next  fds.o
    0x0002c360   0x0002c360   0x00000058   Code   RO         8269    i.gc_state_advance  fds.o
    0x0002c3b8   0x0002c3b8   0x0000002c   Code   RO         8270    i.gc_swap_erase     fds.o
    0x0002c3e4   0x0002c3e4   0x00000050   Code   RO         8271    i.gc_swap_pages     fds.o
    0x0002c434   0x0002c434   0x00000024   Code   RO         8272    i.gc_swap_promote   fds.o
    0x0002c458   0x0002c458   0x00000018   Code   RO         8273    i.gc_tag_new_swap   fds.o
    0x0002c470   0x0002c470   0x00000020   Code   RO         8274    i.gc_update_swap_offset  fds.o
    0x0002c490   0x0002c490   0x00000160   Code   RO         3299    i.gcm_ble_evt_handler  gatt_cache_manager.o
    0x0002c5f0   0x0002c5f0   0x00000026   Code   RO         3300    i.gcm_im_evt_handler  gatt_cache_manager.o
    0x0002c616   0x0002c616   0x00000002   PAD
    0x0002c618   0x0002c618   0x0000009c   Code   RO         3304    i.gcm_pdb_evt_handler  gatt_cache_manager.o
    0x0002c6b4   0x0002c6b4   0x0000001c   Code   RO         3490    i.gscm_db_change_notification_done  gatts_cache_manager.o
    0x0002c6d0   0x0002c6d0   0x00000090   Code   RO         3493    i.gscm_local_db_cache_apply  gatts_cache_manager.o
    0x0002c760   0x0002c760   0x00000098   Code   RO         3494    i.gscm_local_db_cache_update  gatts_cache_manager.o
    0x0002c7f8   0x0002c7f8   0x0000001c   Code   RO         3495    i.gscm_pdb_evt_handler  gatts_cache_manager.o
    0x0002c814   0x0002c814   0x00000028   Code   RO         3496    i.gscm_service_changed_ind_needed  gatts_cache_manager.o
    0x0002c83c   0x0002c83c   0x00000048   Code   RO         3497    i.gscm_service_changed_ind_send  gatts_cache_manager.o
    0x0002c884   0x0002c884   0x0000002a   Code   RO         8275    i.header_check      fds.o
    0x0002c8ae   0x0002c8ae   0x00000016   Code   RO         8276    i.header_has_next   fds.o
    0x0002c8c4   0x0002c8c4   0x0000000e   Code   RO         8277    i.header_jump       fds.o
    0x0002c8d2   0x0002c8d2   0x0000004c   Code   RO         3586    i.im_address_resolve  id_manager.o
    0x0002c91e   0x0002c91e   0x00000002   PAD
    0x0002c920   0x0002c920   0x00000038   Code   RO         3587    i.im_ble_addr_get   id_manager.o
    0x0002c958   0x0002c958   0x000000ec   Code   RO         3588    i.im_ble_evt_handler  id_manager.o
    0x0002ca44   0x0002ca44   0x00000040   Code   RO         3589    i.im_conn_handle_get  id_manager.o
    0x0002ca84   0x0002ca84   0x00000038   Code   RO         3591    i.im_find_duplicate_bonding_data  id_manager.o
    0x0002cabc   0x0002cabc   0x00000090   Code   RO         3594    i.im_is_duplicate_bonding_data  id_manager.o
    0x0002cb4c   0x0002cb4c   0x00000022   Code   RO         3595    i.im_master_id_is_valid  id_manager.o
    0x0002cb6e   0x0002cb6e   0x00000032   Code   RO         3596    i.im_master_ids_compare  id_manager.o
    0x0002cba0   0x0002cba0   0x00000014   Code   RO         3597    i.im_new_peer_id    id_manager.o
    0x0002cbb4   0x0002cbb4   0x00000030   Code   RO         3598    i.im_peer_free      id_manager.o
    0x0002cbe4   0x0002cbe4   0x00000028   Code   RO         3599    i.im_peer_id_get_by_conn_handle  id_manager.o
    0x0002cc0c   0x0002cc0c   0x00000040   Code   RO         3600    i.im_peer_id_get_by_master_id  id_manager.o
    0x0002cc4c   0x0002cc4c   0x00000040   Code   RO         9249    i.init              nrf_fstorage_sd.o
    0x0002cc8c   0x0002cc8c   0x0000012c   Code   RO         8278    i.init_execute      fds.o
    0x0002cdb8   0x0002cdb8   0x0000002c   Code   RO         2914    i.instance_get      ble_conn_params.o
    0x0002cde4   0x0002cde4   0x0000004e   Code   RO         2183    i.inv_row_2_scale   mpu6500.o
    0x0002ce32   0x0002ce32   0x0000005c   Code   RO         5810    i.irq_handler       nrfx_timer.o
    0x0002ce8e   0x0002ce8e   0x000000a4   Code   RO         7104    i.irq_handler       nrfx_pwm.o
    0x0002cf32   0x0002cf32   0x00000024   Code   RO         7241    i.irq_handler       nrfx_spim.o
    0x0002cf56   0x0002cf56   0x00000002   PAD
    0x0002cf58   0x0002cf58   0x00000014   Code   RO         9250    i.is_busy           nrf_fstorage_sd.o
    0x0002cf6c   0x0002cf6c   0x00000072   Code   RO         2915    i.is_conn_params_ok  ble_conn_params.o
    0x0002cfde   0x0002cfde   0x00000018   Code   RO         3605    i.is_valid_irk      id_manager.o
    0x0002cff6   0x0002cff6   0x00000010   Code   RO         8279    i.is_word_aligned   fds.o
    0x0002d006   0x0002d006   0x0000000c   Code   RO         5414    i.item_dequeue      nrf_drv_clock.o
    0x0002d012   0x0002d012   0x00000002   PAD
    0x0002d014   0x0002d014   0x00000028   Code   RO         2441    i.leds_off          bsp.o
    0x0002d03c   0x0002d03c   0x00000014   Code   RO         5416    i.lfclk_stop        nrf_drv_clock.o
    0x0002d050   0x0002d050   0x00000018   Code   RO         3758    i.link_init         nrf_ble_gatt.o
    0x0002d068   0x0002d068   0x000000bc   Code   RO         5002    i.link_secure       security_manager.o
    0x0002d124   0x0002d124   0x00000018   Code   RO         4820    i.link_secure_authenticate  security_dispatcher.o
    0x0002d13c   0x0002d13c   0x0000003c   Code   RO         4821    i.link_secure_failure  security_dispatcher.o
    0x0002d178   0x0002d178   0x0000003c   Code   RO         5003    i.link_secure_pending_handle  security_manager.o
    0x0002d1b4   0x0002d1b4   0x00000018   Code   RO         4822    i.link_secure_peripheral  security_dispatcher.o
    0x0002d1cc   0x0002d1cc   0x0000013c   Code   RO         7740    i.list_insertions_handler  app_timer.o
    0x0002d308   0x0002d308   0x00000080   Code   RO         3306    i.local_db_apply_in_evt  gatt_cache_manager.o
    0x0002d388   0x0002d388   0x00000018   Code   RO         3307    i.local_db_update   gatt_cache_manager.o
    0x0002d3a0   0x0002d3a0   0x00000064   Code   RO         3308    i.local_db_update_in_evt  gatt_cache_manager.o
    0x0002d404   0x0002d404   0x00000500   Code   RO            6    i.main              main.o
    0x0002d904   0x0002d904   0x00000070   Code   RO         1697    i.mpu_configure_fifo  mpu6500_base_driver.o
    0x0002d974   0x0002d974   0x0000004c   Code   RO         1698    i.mpu_get_accel_fsr  mpu6500_base_driver.o
    0x0002d9c0   0x0002d9c0   0x00000044   Code   RO         1703    i.mpu_get_gyro_fsr  mpu6500_base_driver.o
    0x0002da04   0x0002da04   0x00000020   Code   RO         1709    i.mpu_get_sample_rate  mpu6500_base_driver.o
    0x0002da24   0x0002da24   0x000000f4   Code   RO         1711    i.mpu_init          mpu6500_base_driver.o
    0x0002db18   0x0002db18   0x000000b0   Code   RO         1712    i.mpu_load_firmware  mpu6500_base_driver.o
    0x0002dbc8   0x0002dbc8   0x00000100   Code   RO         1713    i.mpu_lp_accel_mode  mpu6500_base_driver.o
    0x0002dcc8   0x0002dcc8   0x000000d0   Code   RO         1718    i.mpu_read_fifo_stream  mpu6500_base_driver.o
    0x0002dd98   0x0002dd98   0x00000074   Code   RO         1719    i.mpu_read_mem      mpu6500_base_driver.o
    0x0002de0c   0x0002de0c   0x00000028   Code   RO         1722    i.mpu_reset         mpu6500_base_driver.o
    0x0002de34   0x0002de34   0x00000170   Code   RO         1723    i.mpu_reset_fifo    mpu6500_base_driver.o
    0x0002dfa4   0x0002dfa4   0x00000080   Code   RO         1726    i.mpu_set_accel_fsr  mpu6500_base_driver.o
    0x0002e024   0x0002e024   0x00000088   Code   RO         1727    i.mpu_set_dmp_state  mpu6500_base_driver.o
    0x0002e0ac   0x0002e0ac   0x00000088   Code   RO         1729    i.mpu_set_gyro_fsr  mpu6500_base_driver.o
    0x0002e134   0x0002e134   0x00000068   Code   RO         1730    i.mpu_set_int_latched  mpu6500_base_driver.o
    0x0002e19c   0x0002e19c   0x00000084   Code   RO         1732    i.mpu_set_lpf       mpu6500_base_driver.o
    0x0002e220   0x0002e220   0x00000094   Code   RO         1733    i.mpu_set_sample_rate  mpu6500_base_driver.o
    0x0002e2b4   0x0002e2b4   0x000000d0   Code   RO         1734    i.mpu_set_sensors   mpu6500_base_driver.o
    0x0002e384   0x0002e384   0x00000020   Code   RO         1735    i.mpu_sleep         mpu6500_base_driver.o
    0x0002e3a4   0x0002e3a4   0x0000006c   Code   RO         1736    i.mpu_write_mem     mpu6500_base_driver.o
    0x0002e410   0x0002e410   0x00000026   Code   RO         4753    i.mutex_lock        pm_buffer.o
    0x0002e436   0x0002e436   0x00000020   Code   RO         4754    i.mutex_lock_status_get  pm_buffer.o
    0x0002e456   0x0002e456   0x00000020   Code   RO         4755    i.mutex_unlock      pm_buffer.o
    0x0002e476   0x0002e476   0x00000002   PAD
    0x0002e478   0x0002e478   0x00000020   Code   RO         5004    i.new_context_get   security_manager.o
    0x0002e498   0x0002e498   0x00000034   Code   RO         4259    i.next_id_get       peer_id.o
    0x0002e4cc   0x0002e4cc   0x00000016   Code   RO         8733    i.nrf_atfifo_clear  nrf_atfifo.o
    0x0002e4e2   0x0002e4e2   0x00000028   Code   RO         8735    i.nrf_atfifo_init   nrf_atfifo.o
    0x0002e50a   0x0002e50a   0x0000001c   Code   RO         8736    i.nrf_atfifo_item_alloc  nrf_atfifo.o
    0x0002e526   0x0002e526   0x0000001c   Code   RO         8737    i.nrf_atfifo_item_free  nrf_atfifo.o
    0x0002e542   0x0002e542   0x0000001c   Code   RO         8738    i.nrf_atfifo_item_get  nrf_atfifo.o
    0x0002e55e   0x0002e55e   0x0000001c   Code   RO         8739    i.nrf_atfifo_item_put  nrf_atfifo.o
    0x0002e57a   0x0002e57a   0x0000001e   Code   RO         8811    i.nrf_atflags_clear  nrf_atflags.o
    0x0002e598   0x0002e598   0x0000002e   Code   RO         8813    i.nrf_atflags_fetch_set  nrf_atflags.o
    0x0002e5c6   0x0002e5c6   0x00000060   Code   RO         8815    i.nrf_atflags_find_and_set_flag  nrf_atflags.o
    0x0002e626   0x0002e626   0x0000001e   Code   RO         8816    i.nrf_atflags_get   nrf_atflags.o
    0x0002e644   0x0002e644   0x0000001e   Code   RO         8818    i.nrf_atflags_set   nrf_atflags.o
    0x0002e662   0x0002e662   0x0000000e   Code   RO         8884    i.nrf_atomic_flag_set_fetch  nrf_atomic.o
    0x0002e670   0x0002e670   0x00000016   Code   RO         8885    i.nrf_atomic_u32_add  nrf_atomic.o
    0x0002e686   0x0002e686   0x00000016   Code   RO         8886    i.nrf_atomic_u32_and  nrf_atomic.o
    0x0002e69c   0x0002e69c   0x00000016   Code   RO         8888    i.nrf_atomic_u32_fetch_add  nrf_atomic.o
    0x0002e6b2   0x0002e6b2   0x00000016   Code   RO         8890    i.nrf_atomic_u32_fetch_or  nrf_atomic.o
    0x0002e6c8   0x0002e6c8   0x00000016   Code   RO         8891    i.nrf_atomic_u32_fetch_store  nrf_atomic.o
    0x0002e6de   0x0002e6de   0x00000016   Code   RO         8895    i.nrf_atomic_u32_or  nrf_atomic.o
    0x0002e6f4   0x0002e6f4   0x00000016   Code   RO         8897    i.nrf_atomic_u32_sub  nrf_atomic.o
    0x0002e70a   0x0002e70a   0x00000016   Code   RO         6462    i.nrf_bitmask_bit_is_set  nrfx_gpiote.o
    0x0002e720   0x0002e720   0x00000016   Code   RO         6463    i.nrf_bitmask_bit_set  nrfx_gpiote.o
    0x0002e736   0x0002e736   0x000000ae   Code   RO         3765    i.nrf_ble_gatt_on_ble_evt  nrf_ble_gatt.o
    0x0002e7e4   0x0002e7e4   0x00000020   Code   RO         3874    i.nrf_ble_qwr_conn_handle_assign  nrf_ble_qwr.o
    0x0002e804   0x0002e804   0x0000007c   Code   RO         3876    i.nrf_ble_qwr_on_ble_evt  nrf_ble_qwr.o
    0x0002e880   0x0002e880   0x00000012   Code   RO         6303    i.nrf_clock_event_check  nrfx_clock.o
    0x0002e892   0x0002e892   0x00000012   Code   RO         6304    i.nrf_clock_event_clear  nrfx_clock.o
    0x0002e8a4   0x0002e8a4   0x0000000c   Code   RO         6305    i.nrf_clock_int_disable  nrfx_clock.o
    0x0002e8b0   0x0002e8b0   0x00000008   Code   RO         6307    i.nrf_clock_task_trigger  nrfx_clock.o
    0x0002e8b8   0x0002e8b8   0x00000030   Code   RO            7    i.nrf_delay_ms      main.o
    0x0002e8e8   0x0002e8e8   0x00000030   Code   RO         1587    i.nrf_delay_ms      led1642gw.o
    0x0002e918   0x0002e918   0x00000030   Code   RO         1737    i.nrf_delay_ms      mpu6500_base_driver.o
    0x0002e948   0x0002e948   0x00000040   Code   RO         5422    i.nrf_drv_clock_init  nrf_drv_clock.o
    0x0002e988   0x0002e988   0x00000030   Code   RO         5426    i.nrf_drv_clock_lfclk_release  nrf_drv_clock.o
    0x0002e9b8   0x0002e9b8   0x00000088   Code   RO         5709    i.nrf_drv_spi_init  nrf_drv_spi.o
    0x0002ea40   0x0002ea40   0x0000000c   Code   RO         9823    i.nrf_drv_spi_uninit  nrf_spi_mngr.o
    0x0002ea4c   0x0002ea4c   0x0000004c   Code   RO         9159    i.nrf_fstorage_erase  nrf_fstorage.o
    0x0002ea98   0x0002ea98   0x0000001c   Code   RO         9251    i.nrf_fstorage_sdh_req_handler  nrf_fstorage_sd.o
    0x0002eab4   0x0002eab4   0x0000002c   Code   RO         9252    i.nrf_fstorage_sdh_state_handler  nrf_fstorage_sd.o
    0x0002eae0   0x0002eae0   0x0000008c   Code   RO         9253    i.nrf_fstorage_sys_evt_handler  nrf_fstorage_sd.o
    0x0002eb6c   0x0002eb6c   0x0000005e   Code   RO         9166    i.nrf_fstorage_write  nrf_fstorage.o
    0x0002ebca   0x0002ebca   0x00000028   Code   RO         1376    i.nrf_gpio_cfg      spi0_imu.o
    0x0002ebf2   0x0002ebf2   0x00000028   Code   RO         6464    i.nrf_gpio_cfg      nrfx_gpiote.o
    0x0002ec1a   0x0002ec1a   0x00000028   Code   RO         7242    i.nrf_gpio_cfg      nrfx_spim.o
    0x0002ec42   0x0002ec42   0x00000018   Code   RO         7243    i.nrf_gpio_cfg_output  nrfx_spim.o
    0x0002ec5a   0x0002ec5a   0x00000032   Code   RO         6466    i.nrf_gpio_cfg_sense_set  nrfx_gpiote.o
    0x0002ec8c   0x0002ec8c   0x00000016   Code   RO         7244    i.nrf_gpio_pin_clear  nrfx_spim.o
    0x0002eca2   0x0002eca2   0x00000018   Code   RO          721    i.nrf_gpio_pin_read  gpio.o
    0x0002ecba   0x0002ecba   0x00000018   Code   RO         6468    i.nrf_gpio_pin_read  nrfx_gpiote.o
    0x0002ecd2   0x0002ecd2   0x00000016   Code   RO         7245    i.nrf_gpio_pin_set  nrfx_spim.o
    0x0002ece8   0x0002ece8   0x0000003a   Code   RO         1378    i.nrf_gpio_pin_write  spi0_imu.o
    0x0002ed22   0x0002ed22   0x0000003a   Code   RO         2323    i.nrf_gpio_pin_write  boards.o
    0x0002ed5c   0x0002ed5c   0x00000028   Code   RO         6470    i.nrf_gpio_ports_read  nrfx_gpiote.o
    0x0002ed84   0x0002ed84   0x0000000c   Code   RO         6471    i.nrf_gpiote_event_addr_get  nrfx_gpiote.o
    0x0002ed90   0x0002ed90   0x0000001c   Code   RO         6472    i.nrf_gpiote_event_clear  nrfx_gpiote.o
    0x0002edac   0x0002edac   0x00000016   Code   RO         6473    i.nrf_gpiote_event_is_set  nrfx_gpiote.o
    0x0002edc2   0x0002edc2   0x00000002   PAD
    0x0002edc4   0x0002edc4   0x0000000c   Code   RO         6474    i.nrf_gpiote_int_enable  nrfx_gpiote.o
    0x0002edd0   0x0002edd0   0x00000016   Code   RO         3309    i.nrf_mtx_unlock    gatt_cache_manager.o
    0x0002ede6   0x0002ede6   0x00000016   Code   RO         9468    i.nrf_mtx_unlock    nrf_pwr_mgmt.o
    0x0002edfc   0x0002edfc   0x0000000e   Code   RO         7105    i.nrf_pwm_event_check  nrfx_pwm.o
    0x0002ee0a   0x0002ee0a   0x0000000e   Code   RO         7106    i.nrf_pwm_event_clear  nrfx_pwm.o
    0x0002ee18   0x0002ee18   0x00000006   Code   RO         7107    i.nrf_pwm_int_set   nrfx_pwm.o
    0x0002ee1e   0x0002ee1e   0x00000006   Code   RO         7108    i.nrf_pwm_loop_set  nrfx_pwm.o
    0x0002ee24   0x0002ee24   0x0000003c   Code   RO         7109    i.nrf_pwm_sequence_set  nrfx_pwm.o
    0x0002ee60   0x0002ee60   0x00000006   Code   RO         7110    i.nrf_pwm_shorts_set  nrfx_pwm.o
    0x0002ee66   0x0002ee66   0x00000006   Code   RO         7111    i.nrf_pwm_task_trigger  nrfx_pwm.o
    0x0002ee6c   0x0002ee6c   0x00000064   Code   RO         9472    i.nrf_pwr_mgmt_shutdown  nrf_pwr_mgmt.o
    0x0002eed0   0x0002eed0   0x0000009c   Code   RO         9564    i.nrf_queue_generic_pop  nrf_queue.o
    0x0002ef6c   0x0002ef6c   0x00000016   Code   RO         9566    i.nrf_queue_is_empty  nrf_queue.o
    0x0002ef82   0x0002ef82   0x00000020   Code   RO         9567    i.nrf_queue_is_full  nrf_queue.o
    0x0002efa2   0x0002efa2   0x00000010   Code   RO         9570    i.nrf_queue_next_idx  nrf_queue.o
    0x0002efb2   0x0002efb2   0x000000cc   Code   RO         9572    i.nrf_queue_push    nrf_queue.o
    0x0002f07e   0x0002f07e   0x00000002   PAD
    0x0002f080   0x0002f080   0x00000010   Code   RO         6004    i.nrf_saadc_buffer_init  nrfx_saadc.o
    0x0002f090   0x0002f090   0x00000018   Code   RO         6005    i.nrf_saadc_channel_input_set  nrfx_saadc.o
    0x0002f0a8   0x0002f0a8   0x00000014   Code   RO         6006    i.nrf_saadc_event_check  nrfx_saadc.o
    0x0002f0bc   0x0002f0bc   0x00000018   Code   RO         6007    i.nrf_saadc_event_clear  nrfx_saadc.o
    0x0002f0d4   0x0002f0d4   0x0000000c   Code   RO         6008    i.nrf_saadc_int_disable  nrfx_saadc.o
    0x0002f0e0   0x0002f0e0   0x0000000c   Code   RO         6009    i.nrf_saadc_int_enable  nrfx_saadc.o
    0x0002f0ec   0x0002f0ec   0x0000000c   Code   RO         6011    i.nrf_saadc_task_trigger  nrfx_saadc.o
    0x0002f0f8   0x0002f0f8   0x00000074   Code   RO        10477    i.nrf_sdh_ble_evts_poll  nrf_sdh_ble.o
    0x0002f16c   0x0002f16c   0x00000064   Code   RO        10350    i.nrf_sdh_disable_request  nrf_sdh.o
    0x0002f1d0   0x0002f1d0   0x00000084   Code   RO        10351    i.nrf_sdh_enable_request  nrf_sdh.o
    0x0002f254   0x0002f254   0x00000030   Code   RO        10352    i.nrf_sdh_evts_poll  nrf_sdh.o
    0x0002f284   0x0002f284   0x0000000c   Code   RO        10353    i.nrf_sdh_is_enabled  nrf_sdh.o
    0x0002f290   0x0002f290   0x00000028   Code   RO        10355    i.nrf_sdh_request_continue  nrf_sdh.o
    0x0002f2b8   0x0002f2b8   0x00000054   Code   RO        10566    i.nrf_sdh_soc_evts_poll  nrf_sdh_soc.o
    0x0002f30c   0x0002f30c   0x00000006   Code   RO        10358    i.nrf_section_iter_get  nrf_sdh.o
    0x0002f312   0x0002f312   0x00000014   Code   RO         9746    i.nrf_section_iter_init  nrf_section_iter.o
    0x0002f326   0x0002f326   0x0000002e   Code   RO         9747    i.nrf_section_iter_item_set  nrf_section_iter.o
    0x0002f354   0x0002f354   0x0000002e   Code   RO         9748    i.nrf_section_iter_next  nrf_section_iter.o
    0x0002f382   0x0002f382   0x00000002   PAD
    0x0002f384   0x0002f384   0x0000003c   Code   RO         9824    i.nrf_spi_mngr_init  nrf_spi_mngr.o
    0x0002f3c0   0x0002f3c0   0x0000001c   Code   RO         9826    i.nrf_spi_mngr_schedule  nrf_spi_mngr.o
    0x0002f3dc   0x0002f3dc   0x0000000e   Code   RO         7246    i.nrf_spim_event_check  nrfx_spim.o
    0x0002f3ea   0x0002f3ea   0x0000000e   Code   RO         7247    i.nrf_spim_event_clear  nrfx_spim.o
    0x0002f3f8   0x0002f3f8   0x00000006   Code   RO         7248    i.nrf_spim_int_disable  nrfx_spim.o
    0x0002f3fe   0x0002f3fe   0x00000006   Code   RO         7249    i.nrf_spim_int_enable  nrfx_spim.o
    0x0002f404   0x0002f404   0x00000006   Code   RO         7250    i.nrf_spim_task_trigger  nrfx_spim.o
    0x0002f40a   0x0002f40a   0x0000000e   Code   RO         5811    i.nrf_timer_compare_event_get  nrfx_timer.o
    0x0002f418   0x0002f418   0x0000000a   Code   RO         5812    i.nrf_timer_compare_int_get  nrfx_timer.o
    0x0002f422   0x0002f422   0x0000000e   Code   RO         5813    i.nrf_timer_event_clear  nrfx_timer.o
    0x0002f430   0x0002f430   0x00000014   Code   RO         6313    i.nrfx_clock_enable  nrfx_clock.o
    0x0002f444   0x0002f444   0x00000024   Code   RO         6316    i.nrfx_clock_init   nrfx_clock.o
    0x0002f468   0x0002f468   0x00000020   Code   RO         6319    i.nrfx_clock_lfclk_stop  nrfx_clock.o
    0x0002f488   0x0002f488   0x00000018   Code   RO         7741    i.nrfx_coredep_delay_us  app_timer.o
    0x0002f4a0   0x0002f4a0   0x00000008   Code   RO         6321    i.nrfx_get_irq_number  nrfx_clock.o
    0x0002f4a8   0x0002f4a8   0x00000008   Code   RO         7112    i.nrfx_get_irq_number  nrfx_pwm.o
    0x0002f4b0   0x0002f4b0   0x00000008   Code   RO         7251    i.nrfx_get_irq_number  nrfx_spim.o
    0x0002f4b8   0x0002f4b8   0x000000ac   Code   RO         6481    i.nrfx_gpiote_in_event_enable  nrfx_gpiote.o
    0x0002f564   0x0002f564   0x000000f4   Code   RO         6482    i.nrfx_gpiote_in_init  nrfx_gpiote.o
    0x0002f658   0x0002f658   0x000000b0   Code   RO         6485    i.nrfx_gpiote_init  nrfx_gpiote.o
    0x0002f708   0x0002f708   0x00000014   Code   RO         7252    i.nrfx_is_in_ram    nrfx_spim.o
    0x0002f71c   0x0002f71c   0x000000a4   Code   RO         6322    i.nrfx_power_clock_irq_init  nrfx_clock.o
    0x0002f7c0   0x0002f7c0   0x0000004e   Code   RO         6776    i.nrfx_prs_acquire  nrfx_prs.o
    0x0002f80e   0x0002f80e   0x00000016   Code   RO         6777    i.nrfx_prs_release  nrfx_prs.o
    0x0002f824   0x0002f824   0x00000108   Code   RO         7114    i.nrfx_pwm_init     nrfx_pwm.o
    0x0002f92c   0x0002f92c   0x00000030   Code   RO         7115    i.nrfx_pwm_is_stopped  nrfx_pwm.o
    0x0002f95c   0x0002f95c   0x00000084   Code   RO         7116    i.nrfx_pwm_simple_playback  nrfx_pwm.o
    0x0002f9e0   0x0002f9e0   0x00000034   Code   RO         7117    i.nrfx_pwm_stop     nrfx_pwm.o
    0x0002fa14   0x0002fa14   0x000000d8   Code   RO         6016    i.nrfx_saadc_channel_init  nrfx_saadc.o
    0x0002faec   0x0002faec   0x000000e8   Code   RO         6018    i.nrfx_saadc_init   nrfx_saadc.o
    0x0002fbd4   0x0002fbd4   0x000001cc   Code   RO         7255    i.nrfx_spim_init    nrfx_spim.o
    0x0002fda0   0x0002fda0   0x000000ac   Code   RO         7257    i.nrfx_spim_uninit  nrfx_spim.o
    0x0002fe4c   0x0002fe4c   0x0000006c   Code   RO         7258    i.nrfx_spim_xfer    nrfx_spim.o
    0x0002feb8   0x0002feb8   0x00000030   Code   RO         2916    i.on_conn_params_update  ble_conn_params.o
    0x0002fee8   0x0002fee8   0x00000070   Code   RO         2917    i.on_connect        ble_conn_params.o
    0x0002ff58   0x0002ff58   0x00000074   Code   RO         5159    i.on_connect        ble_nus.o
    0x0002ffcc   0x0002ffcc   0x0000000c   Code   RO         5220    i.on_connect        ble_dfu.o
    0x0002ffd8   0x0002ffd8   0x0000000e   Code   RO         2765    i.on_connected      ble_advertising.o
    0x0002ffe6   0x0002ffe6   0x00000066   Code   RO         3766    i.on_connected_evt  nrf_ble_gatt.o
    0x0003004c   0x0003004c   0x00000058   Code   RO         5221    i.on_ctrlpt_write   ble_dfu.o
    0x000300a4   0x000300a4   0x00000054   Code   RO         3767    i.on_data_length_update_evt  nrf_ble_gatt.o
    0x000300f8   0x000300f8   0x00000030   Code   RO         3768    i.on_data_length_update_request_evt  nrf_ble_gatt.o
    0x00030128   0x00030128   0x00000032   Code   RO         2918    i.on_disconnect     ble_conn_params.o
    0x0003015a   0x0003015a   0x00000002   PAD
    0x0003015c   0x0003015c   0x0000001c   Code   RO         5222    i.on_disconnect     ble_dfu.o
    0x00030178   0x00030178   0x00000032   Code   RO         2766    i.on_disconnected   ble_advertising.o
    0x000301aa   0x000301aa   0x00000014   Code   RO         3769    i.on_disconnected_evt  nrf_ble_gatt.o
    0x000301be   0x000301be   0x00000002   PAD
    0x000301c0   0x000301c0   0x0000006c   Code   RO         3770    i.on_exchange_mtu_request_evt  nrf_ble_gatt.o
    0x0003022c   0x0003022c   0x00000064   Code   RO         3771    i.on_exchange_mtu_rsp_evt  nrf_ble_gatt.o
    0x00030290   0x00030290   0x0000002c   Code   RO         5223    i.on_hvc            ble_dfu.o
    0x000302bc   0x000302bc   0x00000044   Code   RO         5160    i.on_hvx_tx_complete  ble_nus.o
    0x00030300   0x00030300   0x00000024   Code   RO         9254    i.on_operation_failure  nrf_fstorage_sd.o
    0x00030324   0x00030324   0x0000005c   Code   RO         9255    i.on_operation_success  nrf_fstorage_sd.o
    0x00030380   0x00030380   0x00000044   Code   RO         5224    i.on_rw_authorize_req  ble_dfu.o
    0x000303c4   0x000303c4   0x0000006a   Code   RO         3877    i.on_rw_authorize_request  nrf_ble_qwr.o
    0x0003042e   0x0003042e   0x00000040   Code   RO         2767    i.on_terminated     ble_advertising.o
    0x0003046e   0x0003046e   0x00000002   Code   RO         3878    i.on_user_mem_release  nrf_ble_qwr.o
    0x00030470   0x00030470   0x00000020   Code   RO         3879    i.on_user_mem_request  nrf_ble_qwr.o
    0x00030490   0x00030490   0x00000058   Code   RO         2919    i.on_write          ble_conn_params.o
    0x000304e8   0x000304e8   0x00000094   Code   RO         5161    i.on_write          ble_nus.o
    0x0003057c   0x0003057c   0x0000002c   Code   RO         5225    i.on_write          ble_dfu.o
    0x000305a8   0x000305a8   0x00000044   Code   RO         8280    i.page_from_record  fds.o
    0x000305ec   0x000305ec   0x00000034   Code   RO         8281    i.page_has_space    fds.o
    0x00030620   0x00030620   0x0000001c   Code   RO         8284    i.page_offsets_update  fds.o
    0x0003063c   0x0003063c   0x00000020   Code   RO         8286    i.page_tag_write_data  fds.o
    0x0003065c   0x0003065c   0x00000024   Code   RO         8287    i.page_tag_write_swap  fds.o
    0x00030680   0x00030680   0x00000014   Code   RO         4823    i.pairing           security_dispatcher.o
    0x00030694   0x00030694   0x00000054   Code   RO         4824    i.pairing_failure   security_dispatcher.o
    0x000306e8   0x000306e8   0x00000034   Code   RO         4825    i.pairing_success_evt_send  security_dispatcher.o
    0x0003071c   0x0003071c   0x00000010   Code   RO         5005    i.params_reply_pending_handle  security_manager.o
    0x0003072c   0x0003072c   0x0000002c   Code   RO         5006    i.params_req_send   security_manager.o
    0x00030758   0x00030758   0x00000020   Code   RO         4108    i.pdb_evt_send      peer_database.o
    0x00030778   0x00030778   0x0000006c   Code   RO         4110    i.pdb_pds_evt_handler  peer_database.o
    0x000307e4   0x000307e4   0x00000016   Code   RO         4111    i.pdb_peer_data_ptr_get  peer_database.o
    0x000307fa   0x000307fa   0x00000052   Code   RO         4112    i.pdb_peer_free     peer_database.o
    0x0003084c   0x0003084c   0x000000cc   Code   RO         4113    i.pdb_write_buf_get  peer_database.o
    0x00030918   0x00030918   0x00000020   Code   RO         4114    i.pdb_write_buf_release  peer_database.o
    0x00030938   0x00030938   0x00000044   Code   RO         4115    i.pdb_write_buf_store  peer_database.o
    0x0003097c   0x0003097c   0x00000024   Code   RO         3936    i.pds_evt_send      peer_data_storage.o
    0x000309a0   0x000309a0   0x0000000c   Code   RO         3938    i.pds_next_deleted_peer_id_get  peer_data_storage.o
    0x000309ac   0x000309ac   0x0000000c   Code   RO         3939    i.pds_next_peer_id_get  peer_data_storage.o
    0x000309b8   0x000309b8   0x0000006c   Code   RO         3942    i.pds_peer_data_iterate  peer_data_storage.o
    0x00030a24   0x00030a24   0x00000010   Code   RO         3943    i.pds_peer_data_iterate_prepare  peer_data_storage.o
    0x00030a34   0x00030a34   0x0000009a   Code   RO         3944    i.pds_peer_data_read  peer_data_storage.o
    0x00030ace   0x00030ace   0x00000096   Code   RO         3945    i.pds_peer_data_store  peer_data_storage.o
    0x00030b64   0x00030b64   0x0000000c   Code   RO         3946    i.pds_peer_id_allocate  peer_data_storage.o
    0x00030b70   0x00030b70   0x0000001e   Code   RO         3947    i.pds_peer_id_free  peer_data_storage.o
    0x00030b8e   0x00030b8e   0x0000000c   Code   RO         3948    i.pds_peer_id_is_allocated  peer_data_storage.o
    0x00030b9a   0x00030b9a   0x0000001c   Code   RO         4116    i.peer_data_const_point_to_buffer  peer_database.o
    0x00030bb6   0x00030bb6   0x00000002   PAD
    0x00030bb8   0x00030bb8   0x0000007c   Code   RO         3950    i.peer_data_delete_process  peer_data_storage.o
    0x00030c34   0x00030c34   0x00000040   Code   RO         3951    i.peer_data_find    peer_data_storage.o
    0x00030c74   0x00030c74   0x00000026   Code   RO         3952    i.peer_data_id_is_valid  peer_data_storage.o
    0x00030c9a   0x00030c9a   0x0000000a   Code   RO         3953    i.peer_data_id_to_record_key  peer_data_storage.o
    0x00030ca4   0x00030ca4   0x0000001a   Code   RO         4117    i.peer_data_point_to_buffer  peer_database.o
    0x00030cbe   0x00030cbe   0x00000002   PAD
    0x00030cc0   0x00030cc0   0x00000014   Code   RO         4260    i.peer_id_allocate  peer_id.o
    0x00030cd4   0x00030cd4   0x0000002c   Code   RO         4261    i.peer_id_delete    peer_id.o
    0x00030d00   0x00030d00   0x0000001c   Code   RO         4262    i.peer_id_free      peer_id.o
    0x00030d1c   0x00030d1c   0x00000014   Code   RO         4263    i.peer_id_get_next_deleted  peer_id.o
    0x00030d30   0x00030d30   0x00000038   Code   RO         4264    i.peer_id_get_next_used  peer_id.o
    0x00030d68   0x00030d68   0x0000001c   Code   RO         4266    i.peer_id_is_allocated  peer_id.o
    0x00030d84   0x00030d84   0x0000001c   Code   RO         4267    i.peer_id_is_deleted  peer_id.o
    0x00030da0   0x00030da0   0x0000000a   Code   RO         3954    i.peer_id_to_file_id  peer_data_storage.o
    0x00030daa   0x00030daa   0x00000016   Code   RO         2768    i.phy_is_valid      ble_advertising.o
    0x00030dc0   0x00030dc0   0x00000014   Code   RO         6502    i.pin_configured_set  nrfx_gpiote.o
    0x00030dd4   0x00030dd4   0x0000001c   Code   RO         6503    i.pin_in_use_by_gpiote  nrfx_gpiote.o
    0x00030df0   0x00030df0   0x00000018   Code   RO         6504    i.pin_in_use_by_port  nrfx_gpiote.o
    0x00030e08   0x00030e08   0x00000020   Code   RO         6505    i.pin_in_use_by_te  nrfx_gpiote.o
    0x00030e28   0x00030e28   0x0000000c   Code   RO         6506    i.pin_in_use_clear  nrfx_gpiote.o
    0x00030e34   0x00030e34   0x00000062   Code   RO         4756    i.pm_buffer_block_acquire  pm_buffer.o
    0x00030e96   0x00030e96   0x00000030   Code   RO         4758    i.pm_buffer_ptr_get  pm_buffer.o
    0x00030ec6   0x00030ec6   0x00000028   Code   RO         4759    i.pm_buffer_release  pm_buffer.o
    0x00030eee   0x00030eee   0x0000000c   Code   RO         4363    i.pm_gcm_evt_handler  peer_manager.o
    0x00030efa   0x00030efa   0x0000000c   Code   RO         4364    i.pm_gscm_evt_handler  peer_manager.o
    0x00030f06   0x00030f06   0x0000000c   Code   RO         4367    i.pm_im_evt_handler  peer_manager.o
    0x00030f12   0x00030f12   0x00000002   PAD
    0x00030f14   0x00030f14   0x00000184   Code   RO         4372    i.pm_pdb_evt_handler  peer_manager.o
    0x00031098   0x00031098   0x000000dc   Code   RO         4388    i.pm_peer_ranks_get  peer_manager.o
    0x00031174   0x00031174   0x00000016   Code   RO         4394    i.pm_sm_evt_handler  peer_manager.o
    0x0003118a   0x0003118a   0x00000002   PAD
    0x0003118c   0x0003118c   0x00000018   Code   RO         6778    i.prs_box_get       nrfx_prs.o
    0x000311a4   0x000311a4   0x00000020   Code   RO         8289    i.queue_buf_get     fds.o
    0x000311c4   0x000311c4   0x00000014   Code   RO         8290    i.queue_buf_store   fds.o
    0x000311d8   0x000311d8   0x00000014   Code   RO         8291    i.queue_free        fds.o
    0x000311ec   0x000311ec   0x00000018   Code   RO         9256    i.queue_free        nrf_fstorage_sd.o
    0x00031204   0x00031204   0x00000018   Code   RO         8292    i.queue_has_next    fds.o
    0x0003121c   0x0003121c   0x00000014   Code   RO         8294    i.queue_load        fds.o
    0x00031230   0x00031230   0x0000002c   Code   RO         9257    i.queue_load_next   nrf_fstorage_sd.o
    0x0003125c   0x0003125c   0x000000c0   Code   RO         8295    i.queue_process     fds.o
    0x0003131c   0x0003131c   0x00000090   Code   RO         9258    i.queue_process     nrf_fstorage_sd.o
    0x000313ac   0x000313ac   0x00000018   Code   RO         8296    i.queue_start       fds.o
    0x000313c4   0x000313c4   0x0000001c   Code   RO         9259    i.queue_start       nrf_fstorage_sd.o
    0x000313e0   0x000313e0   0x0000001c   Code   RO         9578    i.queue_utilization_get  nrf_queue.o
    0x000313fc   0x000313fc   0x00000030   Code   RO         4398    i.rank_vars_update  peer_manager.o
    0x0003142c   0x0003142c   0x0000001c   Code   RO         9260    i.read              nrf_fstorage_sd.o
    0x00031448   0x00031448   0x00000078   Code   RO         4118    i.reattempt_previous_operations  peer_database.o
    0x000314c0   0x000314c0   0x00000028   Code   RO         3036    i.record_activate   ble_conn_state.o
    0x000314e8   0x000314e8   0x0000008c   Code   RO         8297    i.record_find       fds.o
    0x00031574   0x00031574   0x0000003a   Code   RO         8298    i.record_find_and_delete  fds.o
    0x000315ae   0x000315ae   0x00000002   PAD
    0x000315b0   0x000315b0   0x0000007c   Code   RO         8299    i.record_find_by_desc  fds.o
    0x0003162c   0x0003162c   0x00000078   Code   RO         8300    i.record_find_next  fds.o
    0x000316a4   0x000316a4   0x0000003c   Code   RO         8301    i.record_header_flag_dirty  fds.o
    0x000316e0   0x000316e0   0x0000002c   Code   RO         8302    i.record_header_write_begin  fds.o
    0x0003170c   0x0003170c   0x00000038   Code   RO         8303    i.record_header_write_finalize  fds.o
    0x00031744   0x00031744   0x00000038   Code   RO         8304    i.record_header_write_id  fds.o
    0x0003177c   0x0003177c   0x00000010   Code   RO         8305    i.record_id_new     fds.o
    0x0003178c   0x0003178c   0x00000020   Code   RO         3037    i.record_invalidate  ble_conn_state.o
    0x000317ac   0x000317ac   0x00000048   Code   RO         3038    i.record_purge_disconnected  ble_conn_state.o
    0x000317f4   0x000317f4   0x00000014   Code   RO         3039    i.record_set_disconnected  ble_conn_state.o
    0x00031808   0x00031808   0x00000030   Code   RO         8306    i.record_write_data  fds.o
    0x00031838   0x00031838   0x00000014   Code   RO         4269    i.release           peer_id.o
    0x0003184c   0x0003184c   0x00000006   Code   RO         9261    i.rmap              nrf_fstorage_sd.o
    0x00031852   0x00031852   0x00000002   PAD
    0x00031854   0x00031854   0x0000000c   Code   RO         7742    i.rtc1_compare0_set  app_timer.o
    0x00031860   0x00031860   0x0000000c   Code   RO         7743    i.rtc1_counter_get  app_timer.o
    0x0003186c   0x0003186c   0x00000018   Code   RO         7744    i.rtc1_init         app_timer.o
    0x00031884   0x00031884   0x0000003c   Code   RO         7745    i.rtc1_start        app_timer.o
    0x000318c0   0x000318c0   0x00000058   Code   RO         7746    i.rtc1_stop         app_timer.o
    0x00031918   0x00031918   0x00000002   Code   RO          846    i.saadc_callback    saadc.o
    0x0003191a   0x0003191a   0x00000002   PAD
    0x0003191c   0x0003191c   0x00000020   Code   RO         3310    i.sc_send_pending_handle  gatt_cache_manager.o
    0x0003193c   0x0003193c   0x00000098   Code   RO        10359    i.sd_nvic_EnableIRQ  nrf_sdh.o
    0x000319d4   0x000319d4   0x00000068   Code   RO         7957    i.sd_nvic_critical_region_enter  app_util_platform.o
    0x00031a3c   0x00031a3c   0x00000068   Code   RO         5429    i.sd_state_evt_handler  nrf_drv_clock.o
    0x00031aa4   0x00031aa4   0x0000003c   Code   RO        10360    i.sdh_request_observer_notify  nrf_sdh.o
    0x00031ae0   0x00031ae0   0x00000034   Code   RO        10361    i.sdh_state_observer_notify  nrf_sdh.o
    0x00031b14   0x00031b14   0x000000b0   Code   RO         4826    i.sec_info_request_process  security_dispatcher.o
    0x00031bc4   0x00031bc4   0x00000074   Code   RO         4827    i.sec_keyset_fill   security_dispatcher.o
    0x00031c38   0x00031c38   0x00000030   Code   RO         4828    i.sec_params_request_process  security_dispatcher.o
    0x00031c68   0x00031c68   0x00000058   Code   RO         4829    i.sec_proc_start    security_dispatcher.o
    0x00031cc0   0x00031cc0   0x0000005c   Code   RO         5008    i.sec_req_process   security_manager.o
    0x00031d1c   0x00031d1c   0x00000028   Code   RO         4830    i.sec_start_send    security_dispatcher.o
    0x00031d44   0x00031d44   0x00000022   Code   RO         4831    i.send_config_req   security_dispatcher.o
    0x00031d66   0x00031d66   0x00000002   PAD
    0x00031d68   0x00031d68   0x00000018   Code   RO         2920    i.send_error_evt    ble_conn_params.o
    0x00031d80   0x00031d80   0x00000028   Code   RO         4832    i.send_params_req   security_dispatcher.o
    0x00031da8   0x00031da8   0x00000024   Code   RO         4833    i.send_storage_full_evt  security_dispatcher.o
    0x00031dcc   0x00031dcc   0x00000028   Code   RO         3311    i.send_unexpected_error  gatt_cache_manager.o
    0x00031df4   0x00031df4   0x0000002c   Code   RO         3958    i.send_unexpected_error  peer_data_storage.o
    0x00031e20   0x00031e20   0x00000028   Code   RO         4834    i.send_unexpected_error  security_dispatcher.o
    0x00031e48   0x00031e48   0x0000007c   Code   RO         3312    i.service_changed_cccd  gatt_cache_manager.o
    0x00031ec4   0x00031ec4   0x00000020   Code   RO         3313    i.service_changed_needed  gatt_cache_manager.o
    0x00031ee4   0x00031ee4   0x00000018   Code   RO         3314    i.service_changed_pending_flags_check  gatt_cache_manager.o
    0x00031efc   0x00031efc   0x0000007c   Code   RO         3499    i.service_changed_pending_set  gatts_cache_manager.o
    0x00031f78   0x00031f78   0x000000bc   Code   RO         3315    i.service_changed_send_in_evt  gatt_cache_manager.o
    0x00032034   0x00032034   0x00000030   Code   RO         2769    i.set_adv_mode_directed  ble_advertising.o
    0x00032064   0x00032064   0x00000024   Code   RO         2770    i.set_adv_mode_directed_high_duty  ble_advertising.o
    0x00032088   0x00032088   0x0000005c   Code   RO         2771    i.set_adv_mode_fast  ble_advertising.o
    0x000320e4   0x000320e4   0x0000005c   Code   RO         2772    i.set_adv_mode_slow  ble_advertising.o
    0x00032140   0x00032140   0x0000003c   Code   RO         5348    i.set_adv_name      ble_dfu_unbonded.o
    0x0003217c   0x0003217c   0x0000002c   Code   RO         1738    i.set_int_enable    mpu6500_base_driver.o
    0x000321a8   0x000321a8   0x000000b4   Code   RO         9474    i.shutdown_process  nrf_pwr_mgmt.o
    0x0003225c   0x0003225c   0x00000034   Code   RO         5009    i.sm_ble_evt_handler  security_manager.o
    0x00032290   0x00032290   0x00000058   Code   RO         5014    i.sm_pdb_evt_handler  security_manager.o
    0x000322e8   0x000322e8   0x00000032   Code   RO         5017    i.sm_smd_evt_handler  security_manager.o
    0x0003231a   0x0003231a   0x0000004c   Code   RO         4835    i.smd_ble_evt_handler  security_dispatcher.o
    0x00032366   0x00032366   0x00000028   Code   RO         4838    i.smd_link_secure   security_dispatcher.o
    0x0003238e   0x0003238e   0x00000002   PAD
    0x00032390   0x00032390   0x000000c0   Code   RO         4839    i.smd_params_reply  security_dispatcher.o
    0x00032450   0x00032450   0x00000040   Code   RO         5018    i.smd_params_reply_perform  security_manager.o
    0x00032490   0x00032490   0x0000001c   Code   RO         5430    i.soc_evt_handler   nrf_drv_clock.o
    0x000324ac   0x000324ac   0x0000006c   Code   RO        10362    i.softdevice_evt_irq_disable  nrf_sdh.o
    0x00032518   0x00032518   0x0000001e   Code   RO        10363    i.softdevices_evt_irq_enable  nrf_sdh.o
    0x00032536   0x00032536   0x00000048   Code   RO         9828    i.spi_event_handler  nrf_spi_mngr.o
    0x0003257e   0x0003257e   0x00000002   PAD
    0x00032580   0x00032580   0x00000040   Code   RO         5711    i.spim_evt_handler  nrf_drv_spi.o
    0x000325c0   0x000325c0   0x0000010e   Code   RO         7259    i.spim_xfer         nrfx_spim.o
    0x000326ce   0x000326ce   0x0000006e   Code   RO        10831    i.sqrt              m_wm.l(sqrt.o)
    0x0003273c   0x0003273c   0x000000b8   Code   RO         9830    i.start_pending_transaction  nrf_spi_mngr.o
    0x000327f4   0x000327f4   0x0000006a   Code   RO         7119    i.start_playback    nrfx_pwm.o
    0x0003285e   0x0003285e   0x00000052   Code   RO         9831    i.start_transfer    nrf_spi_mngr.o
    0x000328b0   0x000328b0   0x0000004c   Code   RO         3316    i.store_car_value   gatt_cache_manager.o
    0x000328fc   0x000328fc   0x0000000a   Code   RO         7747    i.ticks_diff_get    app_timer.o
    0x00032906   0x00032906   0x0000000c   Code   RO         7748    i.timeout_handler_exec  app_timer.o
    0x00032912   0x00032912   0x00000002   PAD
    0x00032914   0x00032914   0x00000050   Code   RO         7749    i.timer_list_handler  app_timer.o
    0x00032964   0x00032964   0x0000000a   Code   RO         7750    i.timer_list_handler_sched  app_timer.o
    0x0003296e   0x0003296e   0x00000002   PAD
    0x00032970   0x00032970   0x00000068   Code   RO         7751    i.timer_list_insert  app_timer.o
    0x000329d8   0x000329d8   0x00000088   Code   RO         7752    i.timer_list_remove  app_timer.o
    0x00032a60   0x00032a60   0x0000005e   Code   RO         7753    i.timer_start_op_schedule  app_timer.o
    0x00032abe   0x00032abe   0x00000042   Code   RO         7754    i.timer_stop_op_schedule  app_timer.o
    0x00032b00   0x00032b00   0x00000098   Code   RO         7755    i.timer_timeouts_check  app_timer.o
    0x00032b98   0x00032b98   0x0000000a   Code   RO         7756    i.timer_timeouts_check_sched  app_timer.o
    0x00032ba2   0x00032ba2   0x0000001c   Code   RO          899    i.timers_init       system.o
    0x00032bbe   0x00032bbe   0x00000018   Code   RO         9832    i.transaction_begin_signal  nrf_spi_mngr.o
    0x00032bd6   0x00032bd6   0x00000020   Code   RO         9833    i.transaction_end_signal  nrf_spi_mngr.o
    0x00032bf6   0x00032bf6   0x0000000c   Code   RO         3205    i.uint16_decode     ble_srv_common.o
    0x00032c02   0x00032c02   0x00000002   PAD
    0x00032c04   0x00032c04   0x00000024   Code   RO         9262    i.uninit            nrf_fstorage_sd.o
    0x00032c28   0x00032c28   0x00000034   Code   RO         3317    i.update_pending_flags_check  gatt_cache_manager.o
    0x00032c5c   0x00032c5c   0x0000001e   Code   RO         2773    i.use_whitelist     ble_advertising.o
    0x00032c7a   0x00032c7a   0x00000002   PAD
    0x00032c7c   0x00032c7c   0x00000014   Code   RO         3040    i.user_flag_is_acquired  ble_conn_state.o
    0x00032c90   0x00032c90   0x0000002c   Code   RO         3880    i.user_mem_reply    nrf_ble_qwr.o
    0x00032cbc   0x00032cbc   0x0000003c   Code   RO         7757    i.user_op_alloc     app_timer.o
    0x00032cf8   0x00032cf8   0x0000000c   Code   RO         7758    i.user_op_enque     app_timer.o
    0x00032d04   0x00032d04   0x00000008   Code   RO         2774    i.whitelist_has_entries  ble_advertising.o
    0x00032d0c   0x00032d0c   0x00000006   Code   RO         9263    i.wmap              nrf_fstorage_sd.o
    0x00032d12   0x00032d12   0x00000002   PAD
    0x00032d14   0x00032d14   0x00000054   Code   RO         9264    i.write             nrf_fstorage_sd.o
    0x00032d68   0x00032d68   0x00000038   Code   RO         4119    i.write_buf_length_words_set  peer_database.o
    0x00032da0   0x00032da0   0x000000ac   Code   RO         4120    i.write_buf_store   peer_database.o
    0x00032e4c   0x00032e4c   0x00000048   Code   RO         4121    i.write_buf_store_in_event  peer_database.o
    0x00032e94   0x00032e94   0x00000024   Code   RO         4122    i.write_buffer_record_acquire  peer_database.o
    0x00032eb8   0x00032eb8   0x0000004c   Code   RO         4123    i.write_buffer_record_find  peer_database.o
    0x00032f04   0x00032f04   0x00000034   Code   RO         4124    i.write_buffer_record_find_next  peer_database.o
    0x00032f38   0x00032f38   0x00000030   Code   RO         4125    i.write_buffer_record_find_stored  peer_database.o
    0x00032f68   0x00032f68   0x0000000e   Code   RO         4126    i.write_buffer_record_find_unused  peer_database.o
    0x00032f76   0x00032f76   0x00000024   Code   RO         4127    i.write_buffer_record_invalidate  peer_database.o
    0x00032f9a   0x00032f9a   0x00000002   PAD
    0x00032f9c   0x00032f9c   0x00000028   Code   RO         4128    i.write_buffer_record_release  peer_database.o
    0x00032fc4   0x00032fc4   0x000000e0   Code   RO         8308    i.write_enqueue     fds.o
    0x000330a4   0x000330a4   0x000000c4   Code   RO         8309    i.write_execute     fds.o
    0x00033168   0x00033168   0x00000054   Code   RO         9265    i.write_execute     nrf_fstorage_sd.o
    0x000331bc   0x000331bc   0x00000024   Code   RO         8310    i.write_space_free  fds.o
    0x000331e0   0x000331e0   0x00000078   Code   RO         8311    i.write_space_reserve  fds.o
    0x00033258   0x00033258   0x00000008   PAD
    0x00033260   0x00033260   0x0000000f   Data   RO            8    .constdata          main.o
    0x0003326f   0x0003326f   0x00000001   PAD
    0x00033270   0x00033270   0x0000000b   Data   RO          722    .constdata          gpio.o
    0x0003327b   0x0003327b   0x00000001   PAD
    0x0003327c   0x0003327c   0x00000018   Data   RO          797    .constdata          pwm.o
    0x00033294   0x00033294   0x0000000d   Data   RO          847    .constdata          saadc.o
    0x000332a1   0x000332a1   0x00000003   PAD
    0x000332a4   0x000332a4   0x00000088   Data   RO         1380    .constdata          spi0_imu.o
    0x0003332c   0x0003332c   0x00000028   Data   RO         1482    .constdata          spi1_led.o
    0x00033354   0x00033354   0x0000000c   PAD
    0x00033360   0x00033360   0x00000006   Data   RO         1589    .constdata          led1642gw.o
    0x00033366   0x00033366   0x0000000a   PAD
    0x00033370   0x00033370   0x00000066   Data   RO         1739    .constdata          mpu6500_base_driver.o
    0x000333d6   0x000333d6   0x00000008   Data   RO         2324    .constdata          boards.o
    0x000333de   0x000333de   0x00000002   PAD
    0x000333e0   0x000333e0   0x0000002c   Data   RO         2445    .constdata          bsp.o
    0x0003340c   0x0003340c   0x0000007c   Data   RO         3318    .constdata          gatt_cache_manager.o
    0x00033488   0x00033488   0x00000018   Data   RO         3500    .constdata          gatts_cache_manager.o
    0x000334a0   0x000334a0   0x00000008   Data   RO         3608    .constdata          id_manager.o
    0x000334a8   0x000334a8   0x00000016   Data   RO         3772    .constdata          nrf_ble_gatt.o
    0x000334be   0x000334be   0x00000002   PAD
    0x000334c0   0x000334c0   0x0000001c   Data   RO         3959    .constdata          peer_data_storage.o
    0x000334dc   0x000334dc   0x00000010   Data   RO         4130    .constdata          peer_database.o
    0x000334ec   0x000334ec   0x0000008c   Data   RO         4841    .constdata          security_dispatcher.o
    0x00033578   0x00033578   0x00000004   Data   RO         5019    .constdata          security_manager.o
    0x0003357c   0x0003357c   0x00000010   Data   RO         5713    .constdata          nrf_drv_spi.o
    0x0003358c   0x0003358c   0x0000003e   Data   RO         6508    .constdata          nrfx_gpiote.o
    0x000335ca   0x000335ca   0x00000002   PAD
    0x000335cc   0x000335cc   0x00000031   Data   RO         7261    .constdata          nrfx_spim.o
    0x000335fd   0x000335fd   0x00000003   PAD
    0x00033600   0x00033600   0x00000006   Data   RO         7760    .constdata          app_timer.o
    0x00033606   0x00033606   0x00000002   PAD
    0x00033608   0x00033608   0x00000018   Data   RO         8313    .constdata          fds.o
    0x00033620   0x00033620   0x00000030   Data   RO         9267    .constdata          nrf_fstorage_sd.o
    0x00033650   0x00033650   0x00000058   Data   RO        10364    .constdata          nrf_sdh.o
    0x000336a8   0x000336a8   0x00000030   Data   RO        10479    .constdata          nrf_sdh_ble.o
    0x000336d8   0x000336d8   0x0000001c   Data   RO        10567    .constdata          nrf_sdh_soc.o
    0x000336f4   0x000336f4   0x00000004   PAD
    0x000336f8   0x000336f8   0x00000050   Data   RO        10702    .constdata          m_wm.l(asin.o)
    0x00033748   0x00033748   0x00000098   Data   RO        10785    .constdata          m_wm.l(atan.o)
    0x000337e0   0x000337e0   0x00000030   Data   RO        10797    .constdata          m_wm.l(cos_i.o)
    0x00033810   0x00033810   0x00000008   Data   RO        10817    .constdata          m_wm.l(qnan.o)
    0x00033818   0x00033818   0x000000c8   Data   RO        10820    .constdata          m_wm.l(rred.o)
    0x000338e0   0x000338e0   0x00000028   Data   RO        10824    .constdata          m_wm.l(sin_i.o)
    0x00033908   0x00033908   0x00000020   Data   RO        10887    Region$$Table       anon$$obj.o
    0x00033928   0x00033928   0x00000014   Data   RO         1382    nrf_queue           spi0_imu.o
    0x0003393c   0x0003393c   0x00000014   Data   RO         1484    nrf_queue           spi1_led.o
    0x00033950   0x00033950   0x00000008   Data   RO         3042    sdh_ble_observers0  ble_conn_state.o
    0x00033958   0x00033958   0x00000010   Data   RO         1026    sdh_ble_observers1  juno_ble.o
    0x00033968   0x00033968   0x00000008   Data   RO         2553    sdh_ble_observers1  bsp_btn_ble.o
    0x00033970   0x00033970   0x00000008   Data   RO         2925    sdh_ble_observers1  ble_conn_params.o
    0x00033978   0x00033978   0x00000008   Data   RO         4402    sdh_ble_observers1  peer_manager.o
    0x00033980   0x00033980   0x00000010   Data   RO         1027    sdh_ble_observers2  juno_ble.o
    0x00033990   0x00033990   0x00000008   Data   RO         5228    sdh_ble_observers2  ble_dfu.o
    0x00033998   0x00033998   0x00000008   Data   RO         1028    sdh_ble_observers3  juno_ble.o
    0x000339a0   0x000339a0   0x00000008   Data   RO         9269    sdh_req_observers0  nrf_fstorage_sd.o
    0x000339a8   0x000339a8   0x00000008   Data   RO         5433    sdh_soc_observers0  nrf_drv_clock.o
    0x000339b0   0x000339b0   0x00000008   Data   RO         9270    sdh_soc_observers0  nrf_fstorage_sd.o
    0x000339b8   0x000339b8   0x00000008   Data   RO         1029    sdh_soc_observers1  juno_ble.o
    0x000339c0   0x000339c0   0x00000008   Data   RO         5351    sdh_soc_observers1  ble_dfu_unbonded.o
    0x000339c8   0x000339c8   0x00000008   Data   RO        10481    sdh_stack_observers0  nrf_sdh_ble.o
    0x000339d0   0x000339d0   0x00000008   Data   RO        10568    sdh_stack_observers0  nrf_sdh_soc.o
    0x000339d8   0x000339d8   0x00000008   Data   RO         5434    sdh_state_observers0  nrf_drv_clock.o
    0x000339e0   0x000339e0   0x00000008   Data   RO         9271    sdh_state_observers0  nrf_fstorage_sd.o


    Execution Region RW_IRAM1 (Exec base: 0x20002a98, Load base: 0x000339e8, Size: 0x00003c68, Max: 0x00020000, ABSOLUTE, COMPRESSED[0x000009b0])

    Exec Addr    Load Addr    Size         Type   Attr      Idx    E Section Name        Object

    0x20002a98   COMPRESSED   0x0000000c   Data   RW            9    .data               main.o
    0x20002aa4   COMPRESSED   0x00000003   Data   RW          723    .data               gpio.o
    0x20002aa7   COMPRESSED   0x00000001   PAD
    0x20002aa8   COMPRESSED   0x00000020   Data   RW          798    .data               pwm.o
    0x20002ac8   COMPRESSED   0x00000038   Data   RW         1025    .data               juno_ble.o
    0x20002b00   COMPRESSED   0x00000034   Data   RW         1381    .data               spi0_imu.o
    0x20002b34   COMPRESSED   0x0000004c   Data   RW         1483    .data               spi1_led.o
    0x20002b80   COMPRESSED   0x0000000c   Data   RW         1590    .data               led1642gw.o
    0x20002b8c   COMPRESSED   0x0000002d   Data   RW         1740    .data               mpu6500_base_driver.o
    0x20002bb9   COMPRESSED   0x00000bf6   Data   RW         2008    .data               mpu6500_dmp_motion_driver.o
    0x200037af   COMPRESSED   0x0000000a   Data   RW         2185    .data               mpu6500.o
    0x200037b9   COMPRESSED   0x00000003   PAD
    0x200037bc   COMPRESSED   0x00000015   Data   RW         2446    .data               bsp.o
    0x200037d1   COMPRESSED   0x00000003   PAD
    0x200037d4   COMPRESSED   0x00000008   Data   RW         2552    .data               bsp_btn_ble.o
    0x200037dc   COMPRESSED   0x00000008   Data   RW         2924    .data               ble_conn_params.o
    0x200037e4   COMPRESSED   0x00000013   Data   RW         3319    .data               gatt_cache_manager.o
    0x200037f7   COMPRESSED   0x00000001   PAD
    0x200037f8   COMPRESSED   0x0000000a   Data   RW         3501    .data               gatts_cache_manager.o
    0x20003802   COMPRESSED   0x00000002   PAD
    0x20003804   COMPRESSED   0x0000000c   Data   RW         3960    .data               peer_data_storage.o
    0x20003810   COMPRESSED   0x00000008   Data   RW         4131    .data               peer_database.o
    0x20003818   COMPRESSED   0x0000000f   Data   RW         4401    .data               peer_manager.o
    0x20003827   COMPRESSED   0x00000005   Data   RW         4842    .data               security_dispatcher.o
    0x2000382c   COMPRESSED   0x00000018   Data   RW         5020    .data               security_manager.o
    0x20003844   COMPRESSED   0x00000004   Data   RW         5350    .data               ble_dfu_unbonded.o
    0x20003848   COMPRESSED   0x00000008   Data   RW         6324    .data               nrfx_clock.o
    0x20003850   COMPRESSED   0x00000008   Data   RW         6780    .data               nrfx_prs.o
    0x20003858   COMPRESSED   0x00000014   Data   RW         7761    .data               app_timer.o
    0x2000386c   COMPRESSED   0x00000030   Data   RW         8314    .data               fds.o
    0x2000389c   COMPRESSED   0x00000008   Data   RW         9268    .data               nrf_fstorage_sd.o
    0x200038a4   COMPRESSED   0x00000009   Data   RW         9477    .data               nrf_pwr_mgmt.o
    0x200038ad   COMPRESSED   0x00000003   Data   RW        10365    .data               nrf_sdh.o
    0x200038b0   COMPRESSED   0x00000001   Data   RW        10480    .data               nrf_sdh_ble.o
    0x200038b1   COMPRESSED   0x00000003   PAD
    0x200038b4   COMPRESSED   0x00000004   Data   RW        10620    .data               system_nrf52.o
    0x200038b8   COMPRESSED   0x00000004   Data   RW        10860    .data               mc_w.l(errno.o)
    0x200038bc   COMPRESSED   0x00000014   Data   RW         8315    fs_data             fds.o
    0x200038d0        -       0x00000020   Zero   RW          796    .bss                pwm.o
    0x200038f0        -       0x00000278   Zero   RW         1024    .bss                juno_ble.o
    0x20003b68        -       0x0000005c   Zero   RW         1379    .bss                spi0_imu.o
    0x20003bc4        -       0x00000048   Zero   RW         1481    .bss                spi1_led.o
    0x20003c0c        -       0x00000120   Zero   RW         1588    .bss                led1642gw.o
    0x20003d2c        -       0x00000010   Zero   RW         2007    .bss                mpu6500_dmp_motion_driver.o
    0x20003d3c        -       0x0000006c   Zero   RW         2444    .bss                bsp.o
    0x20003da8        -       0x00000050   Zero   RW         2923    .bss                ble_conn_params.o
    0x20003df8        -       0x00000078   Zero   RW         3041    .bss                ble_conn_state.o
    0x20003e70        -       0x000000d8   Zero   RW         3607    .bss                id_manager.o
    0x20003f48        -       0x00000180   Zero   RW         4129    .bss                peer_database.o
    0x200040c8        -       0x00000040   Zero   RW         4270    .bss                peer_id.o
    0x20004108        -       0x0000000c   Zero   RW         4399    .bss                peer_manager.o
    0x20004114        -       0x00000040   Zero   RW         4840    .bss                security_dispatcher.o
    0x20004154        -       0x0000001c   Zero   RW         5226    .bss                ble_dfu.o
    0x20004170        -       0x00000028   Zero   RW         5349    .bss                ble_dfu_unbonded.o
    0x20004198        -       0x00000014   Zero   RW         5431    .bss                nrf_drv_clock.o
    0x200041ac        -       0x00000018   Zero   RW         5712    .bss                nrf_drv_spi.o
    0x200041c4        -       0x00000030   Zero   RW         5833    .bss                nrfx_timer.o
    0x200041f4        -       0x00000030   Zero   RW         6025    .bss                nrfx_saadc.o
    0x20004224        -       0x0000004c   Zero   RW         6507    .bss                nrfx_gpiote.o
    0x20004270        -       0x00000010   Zero   RW         7120    .bss                nrfx_pwm.o
    0x20004280        -       0x00000048   Zero   RW         7260    .bss                nrfx_spim.o
    0x200042c8        -       0x0000010c   Zero   RW         7759    .bss                app_timer.o
    0x200043d4        -       0x0000000c   Zero   RW         7958    .bss                app_util_platform.o
    0x200043e0        -       0x000000f0   Zero   RW         8312    .bss                fds.o
    0x200044d0        -       0x00000200   Zero   RW         9266    .bss                nrf_fstorage_sd.o
    0x200046d0        -       0x0000002c   Zero   RW         9475    .bss                nrf_pwr_mgmt.o
    0x200046fc   COMPRESSED   0x00000004   PAD
    0x20004700        -       0x00002000   Zero   RW        10597    STACK               arm_startup_nrf52.o


==============================================================================

Image component sizes


      Code (inc. data)   RO Data    RW Data    ZI Data      Debug   Object Name

         0          0          0          0          0      30788   app_button.o
        28          0          0          0          0       4381   app_error.o
        96         10          0          0          0       1398   app_error_weak.o
         0          0          0          0          0      37086   app_scheduler.o
      2008        238          6         20        268      50364   app_timer.o
       200         24          0          0         12       9826   app_util_platform.o
        36          8        512          0       8192        884   arm_startup_nrf52.o
       104          0          0          0          0      49035   ble_advdata.o
      1064          6          0          0          0      15030   ble_advertising.o
       628         30          8          8         80      10744   ble_conn_params.o
       742         64          8          0        120      12391   ble_conn_state.o
       524         34          8          0         28       8270   ble_dfu.o
         0          0          0          0          0       5280   ble_dfu_bonded.o
       424         32          8          4         40       5849   ble_dfu_unbonded.o
       108          0          0          0          0       2456   ble_link_ctx_manager.o
       400          0          0          0          0       6001   ble_nus.o
        48          0          0          0          0      39516   ble_srv_common.o
       270         20          8          0          0       9295   boards.o
      1264         80         44         21        108      12369   bsp.o
       288          8          8          8          0       3760   bsp_btn_ble.o
         0          0          0          0          0       2264   command_handling.o
       960         54          0          0          0       3596   euler_angle.o
      3730        374         24         68        240      52876   fds.o
      1658        156        124         19          0      34619   gatt_cache_manager.o
       628         32         24         10          0      15085   gatts_cache_manager.o
       300         30         11          3          0      12516   gpio.o
      1080         34          8          0        216      21070   id_manager.o
       288          8         48         56        632     105712   juno_ble.o
       878         42          6         12        288       9687   led1642gw.o
      1408         56         15         12          0     213837   main.o
       340         18          0         10          0       5237   mpu6500.o
      2920        114        102         45          0      21377   mpu6500_base_driver.o
      2640        164          0       3062         16      20890   mpu6500_dmp_motion_driver.o
       374          0          0          0          0       7888   nrf_atfifo.o
       232          0          0          0          0       5076   nrf_atflags.o
       394          0          0          0          0       7549   nrf_atomic.o
       704         16         22          0          0      36070   nrf_ble_gatt.o
       340          0          0          0          0       6154   nrf_ble_qwr.o
         0          0          0          0          0       3160   nrf_dfu_svci.o
       364         48         16          0         20      78070   nrf_drv_clock.o
       200         24         16          0         24      15459   nrf_drv_spi.o
       234          0          0          0          0       3918   nrf_fstorage.o
      1114        120         72          8        512      18647   nrf_fstorage_sd.o
       302         32          0          9         44      41486   nrf_pwr_mgmt.o
       458          0          0          0          0      11941   nrf_queue.o
       804         86         88          3          0      41738   nrf_sdh.o
       116          8         56          1          0      46878   nrf_sdh_ble.o
        84          4         36          0          0       3792   nrf_sdh_soc.o
       112          0          0          0          0       3980   nrf_section_iter.o
       494         12          0          0          0      22696   nrf_spi_mngr.o
       400         34          0          8          0      14455   nrfx_clock.o
      1708        110         62          0         76      60301   nrfx_gpiote.o
       140         14          0          8          0       3844   nrfx_prs.o
      1120         36          0          0         16      25061   nrfx_pwm.o
      1028         66          0          0         48      17779   nrfx_saadc.o
      1314         48         49          0         72      28611   nrfx_spim.o
       226         40          0          0         48      45151   nrfx_timer.o
       842         22         28         12          0      16978   peer_data_storage.o
      1324         48         16          8        384      21209   peer_database.o
       372         40          0          0         64       8172   peer_id.o
       798         56          8         15         12      12116   peer_manager.o
       288          0          0          0          0       5362   pm_buffer.o
       236         54         24         32         32       3400   pwm.o
        94         14         13          0          0       5694   saadc.o
      1802         94        140          5         64      29415   security_dispatcher.o
       920         92          4         24          0      46303   security_manager.o
       572         74        156         52         92      12280   spi0_imu.o
       364         82         60         76         72       7847   spi1_led.o
        28          0          0          0          0       9562   system.o
      1352        144          0          4          0      34542   system_nrf52.o

    ----------------------------------------------------------------------
     46410       3062       1912       3636      11824    1596073   Object Totals
         0          0         32          0          0          0   (incl. Generated)
        94          8         42         13          4          0   (incl. Padding)

    ----------------------------------------------------------------------

      Code (inc. data)   RO Data    RW Data    ZI Data      Debug   Library Member Name

       864         94         80          0          0        280   asin.o
       744        106        152          0          0        352   atan.o
       496         64          0          0          0        192   atan2.o
       368         46         48          0          0        200   cos_i.o
       104         16          0          0          0        496   dunder.o
        44          0          0          0          0        248   fabs.o
       280         28          0          0          0        156   floor.o
        48          0          0          0          0        124   fpclassify.o
       248          0          0          0          0        152   poly.o
         0          0          8          0          0          0   qnan.o
      1080        142        200          0          0        188   rred.o
       200         20          0          0          0        164   sin.o
       304         24         40          0          0        208   sin_i.o
       110          0          0          0          0        148   sqrt.o
        86          0          0          0          0          0   __dczerorl2.o
         0          0          0          0          0          0   entry.o
         0          0          0          0          0          0   entry10a.o
         0          0          0          0          0          0   entry11a.o
         8          4          0          0          0          0   entry2.o
         4          0          0          0          0          0   entry5.o
         0          0          0          0          0          0   entry7b.o
         0          0          0          0          0          0   entry8b.o
         8          4          0          0          0          0   entry9a.o
        12          6          0          4          0         68   errno.o
        30          0          0          0          0          0   handlers.o
        36          8          0          0          0         68   init.o
         0          0          0          0          0          0   iusefp.o
        30          0          0          0          0         68   llshl.o
        36          0          0          0          0         68   llsshr.o
        32          0          0          0          0         68   llushr.o
        26          0          0          0          0         80   memcmp.o
        36          0          0          0          0         68   memcpya.o
        36          0          0          0          0        108   memseta.o
        98          0          0          0          0         92   uldiv.o
        48          0          0          0          0         68   cdrcmple.o
        56          0          0          0          0         88   d2f.o
       334          0          0          0          0        148   dadd.o
       222          0          0          0          0        100   ddiv.o
       186          0          0          0          0        176   depilogue.o
        62          0          0          0          0         80   dfixi.o
        50          0          0          0          0         76   dfixui.o
        34          0          0          0          0         76   dflti.o
        26          0          0          0          0         76   dfltui.o
       228          0          0          0          0         96   dmul.o
       162          0          0          0          0        100   dsqrt.o
        38          0          0          0          0         68   f2d.o
       110          0          0          0          0        168   fepilogue.o

    ----------------------------------------------------------------------
      6934        562        528          4          0       4916   Library Totals
        10          0          0          0          0          0   (incl. Padding)

    ----------------------------------------------------------------------

      Code (inc. data)   RO Data    RW Data    ZI Data      Debug   Library Name

      4890        540        528          0          0       2908   m_wm.l
       478         22          0          4          0        688   mc_w.l
      1556          0          0          0          0       1320   mf_w.l

    ----------------------------------------------------------------------
      6934        562        528          4          0       4916   Library Totals

    ----------------------------------------------------------------------

==============================================================================


      Code (inc. data)   RO Data    RW Data    ZI Data      Debug   

     53344       3624       2440       3640      11824    1535385   Grand Totals
     53344       3624       2440       2480      11824    1535385   ELF Image Totals (compressed)
     53344       3624       2440       2480          0          0   ROM Totals

==============================================================================

    Total RO  Size (Code + RO Data)                55784 (  54.48kB)
    Total RW  Size (RW Data + ZI Data)             15464 (  15.10kB)
    Total ROM Size (Code + RO Data + RW Data)      58264 (  56.90kB)

==============================================================================

