Component: ARM Compiler 5.06 update 5 (build 528) Tool: armlink [4d35e2]

==============================================================================

Section Cross References

    main.o(i.main) refers to system.o(i.timers_init) for timers_init
    main.o(i.main) refers to pwm.o(i.PWM_init) for PWM_init
    main.o(i.main) refers to pwm.o(i.PWM_PWCLK_init) for PWM_PWCLK_init
    main.o(i.main) refers to uart.o(i.UART_Init) for UART_Init
    main.o(i.main) refers to spi1_led.o(i.LED_SPI_Init) for LED_SPI_Init
    main.o(i.main) refers to main.o(i.nrf_delay_ms) for nrf_delay_ms
    main.o(i.main) refers to pwm.o(i.PWM_PWCLK_play) for PWM_PWCLK_play
    main.o(i.main) refers to led1642gw.o(i.LED1642GW_Driver_Count) for LED1642GW_Driver_Count
    main.o(i.main) refers to led1642gw.o(i.LED1642GW_RGB_Translation_Array) for LED1642GW_RGB_Translation_Array
    main.o(i.main) refers to spi0_imu.o(i.IMU_SPI_Init) for IMU_SPI_Init
    main.o(i.main) refers to mpu6500.o(i.MPU6500_Setup) for MPU6500_Setup
    main.o(i.main) refers to mpu6500_dmp_motion_driver.o(i.dmp_read_fifo) for dmp_read_fifo
    main.o(i.main) refers to euler_angle.o(i.ConvertQuaternion) for ConvertQuaternion
    main.o(i.main) refers to euler_angle.o(i.QuatToEulerAngle) for QuatToEulerAngle
    main.o(i.main) refers to euler_angle.o(i.EulerAngleToLED) for EulerAngleToLED
    main.o(i.main) refers to f2d.o(.text) for __aeabi_f2d
    main.o(i.main) refers to printfa.o(i.__0printf) for __2printf
    main.o(i.main) refers to mpu6500_base_driver.o(.data) for imu_new_gyro
    main.o(i.nrf_delay_ms) refers to main.o(.constdata) for delay_machine_code
    command_handling.o(i.command_handling_ble) refers to juno_buttonless_dfu.o(i.shutdown_dfu_routine) for shutdown_dfu_routine
    gpio.o(i.GPIO_Init) refers to nrfx_gpiote.o(i.nrfx_gpiote_init) for nrfx_gpiote_init
    gpio.o(i.GPIO_Init) refers to app_error.o(i.app_error_handler_bare) for app_error_handler_bare
    gpio.o(i.GPIO_Init) refers to nrfx_gpiote.o(i.nrfx_gpiote_in_init) for nrfx_gpiote_in_init
    gpio.o(i.GPIO_Init) refers to nrfx_gpiote.o(i.nrfx_gpiote_in_event_enable) for nrfx_gpiote_in_event_enable
    gpio.o(i.GPIO_Init) refers to gpio.o(.constdata) for .constdata
    gpio.o(i.GPIO_Init) refers to gpio.o(i.Touch_In_handler) for Touch_In_handler
    gpio.o(i.Touch_In_handler) refers to led1642gw.o(i.LED1642_LED_RGB_Train_Forward) for LED1642_LED_RGB_Train_Forward
    pwm.o(i.PWM_PWCLK_init) refers to nrfx_pwm.o(i.nrfx_pwm_init) for nrfx_pwm_init
    pwm.o(i.PWM_PWCLK_init) refers to app_error.o(i.app_error_handler_bare) for app_error_handler_bare
    pwm.o(i.PWM_PWCLK_init) refers to pwm.o(.constdata) for .constdata
    pwm.o(i.PWM_PWCLK_init) refers to pwm.o(.data) for m_pwm1
    pwm.o(i.PWM_PWCLK_play) refers to nrfx_pwm.o(i.nrfx_pwm_simple_playback) for nrfx_pwm_simple_playback
    pwm.o(i.PWM_PWCLK_play) refers to pwm.o(.data) for pwm_seq_values
    pwm.o(i.PWM_PWCLK_play) refers to pwm.o(.bss) for pwm_seq1
    pwm.o(i.PWM_init) refers to nrfx_pwm.o(i.nrfx_pwm_init) for nrfx_pwm_init
    pwm.o(i.PWM_init) refers to app_error.o(i.app_error_handler_bare) for app_error_handler_bare
    pwm.o(i.PWM_init) refers to pwm.o(.constdata) for .constdata
    pwm.o(i.PWM_init) refers to pwm.o(.data) for m_pwm0
    pwm.o(i.PWM_play) refers to nrfx_pwm.o(i.nrfx_pwm_simple_playback) for nrfx_pwm_simple_playback
    pwm.o(i.PWM_play) refers to pwm.o(.data) for pwm_seq_values
    pwm.o(i.PWM_play) refers to pwm.o(.bss) for pwm_seq
    saadc.o(i.SAADC_Convert) refers to nrfx_saadc.o(i.nrfx_saadc_sample_convert) for nrfx_saadc_sample_convert
    saadc.o(i.SAADC_Init) refers to nrfx_saadc.o(i.nrfx_saadc_init) for nrfx_saadc_init
    saadc.o(i.SAADC_Init) refers to app_error.o(i.app_error_handler_bare) for app_error_handler_bare
    saadc.o(i.SAADC_Init) refers to nrfx_saadc.o(i.nrfx_saadc_channel_init) for nrfx_saadc_channel_init
    saadc.o(i.SAADC_Init) refers to saadc.o(.constdata) for .constdata
    saadc.o(i.SAADC_Init) refers to saadc.o(i.saadc_callback) for saadc_callback
    system.o(i.HAL_Delay) refers to system.o(.constdata) for delay_machine_code
    system.o(i.HAL_GetTick) refers to system.o(.data) for timerTicks
    system.o(i.Timer2_Init) refers to nrfx_timer.o(i.nrfx_timer_init) for nrfx_timer_init
    system.o(i.Timer2_Init) refers to app_error.o(i.app_error_handler_bare) for app_error_handler_bare
    system.o(i.Timer2_Init) refers to llushr.o(.text) for __aeabi_llsr
    system.o(i.Timer2_Init) refers to nrfx_timer.o(i.nrfx_timer_extended_compare) for nrfx_timer_extended_compare
    system.o(i.Timer2_Init) refers to nrfx_timer.o(i.nrfx_timer_enable) for nrfx_timer_enable
    system.o(i.Timer2_Init) refers to system.o(.constdata) for .constdata
    system.o(i.Timer2_Init) refers to system.o(i.timer_ms_event_handler) for timer_ms_event_handler
    system.o(i.Timer2_Init) refers to system.o(.data) for timerTicks
    system.o(i.timer_ms_event_handler) refers to system.o(.data) for timerTicks
[...]
    0x00027c00   0x00027c00   0x00000014   Code   RO         6723    i.SPIM1_SPIS1_TWIM1_TWIS1_SPI1_TWI1_IRQHandler  nrfx_spim.o
    0x00027c14   0x00027c14   0x00000008   Code   RO         7167    i.SWI0_EGU0_IRQHandler  app_timer.o
    0x00027c1c   0x00027c1c   0x00000008   Code   RO         9738    i.SWI2_EGU2_IRQHandler  nrf_sdh.o
    0x00027c24   0x00027c24   0x00000010   Code   RO         9964    i.SystemCoreClockUpdate  system_nrf52.o
    0x00027c34   0x00027c34   0x00000284   Code   RO         9965    i.SystemInit        system_nrf52.o
    0x00027eb8   0x00027eb8   0x00000018   Code   RO         5290    i.TIMER1_IRQHandler  nrfx_timer.o
    0x00027ed0   0x00027ed0   0x00000018   Code   RO         5291    i.TIMER2_IRQHandler  nrfx_timer.o
    0x00027ee8   0x00027ee8   0x00000018   Code   RO         5292    i.TIMER3_IRQHandler  nrfx_timer.o
    0x00027f00   0x00027f00   0x00000018   Code   RO         5293    i.TIMER4_IRQHandler  nrfx_timer.o
    0x00027f18   0x00027f18   0x00000010   Code   RO         6259    i.UARTE0_UART0_IRQHandler  nrfx_prs.o
    0x00027f28   0x00027f28   0x0000005c   Code   RO          823    i.UART_Init         uart.o
    0x00027f84   0x00027f84   0x00000020   Code   RO        10358    i.__0printf         mc_w.l(printfa.o)
    0x00027fa4   0x00027fa4   0x00000030   Code   RO        10427    i.__ARM_fpclassify  m_wm.l(fpclassify.o)
    0x00027fd4   0x00027fd4   0x00000004   PAD
    0x00027fd8   0x00027fd8   0x00000360   Code   RO        10052    i.__hardfp_asin     m_wm.l(asin.o)
    0x00028338   0x00028338   0x000002d8   Code   RO        10396    i.__hardfp_atan     m_wm.l(atan.o)
    0x00028610   0x00028610   0x000001f0   Code   RO        10066    i.__hardfp_atan2    m_wm.l(atan2.o)
    0x00028800   0x00028800   0x00000014   Code   RO        10078    i.__hardfp_fabs     m_wm.l(fabs.o)
    0x00028814   0x00028814   0x00000004   PAD
    0x00028818   0x00028818   0x00000118   Code   RO        10084    i.__hardfp_floor    m_wm.l(floor.o)
    0x00028930   0x00028930   0x000000c8   Code   RO        10090    i.__hardfp_sin      m_wm.l(sin.o)
    0x000289f8   0x000289f8   0x00000438   Code   RO        10432    i.__ieee754_rem_pio2  m_wm.l(rred.o)
    0x00028e30   0x00028e30   0x00000170   Code   RO        10410    i.__kernel_cos      m_wm.l(cos_i.o)
    0x00028fa0   0x00028fa0   0x000000f8   Code   RO        10429    i.__kernel_poly     m_wm.l(poly.o)
    0x00029098   0x00029098   0x00000130   Code   RO        10437    i.__kernel_sin      m_wm.l(sin_i.o)
    0x000291c8   0x000291c8   0x00000014   Code   RO        10414    i.__mathlib_dbl_infnan  m_wm.l(dunder.o)
    0x000291dc   0x000291dc   0x00000014   Code   RO        10415    i.__mathlib_dbl_infnan2  m_wm.l(dunder.o)
    0x000291f0   0x000291f0   0x00000020   Code   RO        10416    i.__mathlib_dbl_invalid  m_wm.l(dunder.o)
    0x00029210   0x00029210   0x00000020   Code   RO        10419    i.__mathlib_dbl_underflow  m_wm.l(dunder.o)
    0x00029230   0x00029230   0x0000000e   Code   RO        10507    i.__scatterload_copy  mc_w.l(handlers.o)
    0x0002923e   0x0002923e   0x00000002   Code   RO        10508    i.__scatterload_null  mc_w.l(handlers.o)
    0x00029240   0x00029240   0x0000000e   Code   RO        10509    i.__scatterload_zeroinit  mc_w.l(handlers.o)
    0x0002924e   0x0002924e   0x00000002   PAD
    0x00029250   0x00029250   0x00000038   Code   RO         9739    i.__sd_nvic_app_accessible_irq  nrf_sdh.o
    0x00029288   0x00029288   0x0000000c   Code   RO         7387    i.__sd_nvic_irq_disable  app_util_platform.o
    0x00029294   0x00029294   0x0000000c   Code   RO        10475    i.__set_errno       mc_w.l(errno.o)
    0x000292a0   0x000292a0   0x00000184   Code   RO        10365    i._fp_digits        mc_w.l(printfa.o)
    0x00029424   0x00029424   0x000006dc   Code   RO        10366    i._printf_core      mc_w.l(printfa.o)
    0x00029b00   0x00029b00   0x00000024   Code   RO        10367    i._printf_post_padding  mc_w.l(printfa.o)
    0x00029b24   0x00029b24   0x0000002e   Code   RO        10368    i._printf_pre_padding  mc_w.l(printfa.o)
    0x00029b52   0x00029b52   0x00000032   Code   RO         3222    i.addr_compare      id_manager.o
    0x00029b84   0x00029b84   0x00000010   Code   RO         8586    i.addr_is_aligned32  nrf_fstorage.o
    0x00029b94   0x00029b94   0x00000014   Code   RO         8587    i.addr_is_page_aligned  nrf_fstorage.o
    0x00029ba8   0x00029ba8   0x00000018   Code   RO         2392    i.addr_is_valid     ble_advertising.o
    0x00029bc0   0x00029bc0   0x0000001c   Code   RO         8588    i.addr_is_within_bounds  nrf_fstorage.o
    0x00029bdc   0x00029bdc   0x0000002c   Code   RO         7671    i.address_is_valid  fds.o
    0x00029c08   0x00029c08   0x00000058   Code   RO         2393    i.adv_mode_next_avail_get  ble_advertising.o
    0x00029c60   0x00029c60   0x00000012   Code   RO         2394    i.adv_mode_next_get  ble_advertising.o
    0x00029c72   0x00029c72   0x00000054   Code   RO         2188    i.advertising_buttons_configure  bsp_btn_ble.o
    0x00029cc6   0x00029cc6   0x00000056   Code   RO         3223    i.ah                id_manager.o
    0x00029d1c   0x00029d1c   0x00000014   Code   RO         4449    i.allow_repairing   security_dispatcher.o
    0x00029d30   0x00029d30   0x00000060   Code   RO         7079    i.app_error_fault_handler  app_error_weak.o
    0x00029d90   0x00029d90   0x0000001c   Code   RO         6995    i.app_error_handler_bare  app_error.o
    0x00029dac   0x00029dac   0x0000001e   Code   RO         7466    i.app_fifo_get      app_fifo.o
    0x00029dca   0x00029dca   0x00000024   Code   RO         7467    i.app_fifo_init     app_fifo.o
    0x00029dee   0x00029dee   0x00000022   Code   RO         7469    i.app_fifo_put      app_fifo.o
    0x00029e10   0x00029e10   0x0000005c   Code   RO         7171    i.app_timer_init    app_timer.o
    0x00029e6c   0x00029e6c   0x00000054   Code   RO         7174    i.app_timer_start   app_timer.o
    0x00029ec0   0x00029ec0   0x00000030   Code   RO         7175    i.app_timer_stop    app_timer.o
    0x00029ef0   0x00029ef0   0x000000dc   Code   RO         7569    i.app_uart_init     app_uart_fifo.o
    0x00029fcc   0x00029fcc   0x0000004c   Code   RO         7570    i.app_uart_put      app_uart_fifo.o
    0x0002a018   0x0002a018   0x0000000c   Code   RO         7388    i.app_util_critical_region_enter  app_util_platform.o
    0x0002a024   0x0002a024   0x00000048   Code   RO         7389    i.app_util_critical_region_exit  app_util_platform.o
    0x0002a06c   0x0002a06c   0x0000007c   Code   RO         6310    i.apply_config      nrfx_uart.o
    0x0002a0e8   0x0002a0e8   0x0000000e   Code   RO         2932    i.apply_pending_handle  gatt_cache_manager.o
    0x0002a0f6   0x0002a0f6   0x00000010   Code   RO        10398    i.atan              m_wm.l(atan.o)
    0x0002a106   0x0002a106   0x00000014   Code   RO         4450    i.auth_status_failure_process  security_dispatcher.o
    0x0002a11a   0x0002a11a   0x0000001c   Code   RO         4451    i.auth_status_process  security_dispatcher.o
    0x0002a136   0x0002a136   0x00000002   PAD
    0x0002a138   0x0002a138   0x00000124   Code   RO         4452    i.auth_status_success_process  security_dispatcher.o
    0x0002a25c   0x0002a25c   0x0000006c   Code   RO         2905    i.blcm_link_ctx_get  ble_link_ctx_manager.o
    0x0002a2c8   0x0002a2c8   0x00000028   Code   RO         2266    i.ble_advdata_parse  ble_advdata.o
    0x0002a2f0   0x0002a2f0   0x00000040   Code   RO         2267    i.ble_advdata_search  ble_advdata.o
    0x0002a330   0x0002a330   0x0000003c   Code   RO         2399    i.ble_advertising_on_ble_evt  ble_advertising.o
    0x0002a36c   0x0002a36c   0x00000002   Code   RO         2400    i.ble_advertising_on_sys_evt  ble_advertising.o
    0x0002a36e   0x0002a36e   0x00000174   Code   RO         2403    i.ble_advertising_start  ble_advertising.o
    0x0002a4e2   0x0002a4e2   0x00000014   Code   RO         2658    i.ble_conn_state_conn_idx  ble_conn_state.o
    0x0002a4f6   0x0002a4f6   0x00000002   PAD
    0x0002a4f8   0x0002a4f8   0x00000020   Code   RO         2659    i.ble_conn_state_encrypted  ble_conn_state.o
    0x0002a518   0x0002a518   0x00000028   Code   RO         2661    i.ble_conn_state_for_each_set_user_flag  ble_conn_state.o
    0x0002a540   0x0002a540   0x0000002c   Code   RO         2666    i.ble_conn_state_role  ble_conn_state.o
    0x0002a56c   0x0002a56c   0x0000002c   Code   RO         2669    i.ble_conn_state_user_flag_get  ble_conn_state.o
    0x0002a598   0x0002a598   0x0000003c   Code   RO         2670    i.ble_conn_state_user_flag_set  ble_conn_state.o
    0x0002a5d4   0x0002a5d4   0x0000001c   Code   RO         2671    i.ble_conn_state_valid  ble_conn_state.o
    0x0002a5f0   0x0002a5f0   0x00000032   Code   RO         4854    i.ble_dfu_buttonless_bootloader_start_finalize  ble_dfu.o
    0x0002a622   0x0002a622   0x0000000c   Code   RO         4982    i.ble_dfu_buttonless_bootloader_start_prepare  ble_dfu_unbonded.o
    0x0002a62e   0x0002a62e   0x0000005a   Code   RO         4856    i.ble_dfu_buttonless_on_ble_evt  ble_dfu.o
    0x0002a688   0x0002a688   0x0000008c   Code   RO         4984    i.ble_dfu_buttonless_on_ctrl_pt_write  ble_dfu_unbonded.o
    0x0002a714   0x0002a714   0x0000008c   Code   RO         4985    i.ble_dfu_buttonless_on_sys_evt  ble_dfu_unbonded.o
    0x0002a7a0   0x0002a7a0   0x00000064   Code   RO         4857    i.ble_dfu_buttonless_resp_send  ble_dfu.o
    0x0002a804   0x0002a804   0x00000120   Code   RO          865    i.ble_evt_handler   juno_ble.o
    0x0002a924   0x0002a924   0x00000078   Code   RO         2189    i.ble_evt_handler   bsp_btn_ble.o
    0x0002a99c   0x0002a99c   0x00000040   Code   RO         2551    i.ble_evt_handler   ble_conn_params.o
    0x0002a9dc   0x0002a9dc   0x000000b4   Code   RO         2672    i.ble_evt_handler   ble_conn_state.o
    0x0002aa90   0x0002aa90   0x0000002c   Code   RO         3991    i.ble_evt_handler   peer_manager.o
    0x0002aabc   0x0002aabc   0x00000044   Code   RO         4797    i.ble_nus_on_ble_evt  ble_nus.o
    0x0002ab00   0x0002ab00   0x00000012   Code   RO         2838    i.ble_srv_is_indication_enabled  ble_srv_common.o
    0x0002ab12   0x0002ab12   0x00000012   Code   RO         2839    i.ble_srv_is_notification_enabled  ble_srv_common.o
    0x0002ab24   0x0002ab24   0x00000030   Code   RO         1955    i.bsp_board_led_invert  boards.o
    0x0002ab54   0x0002ab54   0x00000014   Code   RO         1956    i.bsp_board_led_off  boards.o
    0x0002ab68   0x0002ab68   0x00000014   Code   RO         1957    i.bsp_board_led_on  boards.o
    0x0002ab7c   0x0002ab7c   0x00000030   Code   RO         1958    i.bsp_board_led_state_get  boards.o
    0x0002abac   0x0002abac   0x00000014   Code   RO         1960    i.bsp_board_leds_off  boards.o
    0x0002abc0   0x0002abc0   0x00000014   Code   RO         1961    i.bsp_board_leds_on  boards.o
    0x0002abd4   0x0002abd4   0x00000024   Code   RO         1962    i.bsp_board_pin_to_button_idx  boards.o
    0x0002abf8   0x0002abf8   0x000000c4   Code   RO         2072    i.bsp_button_event_handler  bsp.o
    0x0002acbc   0x0002acbc   0x0000005c   Code   RO         2076    i.bsp_event_to_button_action_assign  bsp.o
    0x0002ad18   0x0002ad18   0x00000020   Code   RO         2077    i.bsp_indication_set  bsp.o
    0x0002ad38   0x0002ad38   0x00000388   Code   RO         2079    i.bsp_led_indication  bsp.o
    0x0002b0c0   0x0002b0c0   0x0000002c   Code   RO         2933    i.car_update_needed  gatt_cache_manager.o
    0x0002b0ec   0x0002b0ec   0x00000040   Code   RO         2934    i.car_update_pending_handle  gatt_cache_manager.o
    0x0002b12c   0x0002b12c   0x00000020   Code   RO         2935    i.cccd_written      gatt_cache_manager.o
    0x0002b14c   0x0002b14c   0x00000020   Code   RO         5942    i.channel_free      nrfx_gpiote.o
    0x0002b16c   0x0002b16c   0x00000010   Code   RO         5943    i.channel_handler_get  nrfx_gpiote.o
    0x0002b17c   0x0002b17c   0x00000080   Code   RO         5944    i.channel_port_alloc  nrfx_gpiote.o
    0x0002b1fc   0x0002b1fc   0x0000000c   Code   RO         5945    i.channel_port_get  nrfx_gpiote.o
    0x0002b208   0x0002b208   0x0000004c   Code   RO         3896    i.claim             peer_id.o
    0x0002b254   0x0002b254   0x00000030   Code   RO         5049    i.clock_clk_started_notify  nrf_drv_clock.o
    0x0002b284   0x0002b284   0x00000028   Code   RO         5050    i.clock_irq_handler  nrf_drv_clock.o
    0x0002b2ac   0x0002b2ac   0x00000090   Code   RO         7177    i.compare_reg_update  app_timer.o
    0x0002b33c   0x0002b33c   0x000000c2   Code   RO         6587    i.configure_pins    nrfx_pwm.o
    0x0002b3fe   0x0002b3fe   0x0000003c   Code   RO         2673    i.conn_handle_list_get  ble_conn_state.o
    0x0002b43a   0x0002b43a   0x00000002   PAD
    0x0002b43c   0x0002b43c   0x00000054   Code   RO         2552    i.conn_params_negotiation  ble_conn_params.o
    0x0002b490   0x0002b490   0x00000044   Code   RO         4453    i.conn_sec_failure  security_dispatcher.o
    0x0002b4d4   0x0002b4d4   0x00000058   Code   RO         4454    i.conn_sec_update_process  security_dispatcher.o
    0x0002b52c   0x0002b52c   0x00000054   Code   RO         2192    i.connection_buttons_configure  bsp_btn_ble.o
    0x0002b580   0x0002b580   0x0000002c   Code   RO         3396    i.data_length_update  nrf_ble_gatt.o
    0x0002b5ac   0x0002b5ac   0x0000004c   Code   RO         2936    i.db_update_pending_handle  gatt_cache_manager.o
    0x0002b5f8   0x0002b5f8   0x00000064   Code   RO         1658    i.decode_gesture    mpu6500_dmp_motion_driver.o
    0x0002b65c   0x0002b65c   0x0000004a   Code   RO         7672    i.delete_execute    fds.o
    0x0002b6a6   0x0002b6a6   0x00000022   Code   RO         4455    i.disconnect_process  security_dispatcher.o
    0x0002b6c8   0x0002b6c8   0x0000003c   Code   RO         1659    i.dmp_enable_6x_lp_quat  mpu6500_dmp_motion_driver.o
    0x0002b704   0x0002b704   0x0000021c   Code   RO         1660    i.dmp_enable_feature  mpu6500_dmp_motion_driver.o
    0x0002b920   0x0002b920   0x00000058   Code   RO         1661    i.dmp_enable_gyro_cal  mpu6500_dmp_motion_driver.o
    0x0002b978   0x0002b978   0x0000003c   Code   RO         1662    i.dmp_enable_lp_quat  mpu6500_dmp_motion_driver.o
    0x0002b9b4   0x0002b9b4   0x00000018   Code   RO         1667    i.dmp_load_motion_driver_firmware  mpu6500_dmp_motion_driver.o
    0x0002b9cc   0x0002b9cc   0x000001c8   Code   RO         1668    i.dmp_read_fifo     mpu6500_dmp_motion_driver.o
    0x0002bb94   0x0002bb94   0x00000010   Code   RO         1669    i.dmp_register_android_orient_cb  mpu6500_dmp_motion_driver.o
    0x0002bba4   0x0002bba4   0x00000010   Code   RO         1670    i.dmp_register_tap_cb  mpu6500_dmp_motion_driver.o
    0x0002bbb4   0x0002bbb4   0x00000070   Code   RO         1672    i.dmp_set_fifo_rate  mpu6500_dmp_motion_driver.o
    0x0002bc24   0x0002bc24   0x00000138   Code   RO         1675    i.dmp_set_orientation  mpu6500_dmp_motion_driver.o
    0x0002bd5c   0x0002bd5c   0x00000038   Code   RO         1678    i.dmp_set_shake_reject_thresh  mpu6500_dmp_motion_driver.o
    0x0002bd94   0x0002bd94   0x00000026   Code   RO         1679    i.dmp_set_shake_reject_time  mpu6500_dmp_motion_driver.o
    0x0002bdba   0x0002bdba   0x00000026   Code   RO         1680    i.dmp_set_shake_reject_timeout  mpu6500_dmp_motion_driver.o
    0x0002bde0   0x0002bde0   0x00000046   Code   RO         1681    i.dmp_set_tap_axes  mpu6500_dmp_motion_driver.o
    0x0002be26   0x0002be26   0x00000026   Code   RO         1682    i.dmp_set_tap_count  mpu6500_dmp_motion_driver.o
    0x0002be4c   0x0002be4c   0x000001c0   Code   RO         1683    i.dmp_set_tap_thresh  mpu6500_dmp_motion_driver.o
    0x0002c00c   0x0002c00c   0x00000026   Code   RO         1684    i.dmp_set_tap_time  mpu6500_dmp_motion_driver.o
    0x0002c032   0x0002c032   0x00000026   Code   RO         1685    i.dmp_set_tap_time_multi  mpu6500_dmp_motion_driver.o
    0x0002c058   0x0002c058   0x00000064   Code   RO         7178    i.elapsed_ticks_acquire  app_timer.o
    0x0002c0bc   0x0002c0bc   0x00000016   Code   RO         4456    i.encryption_failure  security_dispatcher.o
    0x0002c0d2   0x0002c0d2   0x00000002   PAD
    0x0002c0d4   0x0002c0d4   0x00000048   Code   RO         4986    i.enter_bootloader  ble_dfu_unbonded.o
    0x0002c11c   0x0002c11c   0x00000058   Code   RO         8673    i.erase             nrf_fstorage_sd.o
    0x0002c174   0x0002c174   0x0000000e   Code   RO         8674    i.erase_execute     nrf_fstorage_sd.o
    0x0002c182   0x0002c182   0x00000002   PAD
    0x0002c184   0x0002c184   0x00000054   Code   RO         9966    i.errata_108        system_nrf52.o
    0x0002c1d8   0x0002c1d8   0x00000054   Code   RO         9967    i.errata_12         system_nrf52.o
    0x0002c22c   0x0002c22c   0x00000054   Code   RO         9968    i.errata_136        system_nrf52.o
    0x0002c280   0x0002c280   0x00000030   Code   RO         9969    i.errata_16         system_nrf52.o
    0x0002c2b0   0x0002c2b0   0x00000020   Code   RO         9970    i.errata_182        system_nrf52.o
    0x0002c2d0   0x0002c2d0   0x00000054   Code   RO         9971    i.errata_31         system_nrf52.o
    0x0002c324   0x0002c324   0x00000030   Code   RO         9972    i.errata_32         system_nrf52.o
    0x0002c354   0x0002c354   0x00000054   Code   RO         9973    i.errata_36         system_nrf52.o
    0x0002c3a8   0x0002c3a8   0x00000030   Code   RO         9974    i.errata_37         system_nrf52.o
    0x0002c3d8   0x0002c3d8   0x00000030   Code   RO         9975    i.errata_57         system_nrf52.o
    0x0002c408   0x0002c408   0x00000030   Code   RO         9976    i.errata_66         system_nrf52.o
    0x0002c438   0x0002c438   0x0000007e   Code   RO         7673    i.event_prepare     fds.o
    0x0002c4b6   0x0002c4b6   0x00000002   PAD
    0x0002c4b8   0x0002c4b8   0x00000028   Code   RO         7674    i.event_send        fds.o
    0x0002c4e0   0x0002c4e0   0x00000068   Code   RO         8675    i.event_send        nrf_fstorage_sd.o
    0x0002c548   0x0002c548   0x00000072   Code   RO         4636    i.events_send_from_err_code  security_manager.o
    0x0002c5ba   0x0002c5ba   0x0000000c   Code   RO         4637    i.evt_forward       security_manager.o
    0x0002c5c6   0x0002c5c6   0x00000002   PAD
    0x0002c5c8   0x0002c5c8   0x00000028   Code   RO         2937    i.evt_send          gatt_cache_manager.o
    0x0002c5f0   0x0002c5f0   0x00000028   Code   RO         3128    i.evt_send          gatts_cache_manager.o
    0x0002c618   0x0002c618   0x00000020   Code   RO         3224    i.evt_send          id_manager.o
    0x0002c638   0x0002c638   0x00000028   Code   RO         3992    i.evt_send          peer_manager.o
    0x0002c660   0x0002c660   0x00000028   Code   RO         4457    i.evt_send          security_dispatcher.o
    0x0002c688   0x0002c688   0x00000020   Code   RO         4638    i.evt_send          security_manager.o
    0x0002c6a8   0x0002c6a8   0x00000058   Code   RO         7179    i.expired_timers_handler  app_timer.o
    0x0002c700   0x0002c700   0x00000018   Code   RO        10080    i.fabs              m_wm.l(fabs.o)
    0x0002c718   0x0002c718   0x00000044   Code   RO         7676    i.fds_file_delete   fds.o
    0x0002c75c   0x0002c75c   0x00000060   Code   RO         7679    i.fds_record_close  fds.o
    0x0002c7bc   0x0002c7bc   0x00000016   Code   RO         7681    i.fds_record_find   fds.o
    0x0002c7d2   0x0002c7d2   0x00000014   Code   RO         7682    i.fds_record_find_by_key  fds.o
    0x0002c7e6   0x0002c7e6   0x00000014   Code   RO         7683    i.fds_record_find_in_file  fds.o
    0x0002c7fa   0x0002c7fa   0x00000012   Code   RO         7684    i.fds_record_id_from_desc  fds.o
    0x0002c80c   0x0002c80c   0x0000004c   Code   RO         7686    i.fds_record_open   fds.o
    0x0002c858   0x0002c858   0x0000001a   Code   RO         7687    i.fds_record_update  fds.o
    0x0002c872   0x0002c872   0x00000014   Code   RO         7688    i.fds_record_write  fds.o
    0x0002c886   0x0002c886   0x00000018   Code   RO         7472    i.fifo_get          app_fifo.o
    0x0002c89e   0x0002c89e   0x0000000a   Code   RO         7473    i.fifo_length       app_fifo.o
    0x0002c8a8   0x0002c8a8   0x0000000a   Code   RO         7571    i.fifo_length       app_uart_fifo.o
    0x0002c8b2   0x0002c8b2   0x00000012   Code   RO         7474    i.fifo_peek         app_fifo.o
    0x0002c8c4   0x0002c8c4   0x00000012   Code   RO         7475    i.fifo_put          app_fifo.o
    0x0002c8d6   0x0002c8d6   0x00000002   PAD
    0x0002c8d8   0x0002c8d8   0x00000034   Code   RO         7694    i.file_find_and_delete  fds.o
    0x0002c90c   0x0002c90c   0x0000000a   Code   RO         3573    i.file_id_to_peer_id  peer_data_storage.o
    0x0002c916   0x0002c916   0x0000002e   Code   RO         6724    i.finish_transfer   nrfx_spim.o
    0x0002c944   0x0002c944   0x0000002c   Code   RO         2406    i.flags_set         ble_advertising.o
    0x0002c970   0x0002c970   0x0000004c   Code   RO         4640    i.flags_set_from_err_code  security_manager.o
    0x0002c9bc   0x0002c9bc   0x00000032   Code   RO         2674    i.for_each_set_flag  ble_conn_state.o
    0x0002c9ee   0x0002c9ee   0x00000010   Code   RO         9316    i.fputc             retarget.o
    0x0002c9fe   0x0002c9fe   0x0000000c   Code   RO         7698    i.fs_event_handler  fds.o
    0x0002ca0a   0x0002ca0a   0x00000002   PAD
    0x0002ca0c   0x0002ca0c   0x00000070   Code   RO         7699    i.gc_execute        fds.o
    0x0002ca7c   0x0002ca7c   0x00000040   Code   RO         7700    i.gc_init           fds.o
    0x0002cabc   0x0002cabc   0x00000028   Code   RO         7701    i.gc_next_page      fds.o
    0x0002cae4   0x0002cae4   0x0000004c   Code   RO         7702    i.gc_page_erase     fds.o
    0x0002cb30   0x0002cb30   0x00000050   Code   RO         7703    i.gc_page_next      fds.o
    0x0002cb80   0x0002cb80   0x00000040   Code   RO         7704    i.gc_record_copy    fds.o
    0x0002cbc0   0x0002cbc0   0x00000024   Code   RO         7705    i.gc_record_find_next  fds.o
    0x0002cbe4   0x0002cbe4   0x00000058   Code   RO         7706    i.gc_state_advance  fds.o
    0x0002cc3c   0x0002cc3c   0x0000002c   Code   RO         7707    i.gc_swap_erase     fds.o
    0x0002cc68   0x0002cc68   0x00000050   Code   RO         7708    i.gc_swap_pages     fds.o
    0x0002ccb8   0x0002ccb8   0x00000024   Code   RO         7709    i.gc_swap_promote   fds.o
    0x0002ccdc   0x0002ccdc   0x00000018   Code   RO         7710    i.gc_tag_new_swap   fds.o
    0x0002ccf4   0x0002ccf4   0x00000020   Code   RO         7711    i.gc_update_swap_offset  fds.o
    0x0002cd14   0x0002cd14   0x00000160   Code   RO         2938    i.gcm_ble_evt_handler  gatt_cache_manager.o
    0x0002ce74   0x0002ce74   0x00000026   Code   RO         2939    i.gcm_im_evt_handler  gatt_cache_manager.o
    0x0002ce9a   0x0002ce9a   0x00000002   PAD
    0x0002ce9c   0x0002ce9c   0x0000009c   Code   RO         2943    i.gcm_pdb_evt_handler  gatt_cache_manager.o
    0x0002cf38   0x0002cf38   0x0000001c   Code   RO         3129    i.gscm_db_change_notification_done  gatts_cache_manager.o
    0x0002cf54   0x0002cf54   0x00000090   Code   RO         3132    i.gscm_local_db_cache_apply  gatts_cache_manager.o
    0x0002cfe4   0x0002cfe4   0x00000098   Code   RO         3133    i.gscm_local_db_cache_update  gatts_cache_manager.o
    0x0002d07c   0x0002d07c   0x0000001c   Code   RO         3134    i.gscm_pdb_evt_handler  gatts_cache_manager.o
    0x0002d098   0x0002d098   0x00000028   Code   RO         3135    i.gscm_service_changed_ind_needed  gatts_cache_manager.o
    0x0002d0c0   0x0002d0c0   0x00000048   Code   RO         3136    i.gscm_service_changed_ind_send  gatts_cache_manager.o
    0x0002d108   0x0002d108   0x0000002a   Code   RO         7712    i.header_check      fds.o
    0x0002d132   0x0002d132   0x00000016   Code   RO         7713    i.header_has_next   fds.o
    0x0002d148   0x0002d148   0x0000000e   Code   RO         7714    i.header_jump       fds.o
    0x0002d156   0x0002d156   0x0000004c   Code   RO         3225    i.im_address_resolve  id_manager.o
    0x0002d1a2   0x0002d1a2   0x00000002   PAD
    0x0002d1a4   0x0002d1a4   0x00000038   Code   RO         3226    i.im_ble_addr_get   id_manager.o
    0x0002d1dc   0x0002d1dc   0x000000ec   Code   RO         3227    i.im_ble_evt_handler  id_manager.o
    0x0002d2c8   0x0002d2c8   0x00000040   Code   RO         3228    i.im_conn_handle_get  id_manager.o
    0x0002d308   0x0002d308   0x00000038   Code   RO         3230    i.im_find_duplicate_bonding_data  id_manager.o
    0x0002d340   0x0002d340   0x00000090   Code   RO         3233    i.im_is_duplicate_bonding_data  id_manager.o
    0x0002d3d0   0x0002d3d0   0x00000022   Code   RO         3234    i.im_master_id_is_valid  id_manager.o
    0x0002d3f2   0x0002d3f2   0x00000032   Code   RO         3235    i.im_master_ids_compare  id_manager.o
    0x0002d424   0x0002d424   0x00000014   Code   RO         3236    i.im_new_peer_id    id_manager.o
    0x0002d438   0x0002d438   0x00000030   Code   RO         3237    i.im_peer_free      id_manager.o
    0x0002d468   0x0002d468   0x00000028   Code   RO         3238    i.im_peer_id_get_by_conn_handle  id_manager.o
    0x0002d490   0x0002d490   0x00000040   Code   RO         3239    i.im_peer_id_get_by_master_id  id_manager.o
    0x0002d4d0   0x0002d4d0   0x00000040   Code   RO         8676    i.init              nrf_fstorage_sd.o
    0x0002d510   0x0002d510   0x0000012c   Code   RO         7715    i.init_execute      fds.o
    0x0002d63c   0x0002d63c   0x0000002c   Code   RO         2553    i.instance_get      ble_conn_params.o
    0x0002d668   0x0002d668   0x00000088   Code   RO         6312    i.interrupts_enable  nrfx_uart.o
    0x0002d6f0   0x0002d6f0   0x0000004e   Code   RO         1852    i.inv_row_2_scale   mpu6500.o
    0x0002d73e   0x0002d73e   0x0000005c   Code   RO         5294    i.irq_handler       nrfx_timer.o
    0x0002d79a   0x0002d79a   0x000000a4   Code   RO         6588    i.irq_handler       nrfx_pwm.o
    0x0002d83e   0x0002d83e   0x00000024   Code   RO         6725    i.irq_handler       nrfx_spim.o
    0x0002d862   0x0002d862   0x00000002   PAD
    0x0002d864   0x0002d864   0x00000014   Code   RO         8677    i.is_busy           nrf_fstorage_sd.o
    0x0002d878   0x0002d878   0x00000072   Code   RO         2554    i.is_conn_params_ok  ble_conn_params.o
    0x0002d8ea   0x0002d8ea   0x00000018   Code   RO         3244    i.is_valid_irk      id_manager.o
    0x0002d902   0x0002d902   0x00000010   Code   RO         7716    i.is_word_aligned   fds.o
    0x0002d912   0x0002d912   0x0000000c   Code   RO         5053    i.item_dequeue      nrf_drv_clock.o
    0x0002d91e   0x0002d91e   0x00000002   PAD
    0x0002d920   0x0002d920   0x00000028   Code   RO         2083    i.leds_off          bsp.o
    0x0002d948   0x0002d948   0x00000014   Code   RO         5055    i.lfclk_stop        nrf_drv_clock.o
    0x0002d95c   0x0002d95c   0x00000018   Code   RO         3397    i.link_init         nrf_ble_gatt.o
    0x0002d974   0x0002d974   0x000000bc   Code   RO         4641    i.link_secure       security_manager.o
    0x0002da30   0x0002da30   0x00000018   Code   RO         4459    i.link_secure_authenticate  security_dispatcher.o
    0x0002da48   0x0002da48   0x0000003c   Code   RO         4460    i.link_secure_failure  security_dispatcher.o
    0x0002da84   0x0002da84   0x0000003c   Code   RO         4642    i.link_secure_pending_handle  security_manager.o
    0x0002dac0   0x0002dac0   0x00000018   Code   RO         4461    i.link_secure_peripheral  security_dispatcher.o
    0x0002dad8   0x0002dad8   0x0000013c   Code   RO         7180    i.list_insertions_handler  app_timer.o
    0x0002dc14   0x0002dc14   0x00000080   Code   RO         2945    i.local_db_apply_in_evt  gatt_cache_manager.o
    0x0002dc94   0x0002dc94   0x00000018   Code   RO         2946    i.local_db_update   gatt_cache_manager.o
    0x0002dcac   0x0002dcac   0x00000064   Code   RO         2947    i.local_db_update_in_evt  gatt_cache_manager.o
    0x0002dd10   0x0002dd10   0x00000374   Code   RO            5    i.main              main.o
    0x0002e084   0x0002e084   0x00000070   Code   RO         1383    i.mpu_configure_fifo  mpu6500_base_driver.o
    0x0002e0f4   0x0002e0f4   0x0000004c   Code   RO         1384    i.mpu_get_accel_fsr  mpu6500_base_driver.o
    0x0002e140   0x0002e140   0x00000044   Code   RO         1389    i.mpu_get_gyro_fsr  mpu6500_base_driver.o
    0x0002e184   0x0002e184   0x00000020   Code   RO         1395    i.mpu_get_sample_rate  mpu6500_base_driver.o
    0x0002e1a4   0x0002e1a4   0x0000013c   Code   RO         1397    i.mpu_init          mpu6500_base_driver.o
    0x0002e2e0   0x0002e2e0   0x000000b0   Code   RO         1398    i.mpu_load_firmware  mpu6500_base_driver.o
    0x0002e390   0x0002e390   0x00000100   Code   RO         1399    i.mpu_lp_accel_mode  mpu6500_base_driver.o
    0x0002e490   0x0002e490   0x000000d0   Code   RO         1404    i.mpu_read_fifo_stream  mpu6500_base_driver.o
    0x0002e560   0x0002e560   0x00000074   Code   RO         1405    i.mpu_read_mem      mpu6500_base_driver.o
    0x0002e5d4   0x0002e5d4   0x00000170   Code   RO         1408    i.mpu_reset_fifo    mpu6500_base_driver.o
    0x0002e744   0x0002e744   0x00000080   Code   RO         1411    i.mpu_set_accel_fsr  mpu6500_base_driver.o
    0x0002e7c4   0x0002e7c4   0x00000088   Code   RO         1412    i.mpu_set_dmp_state  mpu6500_base_driver.o
    0x0002e84c   0x0002e84c   0x00000088   Code   RO         1414    i.mpu_set_gyro_fsr  mpu6500_base_driver.o
    0x0002e8d4   0x0002e8d4   0x00000068   Code   RO         1415    i.mpu_set_int_latched  mpu6500_base_driver.o
    0x0002e93c   0x0002e93c   0x00000084   Code   RO         1417    i.mpu_set_lpf       mpu6500_base_driver.o
    0x0002e9c0   0x0002e9c0   0x00000094   Code   RO         1418    i.mpu_set_sample_rate  mpu6500_base_driver.o
    0x0002ea54   0x0002ea54   0x000000d0   Code   RO         1419    i.mpu_set_sensors   mpu6500_base_driver.o
    0x0002eb24   0x0002eb24   0x0000006c   Code   RO         1420    i.mpu_write_mem     mpu6500_base_driver.o
    0x0002eb90   0x0002eb90   0x00000026   Code   RO         4392    i.mutex_lock        pm_buffer.o
    0x0002ebb6   0x0002ebb6   0x00000020   Code   RO         4393    i.mutex_lock_status_get  pm_buffer.o
    0x0002ebd6   0x0002ebd6   0x00000020   Code   RO         4394    i.mutex_unlock      pm_buffer.o
    0x0002ebf6   0x0002ebf6   0x00000002   PAD
    0x0002ebf8   0x0002ebf8   0x00000020   Code   RO         4643    i.new_context_get   security_manager.o
    0x0002ec18   0x0002ec18   0x00000034   Code   RO         3898    i.next_id_get       peer_id.o
    0x0002ec4c   0x0002ec4c   0x00000016   Code   RO         8167    i.nrf_atfifo_clear  nrf_atfifo.o
    0x0002ec62   0x0002ec62   0x00000028   Code   RO         8169    i.nrf_atfifo_init   nrf_atfifo.o
    0x0002ec8a   0x0002ec8a   0x0000001c   Code   RO         8170    i.nrf_atfifo_item_alloc  nrf_atfifo.o
    0x0002eca6   0x0002eca6   0x0000001c   Code   RO         8171    i.nrf_atfifo_item_free  nrf_atfifo.o
    0x0002ecc2   0x0002ecc2   0x0000001c   Code   RO         8172    i.nrf_atfifo_item_get  nrf_atfifo.o
    0x0002ecde   0x0002ecde   0x0000001c   Code   RO         8173    i.nrf_atfifo_item_put  nrf_atfifo.o
    0x0002ecfa   0x0002ecfa   0x0000001e   Code   RO         8241    i.nrf_atflags_clear  nrf_atflags.o
    0x0002ed18   0x0002ed18   0x0000002e   Code   RO         8243    i.nrf_atflags_fetch_set  nrf_atflags.o
    0x0002ed46   0x0002ed46   0x00000060   Code   RO         8245    i.nrf_atflags_find_and_set_flag  nrf_atflags.o
    0x0002eda6   0x0002eda6   0x0000001e   Code   RO         8246    i.nrf_atflags_get   nrf_atflags.o
    0x0002edc4   0x0002edc4   0x0000001e   Code   RO         8248    i.nrf_atflags_set   nrf_atflags.o
    0x0002ede2   0x0002ede2   0x0000000e   Code   RO         8314    i.nrf_atomic_flag_set_fetch  nrf_atomic.o
    0x0002edf0   0x0002edf0   0x00000016   Code   RO         8315    i.nrf_atomic_u32_add  nrf_atomic.o
    0x0002ee06   0x0002ee06   0x00000016   Code   RO         8316    i.nrf_atomic_u32_and  nrf_atomic.o
    0x0002ee1c   0x0002ee1c   0x00000016   Code   RO         8318    i.nrf_atomic_u32_fetch_add  nrf_atomic.o
    0x0002ee32   0x0002ee32   0x00000016   Code   RO         8320    i.nrf_atomic_u32_fetch_or  nrf_atomic.o
    0x0002ee48   0x0002ee48   0x00000016   Code   RO         8321    i.nrf_atomic_u32_fetch_store  nrf_atomic.o
    0x0002ee5e   0x0002ee5e   0x00000016   Code   RO         8325    i.nrf_atomic_u32_or  nrf_atomic.o
    0x0002ee74   0x0002ee74   0x00000016   Code   RO         8327    i.nrf_atomic_u32_sub  nrf_atomic.o
    0x0002ee8a   0x0002ee8a   0x00000016   Code   RO         5946    i.nrf_bitmask_bit_is_set  nrfx_gpiote.o
    0x0002eea0   0x0002eea0   0x00000016   Code   RO         5947    i.nrf_bitmask_bit_set  nrfx_gpiote.o
    0x0002eeb6   0x0002eeb6   0x000000ae   Code   RO         3404    i.nrf_ble_gatt_on_ble_evt  nrf_ble_gatt.o
    0x0002ef64   0x0002ef64   0x00000020   Code   RO         3513    i.nrf_ble_qwr_conn_handle_assign  nrf_ble_qwr.o
    0x0002ef84   0x0002ef84   0x0000007c   Code   RO         3515    i.nrf_ble_qwr_on_ble_evt  nrf_ble_qwr.o
    0x0002f000   0x0002f000   0x00000012   Code   RO         5787    i.nrf_clock_event_check  nrfx_clock.o
    0x0002f012   0x0002f012   0x00000012   Code   RO         5788    i.nrf_clock_event_clear  nrfx_clock.o
    0x0002f024   0x0002f024   0x0000000c   Code   RO         5789    i.nrf_clock_int_disable  nrfx_clock.o
    0x0002f030   0x0002f030   0x00000008   Code   RO         5791    i.nrf_clock_task_trigger  nrfx_clock.o
    0x0002f038   0x0002f038   0x00000030   Code   RO            6    i.nrf_delay_ms      main.o
    0x0002f068   0x0002f068   0x00000030   Code   RO         1421    i.nrf_delay_ms      mpu6500_base_driver.o
    0x0002f098   0x0002f098   0x00000040   Code   RO         5061    i.nrf_drv_clock_init  nrf_drv_clock.o
    0x0002f0d8   0x0002f0d8   0x00000030   Code   RO         5065    i.nrf_drv_clock_lfclk_release  nrf_drv_clock.o
    0x0002f108   0x0002f108   0x00000088   Code   RO         5209    i.nrf_drv_spi_init  nrf_drv_spi.o
    0x0002f190   0x0002f190   0x0000000c   Code   RO         9231    i.nrf_drv_spi_uninit  nrf_spi_mngr.o
    0x0002f19c   0x0002f19c   0x00000054   Code   RO         5249    i.nrf_drv_uart_init  nrf_drv_uart.o
    0x0002f1f0   0x0002f1f0   0x0000001e   Code   RO         7572    i.nrf_drv_uart_rx   app_uart_fifo.o
    0x0002f20e   0x0002f20e   0x0000001e   Code   RO         7573    i.nrf_drv_uart_tx   app_uart_fifo.o
    0x0002f22c   0x0002f22c   0x0000004c   Code   RO         8589    i.nrf_fstorage_erase  nrf_fstorage.o
    0x0002f278   0x0002f278   0x0000001c   Code   RO         8678    i.nrf_fstorage_sdh_req_handler  nrf_fstorage_sd.o
    0x0002f294   0x0002f294   0x0000002c   Code   RO         8679    i.nrf_fstorage_sdh_state_handler  nrf_fstorage_sd.o
    0x0002f2c0   0x0002f2c0   0x0000008c   Code   RO         8680    i.nrf_fstorage_sys_evt_handler  nrf_fstorage_sd.o
    0x0002f34c   0x0002f34c   0x0000005e   Code   RO         8596    i.nrf_fstorage_write  nrf_fstorage.o
    0x0002f3aa   0x0002f3aa   0x00000028   Code   RO         1079    i.nrf_gpio_cfg      spi0_imu.o
    0x0002f3d2   0x0002f3d2   0x00000028   Code   RO         5948    i.nrf_gpio_cfg      nrfx_gpiote.o
    0x0002f3fa   0x0002f3fa   0x00000028   Code   RO         6313    i.nrf_gpio_cfg      nrfx_uart.o
    0x0002f422   0x0002f422   0x00000028   Code   RO         6726    i.nrf_gpio_cfg      nrfx_spim.o
    0x0002f44a   0x0002f44a   0x0000001a   Code   RO         6315    i.nrf_gpio_cfg_input  nrfx_uart.o
    0x0002f464   0x0002f464   0x00000018   Code   RO         6316    i.nrf_gpio_cfg_output  nrfx_uart.o
    0x0002f47c   0x0002f47c   0x00000018   Code   RO         6727    i.nrf_gpio_cfg_output  nrfx_spim.o
    0x0002f494   0x0002f494   0x00000032   Code   RO         5950    i.nrf_gpio_cfg_sense_set  nrfx_gpiote.o
    0x0002f4c6   0x0002f4c6   0x00000016   Code   RO         6728    i.nrf_gpio_pin_clear  nrfx_spim.o
    0x0002f4dc   0x0002f4dc   0x00000018   Code   RO         5952    i.nrf_gpio_pin_read  nrfx_gpiote.o
    0x0002f4f4   0x0002f4f4   0x00000016   Code   RO         6317    i.nrf_gpio_pin_set  nrfx_uart.o
    0x0002f50a   0x0002f50a   0x00000016   Code   RO         6729    i.nrf_gpio_pin_set  nrfx_spim.o
    0x0002f520   0x0002f520   0x0000003a   Code   RO         1081    i.nrf_gpio_pin_write  spi0_imu.o
    0x0002f55a   0x0002f55a   0x0000003a   Code   RO         1965    i.nrf_gpio_pin_write  boards.o
    0x0002f594   0x0002f594   0x00000028   Code   RO         5954    i.nrf_gpio_ports_read  nrfx_gpiote.o
    0x0002f5bc   0x0002f5bc   0x0000000c   Code   RO         5955    i.nrf_gpiote_event_addr_get  nrfx_gpiote.o
    0x0002f5c8   0x0002f5c8   0x0000001c   Code   RO         5956    i.nrf_gpiote_event_clear  nrfx_gpiote.o
    0x0002f5e4   0x0002f5e4   0x00000016   Code   RO         5957    i.nrf_gpiote_event_is_set  nrfx_gpiote.o
    0x0002f5fa   0x0002f5fa   0x00000002   PAD
    0x0002f5fc   0x0002f5fc   0x0000000c   Code   RO         5958    i.nrf_gpiote_int_enable  nrfx_gpiote.o
    0x0002f608   0x0002f608   0x00000016   Code   RO         2948    i.nrf_mtx_unlock    gatt_cache_manager.o
    0x0002f61e   0x0002f61e   0x00000016   Code   RO         8892    i.nrf_mtx_unlock    nrf_pwr_mgmt.o
    0x0002f634   0x0002f634   0x0000000e   Code   RO         6589    i.nrf_pwm_event_check  nrfx_pwm.o
    0x0002f642   0x0002f642   0x0000000e   Code   RO         6590    i.nrf_pwm_event_clear  nrfx_pwm.o
    0x0002f650   0x0002f650   0x00000006   Code   RO         6591    i.nrf_pwm_int_set   nrfx_pwm.o
    0x0002f656   0x0002f656   0x00000006   Code   RO         6592    i.nrf_pwm_loop_set  nrfx_pwm.o
    0x0002f65c   0x0002f65c   0x0000003c   Code   RO         6593    i.nrf_pwm_sequence_set  nrfx_pwm.o
    0x0002f698   0x0002f698   0x00000006   Code   RO         6594    i.nrf_pwm_shorts_set  nrfx_pwm.o
    0x0002f69e   0x0002f69e   0x00000006   Code   RO         6595    i.nrf_pwm_task_trigger  nrfx_pwm.o
    0x0002f6a4   0x0002f6a4   0x00000064   Code   RO         8896    i.nrf_pwr_mgmt_shutdown  nrf_pwr_mgmt.o
    0x0002f708   0x0002f708   0x0000009c   Code   RO         8975    i.nrf_queue_generic_pop  nrf_queue.o
    0x0002f7a4   0x0002f7a4   0x00000016   Code   RO         8977    i.nrf_queue_is_empty  nrf_queue.o
    0x0002f7ba   0x0002f7ba   0x00000020   Code   RO         8978    i.nrf_queue_is_full  nrf_queue.o
    0x0002f7da   0x0002f7da   0x00000010   Code   RO         8981    i.nrf_queue_next_idx  nrf_queue.o
    0x0002f7ea   0x0002f7ea   0x000000cc   Code   RO         8983    i.nrf_queue_push    nrf_queue.o
    0x0002f8b6   0x0002f8b6   0x00000002   PAD
    0x0002f8b8   0x0002f8b8   0x00000010   Code   RO         5488    i.nrf_saadc_buffer_init  nrfx_saadc.o
    0x0002f8c8   0x0002f8c8   0x00000014   Code   RO         5490    i.nrf_saadc_event_check  nrfx_saadc.o
    0x0002f8dc   0x0002f8dc   0x00000018   Code   RO         5491    i.nrf_saadc_event_clear  nrfx_saadc.o
    0x0002f8f4   0x0002f8f4   0x0000000c   Code   RO         5495    i.nrf_saadc_task_trigger  nrfx_saadc.o
    0x0002f900   0x0002f900   0x00000074   Code   RO         9867    i.nrf_sdh_ble_evts_poll  nrf_sdh_ble.o
    0x0002f974   0x0002f974   0x00000064   Code   RO         9740    i.nrf_sdh_disable_request  nrf_sdh.o
    0x0002f9d8   0x0002f9d8   0x00000084   Code   RO         9741    i.nrf_sdh_enable_request  nrf_sdh.o
    0x0002fa5c   0x0002fa5c   0x00000030   Code   RO         9742    i.nrf_sdh_evts_poll  nrf_sdh.o
    0x0002fa8c   0x0002fa8c   0x0000000c   Code   RO         9743    i.nrf_sdh_is_enabled  nrf_sdh.o
    0x0002fa98   0x0002fa98   0x00000028   Code   RO         9745    i.nrf_sdh_request_continue  nrf_sdh.o
    0x0002fac0   0x0002fac0   0x00000054   Code   RO         9923    i.nrf_sdh_soc_evts_poll  nrf_sdh_soc.o
    0x0002fb14   0x0002fb14   0x00000006   Code   RO         9748    i.nrf_section_iter_get  nrf_sdh.o
    0x0002fb1a   0x0002fb1a   0x00000014   Code   RO         9154    i.nrf_section_iter_init  nrf_section_iter.o
    0x0002fb2e   0x0002fb2e   0x0000002e   Code   RO         9155    i.nrf_section_iter_item_set  nrf_section_iter.o
    0x0002fb5c   0x0002fb5c   0x0000002e   Code   RO         9156    i.nrf_section_iter_next  nrf_section_iter.o
    0x0002fb8a   0x0002fb8a   0x00000002   PAD
    0x0002fb8c   0x0002fb8c   0x0000003c   Code   RO         9232    i.nrf_spi_mngr_init  nrf_spi_mngr.o
    0x0002fbc8   0x0002fbc8   0x0000001c   Code   RO         9234    i.nrf_spi_mngr_schedule  nrf_spi_mngr.o
    0x0002fbe4   0x0002fbe4   0x0000000e   Code   RO         6730    i.nrf_spim_event_check  nrfx_spim.o
    0x0002fbf2   0x0002fbf2   0x0000000e   Code   RO         6731    i.nrf_spim_event_clear  nrfx_spim.o
    0x0002fc00   0x0002fc00   0x00000006   Code   RO         6732    i.nrf_spim_int_disable  nrfx_spim.o
    0x0002fc06   0x0002fc06   0x00000006   Code   RO         6733    i.nrf_spim_int_enable  nrfx_spim.o
    0x0002fc0c   0x0002fc0c   0x00000006   Code   RO         6734    i.nrf_spim_task_trigger  nrfx_spim.o
    0x0002fc12   0x0002fc12   0x0000000e   Code   RO         5295    i.nrf_timer_compare_event_get  nrfx_timer.o
    0x0002fc20   0x0002fc20   0x0000000a   Code   RO         5296    i.nrf_timer_compare_int_get  nrfx_timer.o
    0x0002fc2a   0x0002fc2a   0x0000000e   Code   RO         5297    i.nrf_timer_event_clear  nrfx_timer.o
    0x0002fc38   0x0002fc38   0x0000000c   Code   RO         6318    i.nrf_uart_errorsrc_get_and_clear  nrfx_uart.o
    0x0002fc44   0x0002fc44   0x0000000e   Code   RO         6319    i.nrf_uart_event_check  nrfx_uart.o
    0x0002fc52   0x0002fc52   0x0000000e   Code   RO         6320    i.nrf_uart_event_clear  nrfx_uart.o
    0x0002fc60   0x0002fc60   0x0000000a   Code   RO         6321    i.nrf_uart_hwfc_pins_set  nrfx_uart.o
    0x0002fc6a   0x0002fc6a   0x00000006   Code   RO         6322    i.nrf_uart_int_disable  nrfx_uart.o
    0x0002fc70   0x0002fc70   0x00000006   Code   RO         6323    i.nrf_uart_int_enable  nrfx_uart.o
    0x0002fc76   0x0002fc76   0x00000012   Code   RO         6324    i.nrf_uart_int_enable_check  nrfx_uart.o
    0x0002fc88   0x0002fc88   0x00000006   Code   RO         6325    i.nrf_uart_task_trigger  nrfx_uart.o
    0x0002fc8e   0x0002fc8e   0x0000000a   Code   RO         6326    i.nrf_uart_txrx_pins_set  nrfx_uart.o
    0x0002fc98   0x0002fc98   0x00000014   Code   RO         5797    i.nrfx_clock_enable  nrfx_clock.o
    0x0002fcac   0x0002fcac   0x00000024   Code   RO         5800    i.nrfx_clock_init   nrfx_clock.o
    0x0002fcd0   0x0002fcd0   0x00000020   Code   RO         5803    i.nrfx_clock_lfclk_stop  nrfx_clock.o
    0x0002fcf0   0x0002fcf0   0x00000018   Code   RO         7181    i.nrfx_coredep_delay_us  app_timer.o
    0x0002fd08   0x0002fd08   0x00000008   Code   RO         5805    i.nrfx_get_irq_number  nrfx_clock.o
    0x0002fd10   0x0002fd10   0x00000008   Code   RO         6327    i.nrfx_get_irq_number  nrfx_uart.o
    0x0002fd18   0x0002fd18   0x00000008   Code   RO         6596    i.nrfx_get_irq_number  nrfx_pwm.o
    0x0002fd20   0x0002fd20   0x00000008   Code   RO         6735    i.nrfx_get_irq_number  nrfx_spim.o
    0x0002fd28   0x0002fd28   0x000000ac   Code   RO         5965    i.nrfx_gpiote_in_event_enable  nrfx_gpiote.o
    0x0002fdd4   0x0002fdd4   0x000000f4   Code   RO         5966    i.nrfx_gpiote_in_init  nrfx_gpiote.o
    0x0002fec8   0x0002fec8   0x000000b0   Code   RO         5969    i.nrfx_gpiote_init  nrfx_gpiote.o
    0x0002ff78   0x0002ff78   0x00000014   Code   RO         6736    i.nrfx_is_in_ram    nrfx_spim.o
    0x0002ff8c   0x0002ff8c   0x000000a4   Code   RO         5806    i.nrfx_power_clock_irq_init  nrfx_clock.o
    0x00030030   0x00030030   0x0000004e   Code   RO         6260    i.nrfx_prs_acquire  nrfx_prs.o
    0x0003007e   0x0003007e   0x00000016   Code   RO         6261    i.nrfx_prs_release  nrfx_prs.o
    0x00030094   0x00030094   0x00000108   Code   RO         6598    i.nrfx_pwm_init     nrfx_pwm.o
    0x0003019c   0x0003019c   0x00000084   Code   RO         6600    i.nrfx_pwm_simple_playback  nrfx_pwm.o
    0x00030220   0x00030220   0x000001cc   Code   RO         6739    i.nrfx_spim_init    nrfx_spim.o
    0x000303ec   0x000303ec   0x000000ac   Code   RO         6741    i.nrfx_spim_uninit  nrfx_spim.o
    0x00030498   0x00030498   0x0000006c   Code   RO         6742    i.nrfx_spim_xfer    nrfx_spim.o
    0x00030504   0x00030504   0x00000014   Code   RO         6328    i.nrfx_uart_0_irq_handler  nrfx_uart.o
    0x00030518   0x00030518   0x00000088   Code   RO         6330    i.nrfx_uart_init    nrfx_uart.o
    0x000305a0   0x000305a0   0x00000124   Code   RO         6331    i.nrfx_uart_rx      nrfx_uart.o
    0x000306c4   0x000306c4   0x0000008c   Code   RO         6336    i.nrfx_uart_tx      nrfx_uart.o
    0x00030750   0x00030750   0x00000024   Code   RO         6338    i.nrfx_uart_tx_in_progress  nrfx_uart.o
    0x00030774   0x00030774   0x00000030   Code   RO         2555    i.on_conn_params_update  ble_conn_params.o
    0x000307a4   0x000307a4   0x00000070   Code   RO         2556    i.on_connect        ble_conn_params.o
    0x00030814   0x00030814   0x00000074   Code   RO         4798    i.on_connect        ble_nus.o
    0x00030888   0x00030888   0x0000000c   Code   RO         4859    i.on_connect        ble_dfu.o
    0x00030894   0x00030894   0x0000000e   Code   RO         2407    i.on_connected      ble_advertising.o
    0x000308a2   0x000308a2   0x00000066   Code   RO         3405    i.on_connected_evt  nrf_ble_gatt.o
    0x00030908   0x00030908   0x00000058   Code   RO         4860    i.on_ctrlpt_write   ble_dfu.o
    0x00030960   0x00030960   0x00000054   Code   RO         3406    i.on_data_length_update_evt  nrf_ble_gatt.o
    0x000309b4   0x000309b4   0x00000030   Code   RO         3407    i.on_data_length_update_request_evt  nrf_ble_gatt.o
    0x000309e4   0x000309e4   0x00000032   Code   RO         2557    i.on_disconnect     ble_conn_params.o
    0x00030a16   0x00030a16   0x00000002   PAD
    0x00030a18   0x00030a18   0x0000001c   Code   RO         4861    i.on_disconnect     ble_dfu.o
    0x00030a34   0x00030a34   0x00000032   Code   RO         2408    i.on_disconnected   ble_advertising.o
    0x00030a66   0x00030a66   0x00000014   Code   RO         3408    i.on_disconnected_evt  nrf_ble_gatt.o
    0x00030a7a   0x00030a7a   0x00000002   PAD
    0x00030a7c   0x00030a7c   0x0000006c   Code   RO         3409    i.on_exchange_mtu_request_evt  nrf_ble_gatt.o
    0x00030ae8   0x00030ae8   0x00000064   Code   RO         3410    i.on_exchange_mtu_rsp_evt  nrf_ble_gatt.o
    0x00030b4c   0x00030b4c   0x0000002c   Code   RO         4862    i.on_hvc            ble_dfu.o
    0x00030b78   0x00030b78   0x00000044   Code   RO         4799    i.on_hvx_tx_complete  ble_nus.o
    0x00030bbc   0x00030bbc   0x00000024   Code   RO         8681    i.on_operation_failure  nrf_fstorage_sd.o
    0x00030be0   0x00030be0   0x0000005c   Code   RO         8682    i.on_operation_success  nrf_fstorage_sd.o
    0x00030c3c   0x00030c3c   0x00000044   Code   RO         4863    i.on_rw_authorize_req  ble_dfu.o
    0x00030c80   0x00030c80   0x0000006a   Code   RO         3516    i.on_rw_authorize_request  nrf_ble_qwr.o
    0x00030cea   0x00030cea   0x00000040   Code   RO         2409    i.on_terminated     ble_advertising.o
    0x00030d2a   0x00030d2a   0x00000002   Code   RO         3517    i.on_user_mem_release  nrf_ble_qwr.o
    0x00030d2c   0x00030d2c   0x00000020   Code   RO         3518    i.on_user_mem_request  nrf_ble_qwr.o
    0x00030d4c   0x00030d4c   0x00000058   Code   RO         2558    i.on_write          ble_conn_params.o
    0x00030da4   0x00030da4   0x00000094   Code   RO         4800    i.on_write          ble_nus.o
    0x00030e38   0x00030e38   0x0000002c   Code   RO         4864    i.on_write          ble_dfu.o
    0x00030e64   0x00030e64   0x00000044   Code   RO         7717    i.page_from_record  fds.o
    0x00030ea8   0x00030ea8   0x00000034   Code   RO         7718    i.page_has_space    fds.o
    0x00030edc   0x00030edc   0x0000001c   Code   RO         7721    i.page_offsets_update  fds.o
    0x00030ef8   0x00030ef8   0x00000020   Code   RO         7723    i.page_tag_write_data  fds.o
    0x00030f18   0x00030f18   0x00000024   Code   RO         7724    i.page_tag_write_swap  fds.o
    0x00030f3c   0x00030f3c   0x00000014   Code   RO         4462    i.pairing           security_dispatcher.o
    0x00030f50   0x00030f50   0x00000054   Code   RO         4463    i.pairing_failure   security_dispatcher.o
    0x00030fa4   0x00030fa4   0x00000034   Code   RO         4464    i.pairing_success_evt_send  security_dispatcher.o
    0x00030fd8   0x00030fd8   0x00000010   Code   RO         4644    i.params_reply_pending_handle  security_manager.o
    0x00030fe8   0x00030fe8   0x0000002c   Code   RO         4645    i.params_req_send   security_manager.o
    0x00031014   0x00031014   0x00000020   Code   RO         3747    i.pdb_evt_send      peer_database.o
    0x00031034   0x00031034   0x0000006c   Code   RO         3749    i.pdb_pds_evt_handler  peer_database.o
    0x000310a0   0x000310a0   0x00000016   Code   RO         3750    i.pdb_peer_data_ptr_get  peer_database.o
    0x000310b6   0x000310b6   0x00000052   Code   RO         3751    i.pdb_peer_free     peer_database.o
    0x00031108   0x00031108   0x000000cc   Code   RO         3752    i.pdb_write_buf_get  peer_database.o
    0x000311d4   0x000311d4   0x00000020   Code   RO         3753    i.pdb_write_buf_release  peer_database.o
    0x000311f4   0x000311f4   0x00000044   Code   RO         3754    i.pdb_write_buf_store  peer_database.o
    0x00031238   0x00031238   0x00000024   Code   RO         3575    i.pds_evt_send      peer_data_storage.o
    0x0003125c   0x0003125c   0x0000000c   Code   RO         3577    i.pds_next_deleted_peer_id_get  peer_data_storage.o
    0x00031268   0x00031268   0x0000000c   Code   RO         3578    i.pds_next_peer_id_get  peer_data_storage.o
    0x00031274   0x00031274   0x0000006c   Code   RO         3581    i.pds_peer_data_iterate  peer_data_storage.o
    0x000312e0   0x000312e0   0x00000010   Code   RO         3582    i.pds_peer_data_iterate_prepare  peer_data_storage.o
    0x000312f0   0x000312f0   0x0000009a   Code   RO         3583    i.pds_peer_data_read  peer_data_storage.o
    0x0003138a   0x0003138a   0x00000096   Code   RO         3584    i.pds_peer_data_store  peer_data_storage.o
    0x00031420   0x00031420   0x0000000c   Code   RO         3585    i.pds_peer_id_allocate  peer_data_storage.o
    0x0003142c   0x0003142c   0x0000001e   Code   RO         3586    i.pds_peer_id_free  peer_data_storage.o
    0x0003144a   0x0003144a   0x0000000c   Code   RO         3587    i.pds_peer_id_is_allocated  peer_data_storage.o
    0x00031456   0x00031456   0x0000001c   Code   RO         3755    i.peer_data_const_point_to_buffer  peer_database.o
    0x00031472   0x00031472   0x00000002   PAD
    0x00031474   0x00031474   0x0000007c   Code   RO         3589    i.peer_data_delete_process  peer_data_storage.o
    0x000314f0   0x000314f0   0x00000040   Code   RO         3590    i.peer_data_find    peer_data_storage.o
    0x00031530   0x00031530   0x00000026   Code   RO         3591    i.peer_data_id_is_valid  peer_data_storage.o
    0x00031556   0x00031556   0x0000000a   Code   RO         3592    i.peer_data_id_to_record_key  peer_data_storage.o
    0x00031560   0x00031560   0x0000001a   Code   RO         3756    i.peer_data_point_to_buffer  peer_database.o
    0x0003157a   0x0003157a   0x00000002   PAD
    0x0003157c   0x0003157c   0x00000014   Code   RO         3899    i.peer_id_allocate  peer_id.o
    0x00031590   0x00031590   0x0000002c   Code   RO         3900    i.peer_id_delete    peer_id.o
    0x000315bc   0x000315bc   0x0000001c   Code   RO         3901    i.peer_id_free      peer_id.o
    0x000315d8   0x000315d8   0x00000014   Code   RO         3902    i.peer_id_get_next_deleted  peer_id.o
    0x000315ec   0x000315ec   0x00000038   Code   RO         3903    i.peer_id_get_next_used  peer_id.o
    0x00031624   0x00031624   0x0000001c   Code   RO         3905    i.peer_id_is_allocated  peer_id.o
    0x00031640   0x00031640   0x0000001c   Code   RO         3906    i.peer_id_is_deleted  peer_id.o
    0x0003165c   0x0003165c   0x0000000a   Code   RO         3593    i.peer_id_to_file_id  peer_data_storage.o
    0x00031666   0x00031666   0x00000016   Code   RO         2410    i.phy_is_valid      ble_advertising.o
    0x0003167c   0x0003167c   0x00000014   Code   RO         5986    i.pin_configured_set  nrfx_gpiote.o
    0x00031690   0x00031690   0x0000001c   Code   RO         5987    i.pin_in_use_by_gpiote  nrfx_gpiote.o
    0x000316ac   0x000316ac   0x00000018   Code   RO         5988    i.pin_in_use_by_port  nrfx_gpiote.o
    0x000316c4   0x000316c4   0x00000020   Code   RO         5989    i.pin_in_use_by_te  nrfx_gpiote.o
    0x000316e4   0x000316e4   0x0000000c   Code   RO         5990    i.pin_in_use_clear  nrfx_gpiote.o
    0x000316f0   0x000316f0   0x00000062   Code   RO         4395    i.pm_buffer_block_acquire  pm_buffer.o
    0x00031752   0x00031752   0x00000030   Code   RO         4397    i.pm_buffer_ptr_get  pm_buffer.o
    0x00031782   0x00031782   0x00000028   Code   RO         4398    i.pm_buffer_release  pm_buffer.o
    0x000317aa   0x000317aa   0x0000000c   Code   RO         4002    i.pm_gcm_evt_handler  peer_manager.o
    0x000317b6   0x000317b6   0x0000000c   Code   RO         4003    i.pm_gscm_evt_handler  peer_manager.o
    0x000317c2   0x000317c2   0x0000000c   Code   RO         4006    i.pm_im_evt_handler  peer_manager.o
    0x000317ce   0x000317ce   0x00000002   PAD
    0x000317d0   0x000317d0   0x00000184   Code   RO         4011    i.pm_pdb_evt_handler  peer_manager.o
    0x00031954   0x00031954   0x000000dc   Code   RO         4027    i.pm_peer_ranks_get  peer_manager.o
    0x00031a30   0x00031a30   0x00000016   Code   RO         4033    i.pm_sm_evt_handler  peer_manager.o
    0x00031a46   0x00031a46   0x00000002   PAD
    0x00031a48   0x00031a48   0x00000018   Code   RO         6262    i.prs_box_get       nrfx_prs.o
    0x00031a60   0x00031a60   0x00000020   Code   RO         7726    i.queue_buf_get     fds.o
    0x00031a80   0x00031a80   0x00000014   Code   RO         7727    i.queue_buf_store   fds.o
    0x00031a94   0x00031a94   0x00000014   Code   RO         7728    i.queue_free        fds.o
    0x00031aa8   0x00031aa8   0x00000018   Code   RO         8683    i.queue_free        nrf_fstorage_sd.o
    0x00031ac0   0x00031ac0   0x00000018   Code   RO         7729    i.queue_has_next    fds.o
    0x00031ad8   0x00031ad8   0x00000014   Code   RO         7731    i.queue_load        fds.o
    0x00031aec   0x00031aec   0x0000002c   Code   RO         8684    i.queue_load_next   nrf_fstorage_sd.o
    0x00031b18   0x00031b18   0x000000c0   Code   RO         7732    i.queue_process     fds.o
    0x00031bd8   0x00031bd8   0x00000090   Code   RO         8685    i.queue_process     nrf_fstorage_sd.o
    0x00031c68   0x00031c68   0x00000018   Code   RO         7733    i.queue_start       fds.o
    0x00031c80   0x00031c80   0x0000001c   Code   RO         8686    i.queue_start       nrf_fstorage_sd.o
    0x00031c9c   0x00031c9c   0x0000001c   Code   RO         8989    i.queue_utilization_get  nrf_queue.o
    0x00031cb8   0x00031cb8   0x00000030   Code   RO         4037    i.rank_vars_update  peer_manager.o
    0x00031ce8   0x00031ce8   0x0000001c   Code   RO         8687    i.read              nrf_fstorage_sd.o
    0x00031d04   0x00031d04   0x00000078   Code   RO         3757    i.reattempt_previous_operations  peer_database.o
    0x00031d7c   0x00031d7c   0x00000028   Code   RO         2675    i.record_activate   ble_conn_state.o
    0x00031da4   0x00031da4   0x0000008c   Code   RO         7734    i.record_find       fds.o
    0x00031e30   0x00031e30   0x0000003a   Code   RO         7735    i.record_find_and_delete  fds.o
    0x00031e6a   0x00031e6a   0x00000002   PAD
    0x00031e6c   0x00031e6c   0x0000007c   Code   RO         7736    i.record_find_by_desc  fds.o
    0x00031ee8   0x00031ee8   0x00000078   Code   RO         7737    i.record_find_next  fds.o
    0x00031f60   0x00031f60   0x0000003c   Code   RO         7738    i.record_header_flag_dirty  fds.o
    0x00031f9c   0x00031f9c   0x0000002c   Code   RO         7739    i.record_header_write_begin  fds.o
    0x00031fc8   0x00031fc8   0x00000038   Code   RO         7740    i.record_header_write_finalize  fds.o
    0x00032000   0x00032000   0x00000038   Code   RO         7741    i.record_header_write_id  fds.o
    0x00032038   0x00032038   0x00000010   Code   RO         7742    i.record_id_new     fds.o
    0x00032048   0x00032048   0x00000020   Code   RO         2676    i.record_invalidate  ble_conn_state.o
    0x00032068   0x00032068   0x00000048   Code   RO         2677    i.record_purge_disconnected  ble_conn_state.o
    0x000320b0   0x000320b0   0x00000014   Code   RO         2678    i.record_set_disconnected  ble_conn_state.o
    0x000320c4   0x000320c4   0x00000030   Code   RO         7743    i.record_write_data  fds.o
    0x000320f4   0x000320f4   0x00000014   Code   RO         3908    i.release           peer_id.o
    0x00032108   0x00032108   0x00000006   Code   RO         8688    i.rmap              nrf_fstorage_sd.o
    0x0003210e   0x0003210e   0x00000002   PAD
    0x00032110   0x00032110   0x0000000c   Code   RO         7182    i.rtc1_compare0_set  app_timer.o
    0x0003211c   0x0003211c   0x0000000c   Code   RO         7183    i.rtc1_counter_get  app_timer.o
    0x00032128   0x00032128   0x00000018   Code   RO         7184    i.rtc1_init         app_timer.o
    0x00032140   0x00032140   0x0000003c   Code   RO         7185    i.rtc1_start        app_timer.o
    0x0003217c   0x0003217c   0x00000058   Code   RO         7186    i.rtc1_stop         app_timer.o
    0x000321d4   0x000321d4   0x0000003e   Code   RO         6341    i.rx_byte           nrfx_uart.o
    0x00032212   0x00032212   0x0000001c   Code   RO         6342    i.rx_done_event     nrfx_uart.o
    0x0003222e   0x0003222e   0x00000022   Code   RO         6343    i.rx_enable         nrfx_uart.o
    0x00032250   0x00032250   0x00000020   Code   RO         2949    i.sc_send_pending_handle  gatt_cache_manager.o
    0x00032270   0x00032270   0x00000098   Code   RO         9749    i.sd_nvic_EnableIRQ  nrf_sdh.o
    0x00032308   0x00032308   0x00000068   Code   RO         7394    i.sd_nvic_critical_region_enter  app_util_platform.o
    0x00032370   0x00032370   0x00000068   Code   RO         5068    i.sd_state_evt_handler  nrf_drv_clock.o
    0x000323d8   0x000323d8   0x0000003c   Code   RO         9750    i.sdh_request_observer_notify  nrf_sdh.o
    0x00032414   0x00032414   0x00000034   Code   RO         9751    i.sdh_state_observer_notify  nrf_sdh.o
    0x00032448   0x00032448   0x000000b0   Code   RO         4465    i.sec_info_request_process  security_dispatcher.o
    0x000324f8   0x000324f8   0x00000074   Code   RO         4466    i.sec_keyset_fill   security_dispatcher.o
    0x0003256c   0x0003256c   0x00000030   Code   RO         4467    i.sec_params_request_process  security_dispatcher.o
    0x0003259c   0x0003259c   0x00000058   Code   RO         4468    i.sec_proc_start    security_dispatcher.o
    0x000325f4   0x000325f4   0x0000005c   Code   RO         4647    i.sec_req_process   security_manager.o
    0x00032650   0x00032650   0x00000028   Code   RO         4469    i.sec_start_send    security_dispatcher.o
    0x00032678   0x00032678   0x00000022   Code   RO         4470    i.send_config_req   security_dispatcher.o
    0x0003269a   0x0003269a   0x00000002   PAD
    0x0003269c   0x0003269c   0x00000018   Code   RO         2559    i.send_error_evt    ble_conn_params.o
    0x000326b4   0x000326b4   0x00000028   Code   RO         4471    i.send_params_req   security_dispatcher.o
    0x000326dc   0x000326dc   0x00000024   Code   RO         4472    i.send_storage_full_evt  security_dispatcher.o
    0x00032700   0x00032700   0x00000028   Code   RO         2950    i.send_unexpected_error  gatt_cache_manager.o
    0x00032728   0x00032728   0x0000002c   Code   RO         3597    i.send_unexpected_error  peer_data_storage.o
    0x00032754   0x00032754   0x00000028   Code   RO         4473    i.send_unexpected_error  security_dispatcher.o
    0x0003277c   0x0003277c   0x0000007c   Code   RO         2951    i.service_changed_cccd  gatt_cache_manager.o
    0x000327f8   0x000327f8   0x00000020   Code   RO         2952    i.service_changed_needed  gatt_cache_manager.o
    0x00032818   0x00032818   0x00000018   Code   RO         2953    i.service_changed_pending_flags_check  gatt_cache_manager.o
    0x00032830   0x00032830   0x0000007c   Code   RO         3138    i.service_changed_pending_set  gatts_cache_manager.o
    0x000328ac   0x000328ac   0x000000bc   Code   RO         2954    i.service_changed_send_in_evt  gatt_cache_manager.o
    0x00032968   0x00032968   0x00000030   Code   RO         2411    i.set_adv_mode_directed  ble_advertising.o
    0x00032998   0x00032998   0x00000024   Code   RO         2412    i.set_adv_mode_directed_high_duty  ble_advertising.o
    0x000329bc   0x000329bc   0x0000005c   Code   RO         2413    i.set_adv_mode_fast  ble_advertising.o
    0x00032a18   0x00032a18   0x0000005c   Code   RO         2414    i.set_adv_mode_slow  ble_advertising.o
    0x00032a74   0x00032a74   0x0000003c   Code   RO         4987    i.set_adv_name      ble_dfu_unbonded.o
    0x00032ab0   0x00032ab0   0x0000002c   Code   RO         1422    i.set_int_enable    mpu6500_base_driver.o
    0x00032adc   0x00032adc   0x000000b4   Code   RO         8898    i.shutdown_process  nrf_pwr_mgmt.o
    0x00032b90   0x00032b90   0x00000034   Code   RO         4648    i.sm_ble_evt_handler  security_manager.o
    0x00032bc4   0x00032bc4   0x00000058   Code   RO         4653    i.sm_pdb_evt_handler  security_manager.o
    0x00032c1c   0x00032c1c   0x00000032   Code   RO         4656    i.sm_smd_evt_handler  security_manager.o
    0x00032c4e   0x00032c4e   0x0000004c   Code   RO         4474    i.smd_ble_evt_handler  security_dispatcher.o
    0x00032c9a   0x00032c9a   0x00000028   Code   RO         4477    i.smd_link_secure   security_dispatcher.o
    0x00032cc2   0x00032cc2   0x00000002   PAD
    0x00032cc4   0x00032cc4   0x000000c0   Code   RO         4478    i.smd_params_reply  security_dispatcher.o
    0x00032d84   0x00032d84   0x00000040   Code   RO         4657    i.smd_params_reply_perform  security_manager.o
    0x00032dc4   0x00032dc4   0x0000001c   Code   RO         5069    i.soc_evt_handler   nrf_drv_clock.o
    0x00032de0   0x00032de0   0x0000006c   Code   RO         9752    i.softdevice_evt_irq_disable  nrf_sdh.o
    0x00032e4c   0x00032e4c   0x0000001e   Code   RO         9753    i.softdevices_evt_irq_enable  nrf_sdh.o
    0x00032e6a   0x00032e6a   0x00000048   Code   RO         9236    i.spi_event_handler  nrf_spi_mngr.o
    0x00032eb2   0x00032eb2   0x00000002   PAD
    0x00032eb4   0x00032eb4   0x00000040   Code   RO         5211    i.spim_evt_handler  nrf_drv_spi.o
    0x00032ef4   0x00032ef4   0x0000010e   Code   RO         6743    i.spim_xfer         nrfx_spim.o
    0x00033002   0x00033002   0x0000006e   Code   RO        10445    i.sqrt              m_wm.l(sqrt.o)
    0x00033070   0x00033070   0x000000b8   Code   RO         9238    i.start_pending_transaction  nrf_spi_mngr.o
    0x00033128   0x00033128   0x0000006a   Code   RO         6603    i.start_playback    nrfx_pwm.o
    0x00033192   0x00033192   0x00000052   Code   RO         9239    i.start_transfer    nrf_spi_mngr.o
    0x000331e4   0x000331e4   0x0000004c   Code   RO         2955    i.store_car_value   gatt_cache_manager.o
    0x00033230   0x00033230   0x0000000a   Code   RO         7187    i.ticks_diff_get    app_timer.o
    0x0003323a   0x0003323a   0x0000000c   Code   RO         7188    i.timeout_handler_exec  app_timer.o
    0x00033246   0x00033246   0x00000002   PAD
    0x00033248   0x00033248   0x00000050   Code   RO         7189    i.timer_list_handler  app_timer.o
    0x00033298   0x00033298   0x0000000a   Code   RO         7190    i.timer_list_handler_sched  app_timer.o
    0x000332a2   0x000332a2   0x00000002   PAD
    0x000332a4   0x000332a4   0x00000068   Code   RO         7191    i.timer_list_insert  app_timer.o
    0x0003330c   0x0003330c   0x00000088   Code   RO         7192    i.timer_list_remove  app_timer.o
    0x00033394   0x00033394   0x0000005e   Code   RO         7193    i.timer_start_op_schedule  app_timer.o
    0x000333f2   0x000333f2   0x00000042   Code   RO         7194    i.timer_stop_op_schedule  app_timer.o
    0x00033434   0x00033434   0x00000098   Code   RO         7195    i.timer_timeouts_check  app_timer.o
    0x000334cc   0x000334cc   0x0000000a   Code   RO         7196    i.timer_timeouts_check_sched  app_timer.o
    0x000334d6   0x000334d6   0x0000001c   Code   RO          755    i.timers_init       system.o
    0x000334f2   0x000334f2   0x00000018   Code   RO         9240    i.transaction_begin_signal  nrf_spi_mngr.o
    0x0003350a   0x0003350a   0x00000020   Code   RO         9241    i.transaction_end_signal  nrf_spi_mngr.o
    0x0003352a   0x0003352a   0x00000036   Code   RO         6344    i.tx_blocking       nrfx_uart.o
    0x00033560   0x00033560   0x00000026   Code   RO         6345    i.tx_byte           nrfx_uart.o
    0x00033586   0x00033586   0x00000020   Code   RO         6346    i.tx_done_event     nrfx_uart.o
    0x000335a6   0x000335a6   0x0000000a   Code   RO          825    i.uart_error_handle  uart.o
    0x000335b0   0x000335b0   0x000000d4   Code   RO         7574    i.uart_event_handler  app_uart_fifo.o
    0x00033684   0x00033684   0x00000038   Code   RO         5250    i.uart_evt_handler  nrf_drv_uart.o
    0x000336bc   0x000336bc   0x0000014c   Code   RO         6347    i.uart_irq_handler  nrfx_uart.o
    0x00033808   0x00033808   0x0000000c   Code   RO         2844    i.uint16_decode     ble_srv_common.o
    0x00033814   0x00033814   0x00000024   Code   RO         8689    i.uninit            nrf_fstorage_sd.o
    0x00033838   0x00033838   0x00000034   Code   RO         2956    i.update_pending_flags_check  gatt_cache_manager.o
    0x0003386c   0x0003386c   0x0000001e   Code   RO         2415    i.use_whitelist     ble_advertising.o
    0x0003388a   0x0003388a   0x00000002   PAD
    0x0003388c   0x0003388c   0x00000014   Code   RO         2679    i.user_flag_is_acquired  ble_conn_state.o
    0x000338a0   0x000338a0   0x0000002c   Code   RO         3519    i.user_mem_reply    nrf_ble_qwr.o
    0x000338cc   0x000338cc   0x0000003c   Code   RO         7197    i.user_op_alloc     app_timer.o
    0x00033908   0x00033908   0x0000000c   Code   RO         7198    i.user_op_enque     app_timer.o
    0x00033914   0x00033914   0x00000008   Code   RO         2416    i.whitelist_has_entries  ble_advertising.o
    0x0003391c   0x0003391c   0x00000006   Code   RO         8690    i.wmap              nrf_fstorage_sd.o
    0x00033922   0x00033922   0x00000002   PAD
    0x00033924   0x00033924   0x00000054   Code   RO         8691    i.write             nrf_fstorage_sd.o
    0x00033978   0x00033978   0x00000038   Code   RO         3758    i.write_buf_length_words_set  peer_database.o
    0x000339b0   0x000339b0   0x000000ac   Code   RO         3759    i.write_buf_store   peer_database.o
    0x00033a5c   0x00033a5c   0x00000048   Code   RO         3760    i.write_buf_store_in_event  peer_database.o
    0x00033aa4   0x00033aa4   0x00000024   Code   RO         3761    i.write_buffer_record_acquire  peer_database.o
    0x00033ac8   0x00033ac8   0x0000004c   Code   RO         3762    i.write_buffer_record_find  peer_database.o
    0x00033b14   0x00033b14   0x00000034   Code   RO         3763    i.write_buffer_record_find_next  peer_database.o
    0x00033b48   0x00033b48   0x00000030   Code   RO         3764    i.write_buffer_record_find_stored  peer_database.o
    0x00033b78   0x00033b78   0x0000000e   Code   RO         3765    i.write_buffer_record_find_unused  peer_database.o
    0x00033b86   0x00033b86   0x00000024   Code   RO         3766    i.write_buffer_record_invalidate  peer_database.o
    0x00033baa   0x00033baa   0x00000002   PAD
    0x00033bac   0x00033bac   0x00000028   Code   RO         3767    i.write_buffer_record_release  peer_database.o
    0x00033bd4   0x00033bd4   0x000000e0   Code   RO         7745    i.write_enqueue     fds.o
    0x00033cb4   0x00033cb4   0x000000c4   Code   RO         7746    i.write_execute     fds.o
    0x00033d78   0x00033d78   0x00000054   Code   RO         8692    i.write_execute     nrf_fstorage_sd.o
    0x00033dcc   0x00033dcc   0x00000024   Code   RO         7747    i.write_space_free  fds.o
    0x00033df0   0x00033df0   0x00000078   Code   RO         7748    i.write_space_reserve  fds.o
    0x00033e68   0x00033e68   0x00000008   PAD
    0x00033e70   0x00033e70   0x00000006   Data   RO            7    .constdata          main.o
    0x00033e76   0x00033e76   0x00000002   PAD
    0x00033e78   0x00033e78   0x00000018   Data   RO          665    .constdata          pwm.o
    0x00033e90   0x00033e90   0x00000018   Data   RO          827    .constdata          uart.o
    0x00033ea8   0x00033ea8   0x00000088   Data   RO         1083    .constdata          spi0_imu.o
    0x00033f30   0x00033f30   0x00000028   Data   RO         1185    .constdata          spi1_led.o
    0x00033f58   0x00033f58   0x00000008   PAD
    0x00033f60   0x00033f60   0x0000006b   Data   RO         1423    .constdata          mpu6500_base_driver.o
    0x00033fcb   0x00033fcb   0x00000008   Data   RO         1966    .constdata          boards.o
    0x00033fd3   0x00033fd3   0x00000001   PAD
    0x00033fd4   0x00033fd4   0x0000002c   Data   RO         2087    .constdata          bsp.o
    0x00034000   0x00034000   0x0000007c   Data   RO         2957    .constdata          gatt_cache_manager.o
    0x0003407c   0x0003407c   0x00000018   Data   RO         3139    .constdata          gatts_cache_manager.o
    0x00034094   0x00034094   0x00000008   Data   RO         3247    .constdata          id_manager.o
    0x0003409c   0x0003409c   0x00000016   Data   RO         3411    .constdata          nrf_ble_gatt.o
    0x000340b2   0x000340b2   0x00000002   PAD
    0x000340b4   0x000340b4   0x0000001c   Data   RO         3598    .constdata          peer_data_storage.o
    0x000340d0   0x000340d0   0x00000010   Data   RO         3769    .constdata          peer_database.o
    0x000340e0   0x000340e0   0x0000008c   Data   RO         4480    .constdata          security_dispatcher.o
    0x0003416c   0x0003416c   0x00000004   Data   RO         4658    .constdata          security_manager.o
    0x00034170   0x00034170   0x00000010   Data   RO         5213    .constdata          nrf_drv_spi.o
    0x00034180   0x00034180   0x0000003e   Data   RO         5992    .constdata          nrfx_gpiote.o
    0x000341be   0x000341be   0x00000002   PAD
    0x000341c0   0x000341c0   0x0000002e   Data   RO         6349    .constdata          nrfx_uart.o
    0x000341ee   0x000341ee   0x00000002   PAD
    0x000341f0   0x000341f0   0x00000031   Data   RO         6745    .constdata          nrfx_spim.o
    0x00034221   0x00034221   0x0000000f   PAD
    0x00034230   0x00034230   0x00000006   Data   RO         7200    .constdata          app_timer.o
    0x00034236   0x00034236   0x00000002   PAD
    0x00034238   0x00034238   0x00000020   Data   RO         7576    .constdata          app_uart_fifo.o
    0x00034258   0x00034258   0x00000018   Data   RO         7750    .constdata          fds.o
    0x00034270   0x00034270   0x00000030   Data   RO         8694    .constdata          nrf_fstorage_sd.o
    0x000342a0   0x000342a0   0x00000058   Data   RO         9754    .constdata          nrf_sdh.o
    0x000342f8   0x000342f8   0x00000030   Data   RO         9869    .constdata          nrf_sdh_ble.o
    0x00034328   0x00034328   0x0000001c   Data   RO         9924    .constdata          nrf_sdh_soc.o
    0x00034344   0x00034344   0x00000004   PAD
    0x00034348   0x00034348   0x00000050   Data   RO        10055    .constdata          m_wm.l(asin.o)
    0x00034398   0x00034398   0x00000098   Data   RO        10399    .constdata          m_wm.l(atan.o)
    0x00034430   0x00034430   0x00000030   Data   RO        10411    .constdata          m_wm.l(cos_i.o)
    0x00034460   0x00034460   0x00000008   Data   RO        10431    .constdata          m_wm.l(qnan.o)
    0x00034468   0x00034468   0x000000c8   Data   RO        10434    .constdata          m_wm.l(rred.o)
    0x00034530   0x00034530   0x00000028   Data   RO        10438    .constdata          m_wm.l(sin_i.o)
    0x00034558   0x00034558   0x00000020   Data   RO        10505    Region$$Table       anon$$obj.o
    0x00034578   0x00034578   0x00000014   Data   RO         1085    nrf_queue           spi0_imu.o
    0x0003458c   0x0003458c   0x00000014   Data   RO         1187    nrf_queue           spi1_led.o
    0x000345a0   0x000345a0   0x00000008   Data   RO         2681    sdh_ble_observers0  ble_conn_state.o
    0x000345a8   0x000345a8   0x00000010   Data   RO          882    sdh_ble_observers1  juno_ble.o
    0x000345b8   0x000345b8   0x00000008   Data   RO         2195    sdh_ble_observers1  bsp_btn_ble.o
    0x000345c0   0x000345c0   0x00000008   Data   RO         2564    sdh_ble_observers1  ble_conn_params.o
    0x000345c8   0x000345c8   0x00000008   Data   RO         4041    sdh_ble_observers1  peer_manager.o
    0x000345d0   0x000345d0   0x00000010   Data   RO          883    sdh_ble_observers2  juno_ble.o
    0x000345e0   0x000345e0   0x00000008   Data   RO         4867    sdh_ble_observers2  ble_dfu.o
    0x000345e8   0x000345e8   0x00000008   Data   RO          884    sdh_ble_observers3  juno_ble.o
    0x000345f0   0x000345f0   0x00000008   Data   RO         8696    sdh_req_observers0  nrf_fstorage_sd.o
    0x000345f8   0x000345f8   0x00000008   Data   RO         5072    sdh_soc_observers0  nrf_drv_clock.o
    0x00034600   0x00034600   0x00000008   Data   RO         8697    sdh_soc_observers0  nrf_fstorage_sd.o
    0x00034608   0x00034608   0x00000008   Data   RO          885    sdh_soc_observers1  juno_ble.o
    0x00034610   0x00034610   0x00000008   Data   RO         4990    sdh_soc_observers1  ble_dfu_unbonded.o
    0x00034618   0x00034618   0x00000008   Data   RO         9871    sdh_stack_observers0  nrf_sdh_ble.o
    0x00034620   0x00034620   0x00000008   Data   RO         9925    sdh_stack_observers0  nrf_sdh_soc.o
    0x00034628   0x00034628   0x00000008   Data   RO         5073    sdh_state_observers0  nrf_drv_clock.o
    0x00034630   0x00034630   0x00000008   Data   RO         8698    sdh_state_observers0  nrf_fstorage_sd.o


    Execution Region RW_IRAM1 (Exec base: 0x20002a98, Load base: 0x00034638, Size: 0x000040c8, Max: 0x00020000, ABSOLUTE, COMPRESSED[0x000009b4])

    Exec Addr    Load Addr    Size         Type   Attr      Idx    E Section Name        Object

    0x20002a98   COMPRESSED   0x00000020   Data   RW          666    .data               pwm.o
    0x20002ab8   COMPRESSED   0x00000038   Data   RW          881    .data               juno_ble.o
    0x20002af0   COMPRESSED   0x00000034   Data   RW         1084    .data               spi0_imu.o
    0x20002b24   COMPRESSED   0x0000004c   Data   RW         1186    .data               spi1_led.o
    0x20002b70   COMPRESSED   0x0000000c   Data   RW         1291    .data               led1642gw.o
    0x20002b7c   COMPRESSED   0x0000002e   Data   RW         1424    .data               mpu6500_base_driver.o
    0x20002baa   COMPRESSED   0x00000bf6   Data   RW         1687    .data               mpu6500_dmp_motion_driver.o
    0x200037a0   COMPRESSED   0x00000009   Data   RW         1854    .data               mpu6500.o
    0x200037a9   COMPRESSED   0x00000003   PAD
    0x200037ac   COMPRESSED   0x00000015   Data   RW         2088    .data               bsp.o
    0x200037c1   COMPRESSED   0x00000003   PAD
    0x200037c4   COMPRESSED   0x00000008   Data   RW         2194    .data               bsp_btn_ble.o
    0x200037cc   COMPRESSED   0x00000008   Data   RW         2563    .data               ble_conn_params.o
    0x200037d4   COMPRESSED   0x00000013   Data   RW         2958    .data               gatt_cache_manager.o
    0x200037e7   COMPRESSED   0x00000001   PAD
    0x200037e8   COMPRESSED   0x0000000a   Data   RW         3140    .data               gatts_cache_manager.o
    0x200037f2   COMPRESSED   0x00000002   PAD
    0x200037f4   COMPRESSED   0x0000000c   Data   RW         3599    .data               peer_data_storage.o
    0x20003800   COMPRESSED   0x00000008   Data   RW         3770    .data               peer_database.o
    0x20003808   COMPRESSED   0x0000000f   Data   RW         4040    .data               peer_manager.o
    0x20003817   COMPRESSED   0x00000005   Data   RW         4481    .data               security_dispatcher.o
    0x2000381c   COMPRESSED   0x00000018   Data   RW         4659    .data               security_manager.o
    0x20003834   COMPRESSED   0x00000004   Data   RW         4989    .data               ble_dfu_unbonded.o
    0x20003838   COMPRESSED   0x00000009   Data   RW         5251    .data               nrf_drv_uart.o
    0x20003841   COMPRESSED   0x00000003   PAD
    0x20003844   COMPRESSED   0x00000008   Data   RW         5808    .data               nrfx_clock.o
    0x2000384c   COMPRESSED   0x00000008   Data   RW         6264    .data               nrfx_prs.o
    0x20003854   COMPRESSED   0x00000014   Data   RW         7201    .data               app_timer.o
    0x20003868   COMPRESSED   0x00000013   Data   RW         7577    .data               app_uart_fifo.o
    0x2000387b   COMPRESSED   0x00000001   PAD
    0x2000387c   COMPRESSED   0x00000030   Data   RW         7751    .data               fds.o
    0x200038ac   COMPRESSED   0x00000008   Data   RW         8695    .data               nrf_fstorage_sd.o
    0x200038b4   COMPRESSED   0x00000009   Data   RW         8901    .data               nrf_pwr_mgmt.o
    0x200038bd   COMPRESSED   0x00000003   PAD
    0x200038c0   COMPRESSED   0x00000008   Data   RW         9317    .data               retarget.o
    0x200038c8   COMPRESSED   0x00000003   Data   RW         9755    .data               nrf_sdh.o
    0x200038cb   COMPRESSED   0x00000001   Data   RW         9870    .data               nrf_sdh_ble.o
    0x200038cc   COMPRESSED   0x00000004   Data   RW         9977    .data               system_nrf52.o
    0x200038d0   COMPRESSED   0x00000004   Data   RW        10476    .data               mc_w.l(errno.o)
    0x200038d4   COMPRESSED   0x00000014   Data   RW         7752    fs_data             fds.o
    0x200038e8        -       0x00000020   Zero   RW          664    .bss                pwm.o
    0x20003908        -       0x00000400   Zero   RW          826    .bss                uart.o
    0x20003d08        -       0x00000278   Zero   RW          880    .bss                juno_ble.o
    0x20003f80        -       0x0000005c   Zero   RW         1082    .bss                spi0_imu.o
    0x20003fdc        -       0x00000048   Zero   RW         1184    .bss                spi1_led.o
    0x20004024        -       0x00000120   Zero   RW         1289    .bss                led1642gw.o
    0x20004144        -       0x00000010   Zero   RW         1686    .bss                mpu6500_dmp_motion_driver.o
    0x20004154        -       0x0000006c   Zero   RW         2086    .bss                bsp.o
    0x200041c0        -       0x00000050   Zero   RW         2562    .bss                ble_conn_params.o
    0x20004210        -       0x00000078   Zero   RW         2680    .bss                ble_conn_state.o
    0x20004288        -       0x000000d8   Zero   RW         3246    .bss                id_manager.o
    0x20004360        -       0x00000180   Zero   RW         3768    .bss                peer_database.o
    0x200044e0        -       0x00000040   Zero   RW         3909    .bss                peer_id.o
    0x20004520        -       0x0000000c   Zero   RW         4038    .bss                peer_manager.o
    0x2000452c        -       0x00000040   Zero   RW         4479    .bss                security_dispatcher.o
    0x2000456c        -       0x0000001c   Zero   RW         4865    .bss                ble_dfu.o
    0x20004588        -       0x00000028   Zero   RW         4988    .bss                ble_dfu_unbonded.o
    0x200045b0        -       0x00000014   Zero   RW         5070    .bss                nrf_drv_clock.o
    0x200045c4        -       0x00000018   Zero   RW         5212    .bss                nrf_drv_spi.o
    0x200045dc        -       0x00000030   Zero   RW         5317    .bss                nrfx_timer.o
    0x2000460c        -       0x00000030   Zero   RW         5509    .bss                nrfx_saadc.o
    0x2000463c        -       0x0000004c   Zero   RW         5991    .bss                nrfx_gpiote.o
    0x20004688        -       0x0000002c   Zero   RW         6348    .bss                nrfx_uart.o
    0x200046b4        -       0x00000010   Zero   RW         6604    .bss                nrfx_pwm.o
    0x200046c4        -       0x00000048   Zero   RW         6744    .bss                nrfx_spim.o
    0x2000470c        -       0x0000010c   Zero   RW         7199    .bss                app_timer.o
    0x20004818        -       0x0000000c   Zero   RW         7395    .bss                app_util_platform.o
    0x20004824        -       0x00000020   Zero   RW         7575    .bss                app_uart_fifo.o
    0x20004844        -       0x000000f0   Zero   RW         7749    .bss                fds.o
    0x20004934        -       0x00000200   Zero   RW         8693    .bss                nrf_fstorage_sd.o
    0x20004b34        -       0x0000002c   Zero   RW         8899    .bss                nrf_pwr_mgmt.o
    0x20004b60        -       0x00002000   Zero   RW         9954    STACK               arm_startup_nrf52.o


==============================================================================

Image component sizes


      Code (inc. data)   RO Data    RW Data    ZI Data      Debug   Object Name

        28          0          0          0          0       4381   app_error.o
        96         10          0          0          0       1394   app_error_weak.o
       170          0          0          0          0       5166   app_fifo.o
         0          0          0          0          0      37086   app_scheduler.o
      2008        238          6         20        268      50364   app_timer.o
       578         74         32         19         32      16391   app_uart_fifo.o
       200         24          0          0         12       9826   app_util_platform.o
        36          8        512          0       8192        884   arm_startup_nrf52.o
       104          0          0          0          0      49039   ble_advdata.o
      1064          6          0          0          0      15030   ble_advertising.o
       628         30          8          8         80      10744   ble_conn_params.o
       742         64          8          0        120      12399   ble_conn_state.o
       524         34          8          0         28       8322   ble_dfu.o
         0          0          0          0          0       5292   ble_dfu_bonded.o
       424         32          8          4         40       5881   ble_dfu_unbonded.o
       108          0          0          0          0       2456   ble_link_ctx_manager.o
       400          0          0          0          0       6001   ble_nus.o
        48          0          0          0          0      39520   ble_srv_common.o
       270         20          8          0          0       9299   boards.o
      1264         80         44         21        108      12377   bsp.o
       288          8          8          8          0       3760   bsp_btn_ble.o
         0          0          0          0          0      31852   command_handling.o
       960         54          0          0          0       3040   euler_angle.o
      3730        374         24         68        240      52392   fds.o
      1658        156        124         19          0      34767   gatt_cache_manager.o
       628         32         24         10          0      15137   gatts_cache_manager.o
      1080         34          8          0        216      21174   id_manager.o
       288          8         48         56        632      16926   juno_ble.o
       536         22          0         12        288       5431   led1642gw.o
      1000         82          6          0          0     242979   main.o
       246         12          0          9          0       3592   mpu6500.o
      2932        116        107         46          0      21234   mpu6500_base_driver.o
      2548        138          0       3062         16      20185   mpu6500_dmp_motion_driver.o
       374          0          0          0          0       7888   nrf_atfifo.o
       232          0          0          0          0       5076   nrf_atflags.o
       394          0          0          0          0       7549   nrf_atomic.o
       704         16         22          0          0      36082   nrf_ble_gatt.o
       340          0          0          0          0       6154   nrf_ble_qwr.o
       364         48         16          0         20      37382   nrf_drv_clock.o
       200         24         16          0         24       6283   nrf_drv_spi.o
       140         22          0          9          0      10756   nrf_drv_uart.o
       234          0          0          0          0       3918   nrf_fstorage.o
      1114        120         72          8        512      18647   nrf_fstorage_sd.o
       302         32          0          9         44      40630   nrf_pwr_mgmt.o
       458          0          0          0          0       5749   nrf_queue.o
       804         86         88          3          0      41738   nrf_sdh.o
       116          8         56          1          0       4610   nrf_sdh_ble.o
        84          4         36          0          0       3792   nrf_sdh_soc.o
       112          0          0          0          0       3980   nrf_section_iter.o
       494         12          0          0          0      13520   nrf_spi_mngr.o
       400         34          0          8          0      14455   nrfx_clock.o
      1708        110         62          0         76      60301   nrfx_gpiote.o
       140         14          0          8          0       3844   nrfx_prs.o
      1020         32          0          0         16      23463   nrfx_pwm.o
       532         24          0          0         48      13471   nrfx_saadc.o
      1314         48         49          0         72      28611   nrfx_spim.o
       226         40          0          0         48      45151   nrfx_timer.o
      1680         46         46          0         44      28244   nrfx_uart.o
       842         22         28         12          0      17082   peer_data_storage.o
      1324         48         16          8        384      21337   peer_database.o
       372         40          0          0         64       8232   peer_id.o
       798         56          8         15         12      12176   peer_manager.o
       288          0          0          0          0       5406   pm_buffer.o
       204         46         24         32         32       2931   pwm.o
        16          0          0          8          0       2594   retarget.o
      1802         94        140          5         64      29575   security_dispatcher.o
       920         92          4         24          0      46411   security_manager.o
       572         74        156         52         92      12340   spi0_imu.o
       364         82         60         76         72       7911   spi1_led.o
        28          0          0          0          0       9582   system.o
      1352        144          0          4          0       7935   system_nrf52.o
       102         16         24          0       1024       1572   uart.o

    ----------------------------------------------------------------------
     47144       3098       1976       3660      12920    1430699   Object Totals
         0          0         32          0          0          0   (incl. Generated)
        88          8         38         16          0          0   (incl. Padding)

    ----------------------------------------------------------------------

      Code (inc. data)   RO Data    RW Data    ZI Data      Debug   Library Member Name

       864         94         80          0          0        280   asin.o
       744        106        152          0          0        352   atan.o
       496         64          0          0          0        192   atan2.o
       368         46         48          0          0        200   cos_i.o
       104         16          0          0          0        496   dunder.o
        44          0          0          0          0        248   fabs.o
       280         28          0          0          0        156   floor.o
        48          0          0          0          0        124   fpclassify.o
       248          0          0          0          0        152   poly.o
         0          0          8          0          0          0   qnan.o
      1080        142        200          0          0        188   rred.o
       200         20          0          0          0        164   sin.o
       304         24         40          0          0        208   sin_i.o
       110          0          0          0          0        148   sqrt.o
        86          0          0          0          0          0   __dczerorl2.o
         0          0          0          0          0          0   entry.o
         0          0          0          0          0          0   entry10a.o
         0          0          0          0          0          0   entry11a.o
         8          4          0          0          0          0   entry2.o
         4          0          0          0          0          0   entry5.o
         0          0          0          0          0          0   entry7b.o
         0          0          0          0          0          0   entry8b.o
         8          4          0          0          0          0   entry9a.o
        12          6          0          4          0         68   errno.o
        30          0          0          0          0          0   handlers.o
        36          8          0          0          0         68   init.o
         0          0          0          0          0          0   iusefp.o
        30          0          0          0          0         68   llshl.o
        36          0          0          0          0         68   llsshr.o
        32          0          0          0          0         68   llushr.o
        26          0          0          0          0         80   memcmp.o
        36          0          0          0          0         68   memcpya.o
        36          0          0          0          0        108   memseta.o
      2258         90          0          0          0        452   printfa.o
        44          0          0          0          0         80   uidiv.o
        98          0          0          0          0         92   uldiv.o
        48          0          0          0          0         68   cdrcmple.o
        56          0          0          0          0         88   d2f.o
       334          0          0          0          0        148   dadd.o
       222          0          0          0          0        100   ddiv.o
       186          0          0          0          0        176   depilogue.o
        62          0          0          0          0         80   dfixi.o
        50          0          0          0          0         76   dfixui.o
        48          0          0          0          0         68   dfixul.o
        34          0          0          0          0         76   dflti.o
        26          0          0          0          0         76   dfltui.o
       228          0          0          0          0         96   dmul.o
       162          0          0          0          0        100   dsqrt.o
        38          0          0          0          0         68   f2d.o
       110          0          0          0          0        168   fepilogue.o

    ----------------------------------------------------------------------
      9288        652        528          4          0       5516   Library Totals
        14          0          0          0          0          0   (incl. Padding)

    ----------------------------------------------------------------------

      Code (inc. data)   RO Data    RW Data    ZI Data      Debug   Library Name

      4890        540        528          0          0       2908   m_wm.l
      2780        112          0          4          0       1220   mc_w.l
      1604          0          0          0          0       1388   mf_w.l

    ----------------------------------------------------------------------
      9288        652        528          4          0       5516   Library Totals

    ----------------------------------------------------------------------

==============================================================================


      Code (inc. data)   RO Data    RW Data    ZI Data      Debug   

     56432       3750       2504       3664      12920    1368147   Grand Totals
     56432       3750       2504       2484      12920    1368147   ELF Image Totals (compressed)
     56432       3750       2504       2484          0          0   ROM Totals

==============================================================================

    Total RO  Size (Code + RO Data)                58936 (  57.55kB)
    Total RW  Size (RW Data + ZI Data)             16584 (  16.20kB)
    Total ROM Size (Code + RO Data + RW Data)      61420 (  59.98kB)

==============================================================================

