<!doctype html public "-//w3c//dtd html 4.0 transitional//en">
<html><head>
<title>Static Call Graph - [.\_build\Juno_Light_Central.axf]</title></head>
<body><HR>
<H1>Static Call Graph for image .\_build\Juno_Light_Central.axf</H1><HR>
<BR><P>#&#060CALLGRAPH&#062# ARM Linker, 5060528: Last Updated: Wed Jun 05 23:41:08 2019
<BR><P>
<H3>Maximum Stack Usage =        576 bytes + Unknown(Cycles, Untraceable Function Pointers)</H3><H3>
Call chain for Maximum Stack Depth:</H3>
nrf_sdh_ble_evts_poll &rArr; app_error_handler_bare &rArr; app_error_fault_handler
<P>
<H3>
Mutually Recursive functions
</H3> <LI><a href="#[b]">NMI_Handler</a>&nbsp;&nbsp;&nbsp;&rArr;&nbsp;&nbsp;&nbsp;<a href="#[b]">NMI_Handler</a><BR>
 <LI><a href="#[d]">MemoryManagement_Handler</a>&nbsp;&nbsp;&nbsp;&rArr;&nbsp;&nbsp;&nbsp;<a href="#[d]">MemoryManagement_Handler</a><BR>
 <LI><a href="#[e]">BusFault_Handler</a>&nbsp;&nbsp;&nbsp;&rArr;&nbsp;&nbsp;&nbsp;<a href="#[e]">BusFault_Handler</a><BR>
 <LI><a href="#[f]">UsageFault_Handler</a>&nbsp;&nbsp;&nbsp;&rArr;&nbsp;&nbsp;&nbsp;<a href="#[f]">UsageFault_Handler</a><BR>
 <LI><a href="#[10]">SVC_Handler</a>&nbsp;&nbsp;&nbsp;&rArr;&nbsp;&nbsp;&nbsp;<a href="#[10]">SVC_Handler</a><BR>
 <LI><a href="#[11]">DebugMon_Handler</a>&nbsp;&nbsp;&nbsp;&rArr;&nbsp;&nbsp;&nbsp;<a href="#[11]">DebugMon_Handler</a><BR>
 <LI><a href="#[12]">PendSV_Handler</a>&nbsp;&nbsp;&nbsp;&rArr;&nbsp;&nbsp;&nbsp;<a href="#[12]">PendSV_Handler</a><BR>
 <LI><a href="#[13]">SysTick_Handler</a>&nbsp;&nbsp;&nbsp;&rArr;&nbsp;&nbsp;&nbsp;<a href="#[13]">SysTick_Handler</a><BR>
 <LI><a href="#[23]">CCM_AAR_IRQHandler</a>&nbsp;&nbsp;&nbsp;&rArr;&nbsp;&nbsp;&nbsp;<a href="#[23]">CCM_AAR_IRQHandler</a><BR>
 <LI><a href="#[7f]">__asm___12_nrf_atfifo_c_51f461e1__nrf_atfifo_rspace_close</a>&nbsp;&nbsp;&nbsp;&rArr;&nbsp;&nbsp;&nbsp;<a href="#[7f]">__asm___12_nrf_atfifo_c_51f461e1__nrf_atfifo_rspace_close</a><BR>
 <LI><a href="#[7e]">__asm___12_nrf_atfifo_c_51f461e1__nrf_atfifo_wspace_close</a>&nbsp;&nbsp;&nbsp;&rArr;&nbsp;&nbsp;&nbsp;<a href="#[7e]">__asm___12_nrf_atfifo_c_51f461e1__nrf_atfifo_wspace_close</a><BR>
 <LI><a href="#[75]">nrf_fstorage_sys_evt_handler</a>&nbsp;&nbsp;&nbsp;&rArr;&nbsp;&nbsp;&nbsp;<a href="#[27a]">queue_process</a><BR>
</UL>
<P>
<H3>
Function Pointers
</H3><UL>
 <LI><a href="#[3e]">Battery_Charger_Interrupt_handler</a> from gpio.o(i.Battery_Charger_Interrupt_handler) referenced from gpio.o(i.GPIO_Init)
 <LI><a href="#[e]">BusFault_Handler</a> from arm_startup_nrf52.o(.text) referenced from arm_startup_nrf52.o(RESET)
 <LI><a href="#[23]">CCM_AAR_IRQHandler</a> from arm_startup_nrf52.o(.text) referenced from arm_startup_nrf52.o(RESET)
 <LI><a href="#[27]">COMP_LPCOMP_IRQHandler</a> from arm_startup_nrf52.o(.text) referenced from arm_startup_nrf52.o(RESET)
 <LI><a href="#[11]">DebugMon_Handler</a> from arm_startup_nrf52.o(.text) referenced from arm_startup_nrf52.o(RESET)
 <LI><a href="#[22]">ECB_IRQHandler</a> from arm_startup_nrf52.o(.text) referenced from arm_startup_nrf52.o(RESET)
 <LI><a href="#[38]">FPU_IRQHandler</a> from arm_startup_nrf52.o(.text) referenced from arm_startup_nrf52.o(RESET)
 <LI><a href="#[1a]">GPIOTE_IRQHandler</a> from nrfx_gpiote.o(i.GPIOTE_IRQHandler) referenced from arm_startup_nrf52.o(RESET)
 <LI><a href="#[c]">HardFault_Handler</a> from main.o(i.HardFault_Handler) referenced from arm_startup_nrf52.o(RESET)
 <LI><a href="#[37]">I2S_IRQHandler</a> from arm_startup_nrf52.o(.text) referenced from arm_startup_nrf52.o(RESET)
 <LI><a href="#[3d]">IMU_Interrupt_Handler</a> from gpio.o(i.IMU_Interrupt_Handler) referenced from gpio.o(i.GPIO_Init)
 <LI><a href="#[1]">IMU_Start_Transaction</a> from spi0_imu.o(i.IMU_Start_Transaction) referenced 2 times from spi0_imu.o(.constdata)
 <LI><a href="#[1]">IMU_Start_Transaction</a> from spi0_imu.o(i.IMU_Start_Transaction) referenced 4 times from spi0_imu.o(.data)
 <LI><a href="#[2]">IMU_Stop_Transaction</a> from spi0_imu.o(i.IMU_Stop_Transaction) referenced 2 times from spi0_imu.o(.constdata)
 <LI><a href="#[2]">IMU_Stop_Transaction</a> from spi0_imu.o(i.IMU_Stop_Transaction) referenced 4 times from spi0_imu.o(.data)
 <LI><a href="#[56]">IMU_Stop_Transaction_DMP</a> from spi0_imu.o(i.IMU_Stop_Transaction_DMP) referenced 2 times from spi0_imu.o(.constdata)
 <LI><a href="#[3]">LED_Start_Transaction</a> from spi1_led.o(i.LED_Start_Transaction) referenced 4 times from spi1_led.o(.data)
 <LI><a href="#[5]">LED_Start_Transaction_LE</a> from spi1_led.o(i.LED_Start_Transaction_LE) referenced 2 times from spi1_led.o(.data)
 <LI><a href="#[4]">LED_Stop_Transaction</a> from spi1_led.o(i.LED_Stop_Transaction) referenced 4 times from spi1_led.o(.data)
 <LI><a href="#[6]">LED_Stop_Transaction_LE</a> from spi1_led.o(i.LED_Stop_Transaction_LE) referenced 2 times from spi1_led.o(.data)
 <LI><a href="#[40]">MPU6500_orient_cb</a> from mpu6500.o(i.MPU6500_orient_cb) referenced from mpu6500.o(i.MPU6500_Setup)
 <LI><a href="#[3f]">MPU6500_tap_cb</a> from mpu6500.o(i.MPU6500_tap_cb) referenced from mpu6500.o(i.MPU6500_Setup)
 <LI><a href="#[32]">MWU_IRQHandler</a> from arm_startup_nrf52.o(.text) referenced from arm_startup_nrf52.o(RESET)
 <LI><a href="#[d]">MemoryManagement_Handler</a> from arm_startup_nrf52.o(.text) referenced from arm_startup_nrf52.o(RESET)
 <LI><a href="#[19]">NFCT_IRQHandler</a> from arm_startup_nrf52.o(.text) referenced from arm_startup_nrf52.o(RESET)
 <LI><a href="#[b]">NMI_Handler</a> from arm_startup_nrf52.o(.text) referenced from arm_startup_nrf52.o(RESET)
 <LI><a href="#[31]">PDM_IRQHandler</a> from arm_startup_nrf52.o(.text) referenced from arm_startup_nrf52.o(RESET)
 <LI><a href="#[14]">POWER_CLOCK_IRQHandler</a> from nrfx_clock.o(i.POWER_CLOCK_IRQHandler) referenced from arm_startup_nrf52.o(RESET)
 <LI><a href="#[30]">PWM0_IRQHandler</a> from nrfx_pwm.o(i.PWM0_IRQHandler) referenced from arm_startup_nrf52.o(RESET)
 <LI><a href="#[33]">PWM1_IRQHandler</a> from nrfx_pwm.o(i.PWM1_IRQHandler) referenced from arm_startup_nrf52.o(RESET)
 <LI><a href="#[34]">PWM2_IRQHandler</a> from arm_startup_nrf52.o(.text) referenced from arm_startup_nrf52.o(RESET)
 <LI><a href="#[12]">PendSV_Handler</a> from arm_startup_nrf52.o(.text) referenced from arm_startup_nrf52.o(RESET)
 <LI><a href="#[26]">QDEC_IRQHandler</a> from arm_startup_nrf52.o(.text) referenced from arm_startup_nrf52.o(RESET)
 <LI><a href="#[15]">RADIO_IRQHandler</a> from arm_startup_nrf52.o(.text) referenced from arm_startup_nrf52.o(RESET)
 <LI><a href="#[21]">RNG_IRQHandler</a> from arm_startup_nrf52.o(.text) referenced from arm_startup_nrf52.o(RESET)
 <LI><a href="#[1f]">RTC0_IRQHandler</a> from arm_startup_nrf52.o(.text) referenced from arm_startup_nrf52.o(RESET)
 <LI><a href="#[25]">RTC1_IRQHandler</a> from app_timer.o(i.RTC1_IRQHandler) referenced from arm_startup_nrf52.o(RESET)
 <LI><a href="#[36]">RTC2_IRQHandler</a> from arm_startup_nrf52.o(.text) referenced from arm_startup_nrf52.o(RESET)
 <LI><a href="#[a]">Reset_Handler</a> from arm_startup_nrf52.o(.text) referenced from arm_startup_nrf52.o(RESET)
 <LI><a href="#[1b]">SAADC_IRQHandler</a> from nrfx_saadc.o(i.SAADC_IRQHandler) referenced from arm_startup_nrf52.o(RESET)
 <LI><a href="#[17]">SPIM0_SPIS0_TWIM0_TWIS0_SPI0_TWI0_IRQHandler</a> from nrfx_spim.o(i.SPIM0_SPIS0_TWIM0_TWIS0_SPI0_TWI0_IRQHandler) referenced from nrfx_spim.o(.constdata)
 <LI><a href="#[17]">SPIM0_SPIS0_TWIM0_TWIS0_SPI0_TWI0_IRQHandler</a> from nrfx_spim.o(i.SPIM0_SPIS0_TWIM0_TWIS0_SPI0_TWI0_IRQHandler) referenced from arm_startup_nrf52.o(RESET)
 <LI><a href="#[18]">SPIM1_SPIS1_TWIM1_TWIS1_SPI1_TWI1_IRQHandler</a> from nrfx_spim.o(i.SPIM1_SPIS1_TWIM1_TWIS1_SPI1_TWI1_IRQHandler) referenced from nrfx_spim.o(.constdata)
 <LI><a href="#[18]">SPIM1_SPIS1_TWIM1_TWIS1_SPI1_TWI1_IRQHandler</a> from nrfx_spim.o(i.SPIM1_SPIS1_TWIM1_TWIS1_SPI1_TWI1_IRQHandler) referenced from arm_startup_nrf52.o(RESET)
 <LI><a href="#[35]">SPIM2_SPIS2_SPI2_IRQHandler</a> from arm_startup_nrf52.o(.text) referenced from arm_startup_nrf52.o(RESET)
 <LI><a href="#[10]">SVC_Handler</a> from arm_startup_nrf52.o(.text) referenced from arm_startup_nrf52.o(RESET)
 <LI><a href="#[28]">SWI0_EGU0_IRQHandler</a> from app_timer.o(i.SWI0_EGU0_IRQHandler) referenced from arm_startup_nrf52.o(RESET)
 <LI><a href="#[29]">SWI1_EGU1_IRQHandler</a> from arm_startup_nrf52.o(.text) referenced from arm_startup_nrf52.o(RESET)
 <LI><a href="#[2a]">SWI2_EGU2_IRQHandler</a> from nrf_sdh.o(i.SWI2_EGU2_IRQHandler) referenced from arm_startup_nrf52.o(RESET)
 <LI><a href="#[2b]">SWI3_EGU3_IRQHandler</a> from arm_startup_nrf52.o(.text) referenced from arm_startup_nrf52.o(RESET)
 <LI><a href="#[2c]">SWI4_EGU4_IRQHandler</a> from arm_startup_nrf52.o(.text) referenced from arm_startup_nrf52.o(RESET)
 <LI><a href="#[2d]">SWI5_EGU5_IRQHandler</a> from arm_startup_nrf52.o(.text) referenced from arm_startup_nrf52.o(RESET)
 <LI><a href="#[13]">SysTick_Handler</a> from arm_startup_nrf52.o(.text) referenced from arm_startup_nrf52.o(RESET)
 <LI><a href="#[3a]">SystemInit</a> from system_nrf52.o(i.SystemInit) referenced from arm_startup_nrf52.o(.text)
 <LI><a href="#[20]">TEMP_IRQHandler</a> from arm_startup_nrf52.o(.text) referenced from arm_startup_nrf52.o(RESET)
 <LI><a href="#[1c]">TIMER0_IRQHandler</a> from arm_startup_nrf52.o(.text) referenced from arm_startup_nrf52.o(RESET)
 <LI><a href="#[1d]">TIMER1_IRQHandler</a> from nrfx_timer.o(i.TIMER1_IRQHandler) referenced from arm_startup_nrf52.o(RESET)
 <LI><a href="#[1e]">TIMER2_IRQHandler</a> from nrfx_timer.o(i.TIMER2_IRQHandler) referenced from arm_startup_nrf52.o(RESET)
 <LI><a href="#[2e]">TIMER3_IRQHandler</a> from nrfx_timer.o(i.TIMER3_IRQHandler) referenced from arm_startup_nrf52.o(RESET)
 <LI><a href="#[2f]">TIMER4_IRQHandler</a> from nrfx_timer.o(i.TIMER4_IRQHandler) referenced from arm_startup_nrf52.o(RESET)
 <LI><a href="#[3c]">Touch_In_handler</a> from gpio.o(i.Touch_In_handler) referenced from gpio.o(i.GPIO_Init)
 <LI><a href="#[16]">UARTE0_UART0_IRQHandler</a> from nrfx_prs.o(i.UARTE0_UART0_IRQHandler) referenced from arm_startup_nrf52.o(RESET)
 <LI><a href="#[f]">UsageFault_Handler</a> from arm_startup_nrf52.o(.text) referenced from arm_startup_nrf52.o(RESET)
 <LI><a href="#[24]">WDT_IRQHandler</a> from arm_startup_nrf52.o(.text) referenced from arm_startup_nrf52.o(RESET)
 <LI><a href="#[3b]">__main</a> from entry.o(.ARM.Collect$$$$00000000) referenced from arm_startup_nrf52.o(.text)
 <LI><a href="#[4c]">app_error_fault_handler</a> from app_error_weak.o(i.app_error_fault_handler) referenced from nrf_sdh.o(i.nrf_sdh_enable_request)
 <LI><a href="#[48]">apply_pending_handle</a> from gatt_cache_manager.o(i.apply_pending_handle) referenced from gatt_cache_manager.o(i.gcm_ble_evt_handler)
 <LI><a href="#[6b]">ble_advertising_on_ble_evt</a> from ble_advertising.o(i.ble_advertising_on_ble_evt) referenced from juno_ble.o(sdh_ble_observers1)
 <LI><a href="#[76]">ble_advertising_on_sys_evt</a> from ble_advertising.o(i.ble_advertising_on_sys_evt) referenced from juno_ble.o(sdh_soc_observers1)
 <LI><a href="#[71]">ble_dfu_buttonless_on_ble_evt</a> from ble_dfu.o(i.ble_dfu_buttonless_on_ble_evt) referenced from ble_dfu.o(sdh_ble_observers2)
 <LI><a href="#[77]">ble_dfu_buttonless_on_sys_evt</a> from ble_dfu_unbonded.o(i.ble_dfu_buttonless_on_sys_evt) referenced from ble_dfu_unbonded.o(sdh_soc_observers1)
 <LI><a href="#[69]">ble_evt_handler</a> from ble_conn_state.o(i.ble_evt_handler) referenced from ble_conn_state.o(sdh_ble_observers0)
 <LI><a href="#[6c]">ble_evt_handler</a> from bsp_btn_ble.o(i.ble_evt_handler) referenced 3 times from bsp_btn_ble.o(sdh_ble_observers1)
 <LI><a href="#[72]">ble_evt_handler</a> from juno_ble.o(i.ble_evt_handler) referenced from juno_ble.o(sdh_ble_observers3)
 <LI><a href="#[6f]">ble_nus_on_ble_evt</a> from ble_nus.o(i.ble_nus_on_ble_evt) referenced from juno_ble.o(sdh_ble_observers2)
 <LI><a href="#[57]">bsp_button_event_handler</a> from bsp.o(i.bsp_button_event_handler) referenced 4 times from bsp.o(.constdata)
 <LI><a href="#[55]">car_update_pending_handle</a> from gatt_cache_manager.o(i.car_update_pending_handle) referenced from gatt_cache_manager.o(i.update_pending_flags_check)
 <LI><a href="#[49]">clock_irq_handler</a> from nrf_drv_clock.o(i.clock_irq_handler) referenced from nrf_drv_clock.o(i.nrf_drv_clock_init)
 <LI><a href="#[46]">conn_params_error_handler</a> from juno_ble.o(i.conn_params_error_handler) referenced from juno_ble.o(i.conn_params_init)
 <LI><a href="#[54]">db_update_pending_handle</a> from gatt_cache_manager.o(i.db_update_pending_handle) referenced from gatt_cache_manager.o(i.update_pending_flags_check)
 <LI><a href="#[51]">disconnect</a> from juno_buttonless_dfu.o(i.disconnect) referenced from juno_buttonless_dfu.o(i.shutdown_dfu_routine)
 <LI><a href="#[65]">erase</a> from nrf_fstorage_sd.o(i.erase) referenced from nrf_fstorage_sd.o(.constdata)
 <LI><a href="#[9]">fs_event_handler</a> from fds.o(i.fs_event_handler) referenced 2 times from fds.o(fs_data)
 <LI><a href="#[47]">gatt_evt_handler</a> from juno_ble.o(i.gatt_evt_handler) referenced from juno_ble.o(i.gatt_init)
 <LI><a href="#[59]">gcm_im_evt_handler</a> from gatt_cache_manager.o(i.gcm_im_evt_handler) referenced from id_manager.o(.constdata)
 <LI><a href="#[5e]">gcm_pdb_evt_handler</a> from gatt_cache_manager.o(i.gcm_pdb_evt_handler) referenced from peer_database.o(.constdata)
 <LI><a href="#[5d]">gscm_pdb_evt_handler</a> from gatts_cache_manager.o(i.gscm_pdb_evt_handler) referenced from peer_database.o(.constdata)
 <LI><a href="#[61]">init</a> from nrf_fstorage_sd.o(i.init) referenced from nrf_fstorage_sd.o(.constdata)
 <LI><a href="#[68]">is_busy</a> from nrf_fstorage_sd.o(i.is_busy) referenced from nrf_fstorage_sd.o(.constdata)
 <LI><a href="#[53]">link_secure_pending_handle</a> from security_manager.o(i.link_secure_pending_handle) referenced from security_manager.o(i.sm_ble_evt_handler)
 <LI><a href="#[53]">link_secure_pending_handle</a> from security_manager.o(i.link_secure_pending_handle) referenced from security_manager.o(i.sm_pdb_evt_handler)
 <LI><a href="#[39]">main</a> from main.o(i.main) referenced from entry9a.o(.ARM.Collect$$$$0000000B)
 <LI><a href="#[6a]">nrf_ble_gatt_on_ble_evt</a> from nrf_ble_gatt.o(i.nrf_ble_gatt_on_ble_evt) referenced from juno_ble.o(sdh_ble_observers1)
 <LI><a href="#[70]">nrf_ble_qwr_on_ble_evt</a> from nrf_ble_qwr.o(i.nrf_ble_qwr_on_ble_evt) referenced from juno_ble.o(sdh_ble_observers2)
 <LI><a href="#[73]">nrf_fstorage_sdh_req_handler</a> from nrf_fstorage_sd.o(i.nrf_fstorage_sdh_req_handler) referenced from nrf_fstorage_sd.o(sdh_req_observers0)
 <LI><a href="#[7b]">nrf_fstorage_sdh_state_handler</a> from nrf_fstorage_sd.o(i.nrf_fstorage_sdh_state_handler) referenced from nrf_fstorage_sd.o(sdh_state_observers0)
 <LI><a href="#[75]">nrf_fstorage_sys_evt_handler</a> from nrf_fstorage_sd.o(i.nrf_fstorage_sys_evt_handler) referenced from nrf_fstorage_sd.o(sdh_soc_observers0)
 <LI><a href="#[4b]">nrf_pwr_mgmt_timeout_handler</a> from nrf_pwr_mgmt.o(i.nrf_pwr_mgmt_timeout_handler) referenced from nrf_pwr_mgmt.o(i.nrf_pwr_mgmt_init)
 <LI><a href="#[4f]">nrf_qwr_error_handler</a> from juno_ble.o(i.nrf_qwr_error_handler) referenced from juno_ble.o(i.services_init)
 <LI><a href="#[78]">nrf_sdh_ble_evts_poll</a> from nrf_sdh_ble.o(i.nrf_sdh_ble_evts_poll) referenced from nrf_sdh_ble.o(sdh_stack_observers0)
 <LI><a href="#[79]">nrf_sdh_soc_evts_poll</a> from nrf_sdh_soc.o(i.nrf_sdh_soc_evts_poll) referenced from nrf_sdh_soc.o(sdh_stack_observers0)
 <LI><a href="#[50]">nus_data_handler</a> from juno_ble.o(i.nus_data_handler) referenced from juno_ble.o(i.services_init)
 <LI><a href="#[43]">on_adv_evt</a> from juno_ble.o(i.on_adv_evt) referenced from juno_ble.o(i.advertising_init)
 <LI><a href="#[45]">on_conn_params_evt</a> from juno_ble.o(i.on_conn_params_evt) referenced from juno_ble.o(i.conn_params_init)
 <LI><a href="#[52]">params_reply_pending_handle</a> from security_manager.o(i.params_reply_pending_handle) referenced from security_manager.o(i.sm_ble_evt_handler)
 <LI><a href="#[52]">params_reply_pending_handle</a> from security_manager.o(i.params_reply_pending_handle) referenced from security_manager.o(i.sm_pdb_evt_handler)
 <LI><a href="#[5a]">pdb_pds_evt_handler</a> from peer_database.o(i.pdb_pds_evt_handler) referenced from peer_data_storage.o(.constdata)
 <LI><a href="#[7]">pm_gcm_evt_handler</a> from peer_manager.o(i.pm_gcm_evt_handler) referenced 2 times from gatt_cache_manager.o(.data)
 <LI><a href="#[8]">pm_gscm_evt_handler</a> from peer_manager.o(i.pm_gscm_evt_handler) referenced 2 times from gatts_cache_manager.o(.data)
 <LI><a href="#[58]">pm_im_evt_handler</a> from peer_manager.o(i.pm_im_evt_handler) referenced from id_manager.o(.constdata)
 <LI><a href="#[5b]">pm_pdb_evt_handler</a> from peer_manager.o(i.pm_pdb_evt_handler) referenced from peer_database.o(.constdata)
 <LI><a href="#[60]">pm_sm_evt_handler</a> from peer_manager.o(i.pm_sm_evt_handler) referenced from security_manager.o(.constdata)
 <LI><a href="#[63]">read</a> from nrf_fstorage_sd.o(i.read) referenced from nrf_fstorage_sd.o(.constdata)
 <LI><a href="#[66]">rmap</a> from nrf_fstorage_sd.o(i.rmap) referenced from nrf_fstorage_sd.o(.constdata)
 <LI><a href="#[41]">saadc_callback</a> from saadc.o(i.saadc_callback) referenced from saadc.o(i.SAADC_Init)
 <LI><a href="#[4e]">sc_send_pending_handle</a> from gatt_cache_manager.o(i.sc_send_pending_handle) referenced from gatt_cache_manager.o(i.service_changed_pending_flags_check)
 <LI><a href="#[7a]">sd_state_evt_handler</a> from nrf_drv_clock.o(i.sd_state_evt_handler) referenced from nrf_drv_clock.o(sdh_state_observers0)
 <LI><a href="#[5c]">sm_pdb_evt_handler</a> from security_manager.o(i.sm_pdb_evt_handler) referenced from peer_database.o(.constdata)
 <LI><a href="#[5f]">sm_smd_evt_handler</a> from security_manager.o(i.sm_smd_evt_handler) referenced from security_dispatcher.o(.constdata)
 <LI><a href="#[74]">soc_evt_handler</a> from nrf_drv_clock.o(i.soc_evt_handler) referenced from nrf_drv_clock.o(sdh_soc_observers0)
 <LI><a href="#[4d]">spi_event_handler</a> from nrf_spi_mngr.o(i.spi_event_handler) referenced from nrf_spi_mngr.o(i.nrf_spi_mngr_init)
 <LI><a href="#[4d]">spi_event_handler</a> from nrf_spi_mngr.o(i.spi_event_handler) referenced from nrf_spi_mngr.o(i.start_pending_transaction)
 <LI><a href="#[4a]">spim_evt_handler</a> from nrf_drv_spi.o(i.spim_evt_handler) referenced from nrf_drv_spi.o(i.nrf_drv_spi_init)
 <LI><a href="#[42]">timer_ms_event_handler</a> from system.o(i.timer_ms_event_handler) referenced from system.o(i.Timer2_Init)
 <LI><a href="#[62]">uninit</a> from nrf_fstorage_sd.o(i.uninit) referenced from nrf_fstorage_sd.o(.constdata)
 <LI><a href="#[44]">update_timeout_handler</a> from ble_conn_params.o(i.update_timeout_handler) referenced from ble_conn_params.o(i.ble_conn_params_init)
 <LI><a href="#[67]">wmap</a> from nrf_fstorage_sd.o(i.wmap) referenced from nrf_fstorage_sd.o(.constdata)
 <LI><a href="#[64]">write</a> from nrf_fstorage_sd.o(i.write) referenced from nrf_fstorage_sd.o(.constdata)
</UL>
<P>
<H3>
Global Symbols
</H3>
<P><STRONG><a name="[3b]"></a>__main</STRONG> (Thumb, 0 bytes, Stack size unknown bytes, entry.o(.ARM.Collect$$$$00000000))
<BR>[Address Reference Count : 1]<UL><LI> arm_startup_nrf52.o(.text)
</UL>
<P><STRONG><a name="[322]"></a>_main_stk</STRONG> (Thumb, 0 bytes, Stack size unknown bytes, entry2.o(.ARM.Collect$$$$00000001))

<P><STRONG><a name="[7c]"></a>_main_scatterload</STRONG> (Thumb, 0 bytes, Stack size unknown bytes, entry5.o(.ARM.Collect$$$$00000004))
<BR><BR>[Calls]<UL><LI><a href="#[7d]">&gt;&gt;</a>&nbsp;&nbsp;&nbsp;__scatterload
</UL>

<P><STRONG><a name="[93]"></a>__main_after_scatterload</STRONG> (Thumb, 0 bytes, Stack size unknown bytes, entry5.o(.ARM.Collect$$$$00000004))
<BR><BR>[Called By]<UL><LI><a href="#[7d]">&gt;&gt;</a>&nbsp;&nbsp;&nbsp;__scatterload
</UL>

<P><STRONG><a name="[323]"></a>_main_clock</STRONG> (Thumb, 0 bytes, Stack size unknown bytes, entry7b.o(.ARM.Collect$$$$00000008))

<P><STRONG><a name="[324]"></a>_main_cpp_init</STRONG> (Thumb, 0 bytes, Stack size unknown bytes, entry8b.o(.ARM.Collect$$$$0000000A))

<P><STRONG><a name="[325]"></a>_main_init</STRONG> (Thumb, 0 bytes, Stack size unknown bytes, entry9a.o(.ARM.Collect$$$$0000000B))

<P><STRONG><a name="[326]"></a>__rt_final_cpp</STRONG> (Thumb, 0 bytes, Stack size unknown bytes, entry10a.o(.ARM.Collect$$$$0000000D))

<P><STRONG><a name="[327]"></a>__rt_final_exit</STRONG> (Thumb, 0 bytes, Stack size unknown bytes, entry11a.o(.ARM.Collect$$$$0000000F))

<P><STRONG><a name="[257]"></a>__asm___12_nrf_atfifo_c_51f461e1__nrf_atfifo_wspace_req</STRONG> (Thumb, 56 bytes, Stack size 0 bytes, nrf_atfifo.o(.emb_text))
<BR><BR>[Called By]<UL><LI><a href="#[1dd]">&gt;&gt;</a>&nbsp;&nbsp;&nbsp;nrf_atfifo_item_alloc
</UL>

<P><STRONG><a name="[7e]"></a>__asm___12_nrf_atfifo_c_51f461e1__nrf_atfifo_wspace_close</STRONG> (Thumb, 18 bytes, Stack size 0 bytes, nrf_atfifo.o(.emb_text))
<BR><BR>[Calls]<UL><LI><a href="#[7e]">&gt;&gt;</a>&nbsp;&nbsp;&nbsp;__asm___12_nrf_atfifo_c_51f461e1__nrf_atfifo_wspace_close
</UL>
<BR>[Called By]<UL><LI><a href="#[7e]">&gt;&gt;</a>&nbsp;&nbsp;&nbsp;__asm___12_nrf_atfifo_c_51f461e1__nrf_atfifo_wspace_close
<LI><a href="#[1de]">&gt;&gt;</a>&nbsp;&nbsp;&nbsp;nrf_atfifo_item_put
</UL>

<P><STRONG><a name="[25a]"></a>__asm___12_nrf_atfifo_c_51f461e1__nrf_atfifo_rspace_req</STRONG> (Thumb, 58 bytes, Stack size 0 bytes, nrf_atfifo.o(.emb_text))
<BR><BR>[Called By]<UL><LI><a href="#[259]">&gt;&gt;</a>&nbsp;&nbsp;&nbsp;nrf_atfifo_item_get
</UL>

<P><STRONG><a name="[7f]"></a>__asm___12_nrf_atfifo_c_51f461e1__nrf_atfifo_rspace_close</STRONG> (Thumb, 18 bytes, Stack size 0 bytes, nrf_atfifo.o(.emb_text))
<BR><BR>[Calls]<UL><LI><a href="#[7f]">&gt;&gt;</a>&nbsp;&nbsp;&nbsp;__asm___12_nrf_atfifo_c_51f461e1__nrf_atfifo_rspace_close
</UL>
<BR>[Called By]<UL><LI><a href="#[7f]">&gt;&gt;</a>&nbsp;&nbsp;&nbsp;__asm___12_nrf_atfifo_c_51f461e1__nrf_atfifo_rspace_close
<LI><a href="#[258]">&gt;&gt;</a>&nbsp;&nbsp;&nbsp;nrf_atfifo_item_free
</UL>

<P><STRONG><a name="[256]"></a>__asm___12_nrf_atfifo_c_51f461e1__nrf_atfifo_space_clear</STRONG> (Thumb, 50 bytes, Stack size 0 bytes, nrf_atfifo.o(.emb_text))
<BR><BR>[Called By]<UL><LI><a href="#[255]">&gt;&gt;</a>&nbsp;&nbsp;&nbsp;nrf_atfifo_clear
</UL>

<P><STRONG><a name="[262]"></a>__asm___12_nrf_atomic_c_85ca2469__nrf_atomic_internal_mov</STRONG> (Thumb, 24 bytes, Stack size 0 bytes, nrf_atomic.o(.emb_text))
<BR><BR>[Called By]<UL><LI><a href="#[1c6]">&gt;&gt;</a>&nbsp;&nbsp;&nbsp;nrf_atomic_u32_fetch_store
</UL>

<P><STRONG><a name="[261]"></a>__asm___12_nrf_atomic_c_85ca2469__nrf_atomic_internal_orr</STRONG> (Thumb, 26 bytes, Stack size 0 bytes, nrf_atomic.o(.emb_text))
<BR><BR>[Called By]<UL><LI><a href="#[25d]">&gt;&gt;</a>&nbsp;&nbsp;&nbsp;nrf_atomic_u32_or
<LI><a href="#[25c]">&gt;&gt;</a>&nbsp;&nbsp;&nbsp;nrf_atomic_u32_fetch_or
</UL>

<P><STRONG><a name="[25f]"></a>__asm___12_nrf_atomic_c_85ca2469__nrf_atomic_internal_and</STRONG> (Thumb, 26 bytes, Stack size 0 bytes, nrf_atomic.o(.emb_text))
<BR><BR>[Called By]<UL><LI><a href="#[25b]">&gt;&gt;</a>&nbsp;&nbsp;&nbsp;nrf_atomic_u32_and
</UL>

<P><STRONG><a name="[328]"></a>__asm___12_nrf_atomic_c_85ca2469__nrf_atomic_internal_eor</STRONG> (Thumb, 26 bytes, Stack size 0 bytes, nrf_atomic.o(.emb_text), UNUSED)

<P><STRONG><a name="[25e]"></a>__asm___12_nrf_atomic_c_85ca2469__nrf_atomic_internal_add</STRONG> (Thumb, 26 bytes, Stack size 0 bytes, nrf_atomic.o(.emb_text))
<BR><BR>[Called By]<UL><LI><a href="#[260]">&gt;&gt;</a>&nbsp;&nbsp;&nbsp;nrf_atomic_u32_fetch_add
<LI><a href="#[1f2]">&gt;&gt;</a>&nbsp;&nbsp;&nbsp;nrf_atomic_u32_add
</UL>

<P><STRONG><a name="[264]"></a>__asm___12_nrf_atomic_c_85ca2469__nrf_atomic_internal_sub</STRONG> (Thumb, 26 bytes, Stack size 0 bytes, nrf_atomic.o(.emb_text))
<BR><BR>[Called By]<UL><LI><a href="#[263]">&gt;&gt;</a>&nbsp;&nbsp;&nbsp;nrf_atomic_u32_sub
</UL>

<P><STRONG><a name="[329]"></a>__asm___12_nrf_atomic_c_85ca2469__nrf_atomic_internal_cmp_exch</STRONG> (Thumb, 42 bytes, Stack size 0 bytes, nrf_atomic.o(.emb_text), UNUSED)

<P><STRONG><a name="[32a]"></a>__asm___12_nrf_atomic_c_85ca2469__nrf_atomic_internal_sub_hs</STRONG> (Thumb, 30 bytes, Stack size 0 bytes, nrf_atomic.o(.emb_text), UNUSED)

<P><STRONG><a name="[a]"></a>Reset_Handler</STRONG> (Thumb, 8 bytes, Stack size 0 bytes, arm_startup_nrf52.o(.text))
<BR>[Address Reference Count : 1]<UL><LI> arm_startup_nrf52.o(RESET)
</UL>
<P><STRONG><a name="[b]"></a>NMI_Handler</STRONG> (Thumb, 2 bytes, Stack size 0 bytes, arm_startup_nrf52.o(.text))
<BR><BR>[Calls]<UL><LI><a href="#[b]">&gt;&gt;</a>&nbsp;&nbsp;&nbsp;NMI_Handler
</UL>
<BR>[Called By]<UL><LI><a href="#[b]">&gt;&gt;</a>&nbsp;&nbsp;&nbsp;NMI_Handler
</UL>
<BR>[Address Reference Count : 1]<UL><LI> arm_startup_nrf52.o(RESET)
</UL>
<P><STRONG><a name="[d]"></a>MemoryManagement_Handler</STRONG> (Thumb, 2 bytes, Stack size 0 bytes, arm_startup_nrf52.o(.text))
<BR><BR>[Calls]<UL><LI><a href="#[d]">&gt;&gt;</a>&nbsp;&nbsp;&nbsp;MemoryManagement_Handler
</UL>
<BR>[Called By]<UL><LI><a href="#[d]">&gt;&gt;</a>&nbsp;&nbsp;&nbsp;MemoryManagement_Handler
</UL>
<BR>[Address Reference Count : 1]<UL><LI> arm_startup_nrf52.o(RESET)
</UL>
<P><STRONG><a name="[e]"></a>BusFault_Handler</STRONG> (Thumb, 2 bytes, Stack size 0 bytes, arm_startup_nrf52.o(.text))
<BR><BR>[Calls]<UL><LI><a href="#[e]">&gt;&gt;</a>&nbsp;&nbsp;&nbsp;BusFault_Handler
</UL>
<BR>[Called By]<UL><LI><a href="#[e]">&gt;&gt;</a>&nbsp;&nbsp;&nbsp;BusFault_Handler
</UL>
<BR>[Address Reference Count : 1]<UL><LI> arm_startup_nrf52.o(RESET)
</UL>
<P><STRONG><a name="[f]"></a>UsageFault_Handler</STRONG> (Thumb, 2 bytes, Stack size 0 bytes, arm_startup_nrf52.o(.text))
<BR><BR>[Calls]<UL><LI><a href="#[f]">&gt;&gt;</a>&nbsp;&nbsp;&nbsp;UsageFault_Handler
</UL>
<BR>[Called By]<UL><LI><a href="#[f]">&gt;&gt;</a>&nbsp;&nbsp;&nbsp;UsageFault_Handler
</UL>
<BR>[Address Reference Count : 1]<UL><LI> arm_startup_nrf52.o(RESET)
</UL>
<P><STRONG><a name="[10]"></a>SVC_Handler</STRONG> (Thumb, 2 bytes, Stack size 0 bytes, arm_startup_nrf52.o(.text))
<BR><BR>[Calls]<UL><LI><a href="#[10]">&gt;&gt;</a>&nbsp;&nbsp;&nbsp;SVC_Handler
</UL>
<BR>[Called By]<UL><LI><a href="#[10]">&gt;&gt;</a>&nbsp;&nbsp;&nbsp;SVC_Handler
</UL>
<BR>[Address Reference Count : 1]<UL><LI> arm_startup_nrf52.o(RESET)
</UL>
<P><STRONG><a name="[11]"></a>DebugMon_Handler</STRONG> (Thumb, 2 bytes, Stack size 0 bytes, arm_startup_nrf52.o(.text))
<BR><BR>[Calls]<UL><LI><a href="#[11]">&gt;&gt;</a>&nbsp;&nbsp;&nbsp;DebugMon_Handler
</UL>
<BR>[Called By]<UL><LI><a href="#[11]">&gt;&gt;</a>&nbsp;&nbsp;&nbsp;DebugMon_Handler
</UL>
<BR>[Address Reference Count : 1]<UL><LI> arm_startup_nrf52.o(RESET)
</UL>
<P><STRONG><a name="[12]"></a>PendSV_Handler</STRONG> (Thumb, 2 bytes, Stack size 0 bytes, arm_startup_nrf52.o(.text))
<BR><BR>[Calls]<UL><LI><a href="#[12]">&gt;&gt;</a>&nbsp;&nbsp;&nbsp;PendSV_Handler
</UL>
<BR>[Called By]<UL><LI><a href="#[12]">&gt;&gt;</a>&nbsp;&nbsp;&nbsp;PendSV_Handler
</UL>
<BR>[Address Reference Count : 1]<UL><LI> arm_startup_nrf52.o(RESET)
</UL>
<P><STRONG><a name="[13]"></a>SysTick_Handler</STRONG> (Thumb, 2 bytes, Stack size 0 bytes, arm_startup_nrf52.o(.text))
<BR><BR>[Calls]<UL><LI><a href="#[13]">&gt;&gt;</a>&nbsp;&nbsp;&nbsp;SysTick_Handler
</UL>
<BR>[Called By]<UL><LI><a href="#[13]">&gt;&gt;</a>&nbsp;&nbsp;&nbsp;SysTick_Handler
</UL>
<BR>[Address Reference Count : 1]<UL><LI> arm_startup_nrf52.o(RESET)
</UL>
<P><STRONG><a name="[23]"></a>CCM_AAR_IRQHandler</STRONG> (Thumb, 0 bytes, Stack size 0 bytes, arm_startup_nrf52.o(.text))
<BR><BR>[Calls]<UL><LI><a href="#[23]">&gt;&gt;</a>&nbsp;&nbsp;&nbsp;CCM_AAR_IRQHandler
</UL>
<BR>[Called By]<UL><LI><a href="#[23]">&gt;&gt;</a>&nbsp;&nbsp;&nbsp;CCM_AAR_IRQHandler
</UL>
<BR>[Address Reference Count : 1]<UL><LI> arm_startup_nrf52.o(RESET)
</UL>
<P><STRONG><a name="[27]"></a>COMP_LPCOMP_IRQHandler</STRONG> (Thumb, 0 bytes, Stack size 0 bytes, arm_startup_nrf52.o(.text))
<BR>[Address Reference Count : 1]<UL><LI> arm_startup_nrf52.o(RESET)
</UL>
<P><STRONG><a name="[22]"></a>ECB_IRQHandler</STRONG> (Thumb, 0 bytes, Stack size 0 bytes, arm_startup_nrf52.o(.text))
<BR>[Address Reference Count : 1]<UL><LI> arm_startup_nrf52.o(RESET)
</UL>
<P><STRONG><a name="[38]"></a>FPU_IRQHandler</STRONG> (Thumb, 0 bytes, Stack size 0 bytes, arm_startup_nrf52.o(.text))
<BR>[Address Reference Count : 1]<UL><LI> arm_startup_nrf52.o(RESET)
</UL>
<P><STRONG><a name="[37]"></a>I2S_IRQHandler</STRONG> (Thumb, 0 bytes, Stack size 0 bytes, arm_startup_nrf52.o(.text))
<BR>[Address Reference Count : 1]<UL><LI> arm_startup_nrf52.o(RESET)
</UL>
<P><STRONG><a name="[32]"></a>MWU_IRQHandler</STRONG> (Thumb, 0 bytes, Stack size 0 bytes, arm_startup_nrf52.o(.text))
<BR>[Address Reference Count : 1]<UL><LI> arm_startup_nrf52.o(RESET)
</UL>
<P><STRONG><a name="[19]"></a>NFCT_IRQHandler</STRONG> (Thumb, 0 bytes, Stack size 0 bytes, arm_startup_nrf52.o(.text))
<BR>[Address Reference Count : 1]<UL><LI> arm_startup_nrf52.o(RESET)
</UL>
<P><STRONG><a name="[31]"></a>PDM_IRQHandler</STRONG> (Thumb, 0 bytes, Stack size 0 bytes, arm_startup_nrf52.o(.text))
<BR>[Address Reference Count : 1]<UL><LI> arm_startup_nrf52.o(RESET)
</UL>
<P><STRONG><a name="[34]"></a>PWM2_IRQHandler</STRONG> (Thumb, 0 bytes, Stack size 0 bytes, arm_startup_nrf52.o(.text))
<BR>[Address Reference Count : 1]<UL><LI> arm_startup_nrf52.o(RESET)
</UL>
<P><STRONG><a name="[26]"></a>QDEC_IRQHandler</STRONG> (Thumb, 0 bytes, Stack size 0 bytes, arm_startup_nrf52.o(.text))
<BR>[Address Reference Count : 1]<UL><LI> arm_startup_nrf52.o(RESET)
</UL>
<P><STRONG><a name="[15]"></a>RADIO_IRQHandler</STRONG> (Thumb, 0 bytes, Stack size 0 bytes, arm_startup_nrf52.o(.text))
<BR>[Address Reference Count : 1]<UL><LI> arm_startup_nrf52.o(RESET)
</UL>
<P><STRONG><a name="[21]"></a>RNG_IRQHandler</STRONG> (Thumb, 0 bytes, Stack size 0 bytes, arm_startup_nrf52.o(.text))
<BR>[Address Reference Count : 1]<UL><LI> arm_startup_nrf52.o(RESET)
</UL>
<P><STRONG><a name="[1f]"></a>RTC0_IRQHandler</STRONG> (Thumb, 0 bytes, Stack size 0 bytes, arm_startup_nrf52.o(.text))
<BR>[Address Reference Count : 1]<UL><LI> arm_startup_nrf52.o(RESET)
</UL>
<P><STRONG><a name="[36]"></a>RTC2_IRQHandler</STRONG> (Thumb, 0 bytes, Stack size 0 bytes, arm_startup_nrf52.o(.text))
<BR>[Address Reference Count : 1]<UL><LI> arm_startup_nrf52.o(RESET)
</UL>
<P><STRONG><a name="[35]"></a>SPIM2_SPIS2_SPI2_IRQHandler</STRONG> (Thumb, 0 bytes, Stack size 0 bytes, arm_startup_nrf52.o(.text))
<BR>[Address Reference Count : 1]<UL><LI> arm_startup_nrf52.o(RESET)
</UL>
<P><STRONG><a name="[29]"></a>SWI1_EGU1_IRQHandler</STRONG> (Thumb, 0 bytes, Stack size 0 bytes, arm_startup_nrf52.o(.text))
<BR>[Address Reference Count : 1]<UL><LI> arm_startup_nrf52.o(RESET)
</UL>
<P><STRONG><a name="[2b]"></a>SWI3_EGU3_IRQHandler</STRONG> (Thumb, 0 bytes, Stack size 0 bytes, arm_startup_nrf52.o(.text))
<BR>[Address Reference Count : 1]<UL><LI> arm_startup_nrf52.o(RESET)
</UL>
<P><STRONG><a name="[2c]"></a>SWI4_EGU4_IRQHandler</STRONG> (Thumb, 0 bytes, Stack size 0 bytes, arm_startup_nrf52.o(.text))
<BR>[Address Reference Count : 1]<UL><LI> arm_startup_nrf52.o(RESET)
</UL>
<P><STRONG><a name="[2d]"></a>SWI5_EGU5_IRQHandler</STRONG> (Thumb, 0 bytes, Stack size 0 bytes, arm_startup_nrf52.o(.text))
<BR>[Address Reference Count : 1]<UL><LI> arm_startup_nrf52.o(RESET)
</UL>
<P><STRONG><a name="[20]"></a>TEMP_IRQHandler</STRONG> (Thumb, 0 bytes, Stack size 0 bytes, arm_startup_nrf52.o(.text))
<BR>[Address Reference Count : 1]<UL><LI> arm_startup_nrf52.o(RESET)
</UL>
<P><STRONG><a name="[1c]"></a>TIMER0_IRQHandler</STRONG> (Thumb, 0 bytes, Stack size 0 bytes, arm_startup_nrf52.o(.text))
<BR>[Address Reference Count : 1]<UL><LI> arm_startup_nrf52.o(RESET)
</UL>
<P><STRONG><a name="[24]"></a>WDT_IRQHandler</STRONG> (Thumb, 0 bytes, Stack size 0 bytes, arm_startup_nrf52.o(.text))
<BR>[Address Reference Count : 1]<UL><LI> arm_startup_nrf52.o(RESET)
</UL>
<P><STRONG><a name="[80]"></a>__aeabi_uldivmod</STRONG> (Thumb, 98 bytes, Stack size 40 bytes, uldiv.o(.text))
<BR><BR>[Stack]<UL><LI>Max Depth = 40<LI>Call Chain = __aeabi_uldivmod
</UL>
<BR>[Calls]<UL><LI><a href="#[81]">&gt;&gt;</a>&nbsp;&nbsp;&nbsp;__aeabi_llsr
<LI><a href="#[82]">&gt;&gt;</a>&nbsp;&nbsp;&nbsp;__aeabi_llsl
</UL>
<BR>[Called By]<UL><LI><a href="#[1a9]">&gt;&gt;</a>&nbsp;&nbsp;&nbsp;bsp_led_indication
</UL>

<P><STRONG><a name="[82]"></a>__aeabi_llsl</STRONG> (Thumb, 30 bytes, Stack size 0 bytes, llshl.o(.text))
<BR><BR>[Called By]<UL><LI><a href="#[86]">&gt;&gt;</a>&nbsp;&nbsp;&nbsp;__aeabi_dadd
<LI><a href="#[88]">&gt;&gt;</a>&nbsp;&nbsp;&nbsp;_double_epilogue
<LI><a href="#[80]">&gt;&gt;</a>&nbsp;&nbsp;&nbsp;__aeabi_uldivmod
</UL>

<P><STRONG><a name="[32b]"></a>_ll_shift_l</STRONG> (Thumb, 0 bytes, Stack size 0 bytes, llshl.o(.text), UNUSED)

<P><STRONG><a name="[81]"></a>__aeabi_llsr</STRONG> (Thumb, 32 bytes, Stack size 0 bytes, llushr.o(.text))
<BR><BR>[Called By]<UL><LI><a href="#[90]">&gt;&gt;</a>&nbsp;&nbsp;&nbsp;__aeabi_d2uiz
<LI><a href="#[117]">&gt;&gt;</a>&nbsp;&nbsp;&nbsp;Timer2_Init
<LI><a href="#[94]">&gt;&gt;</a>&nbsp;&nbsp;&nbsp;_dsqrt
<LI><a href="#[97]">&gt;&gt;</a>&nbsp;&nbsp;&nbsp;__aeabi_d2iz
<LI><a href="#[88]">&gt;&gt;</a>&nbsp;&nbsp;&nbsp;_double_epilogue
<LI><a href="#[80]">&gt;&gt;</a>&nbsp;&nbsp;&nbsp;__aeabi_uldivmod
</UL>

<P><STRONG><a name="[32c]"></a>_ll_ushift_r</STRONG> (Thumb, 0 bytes, Stack size 0 bytes, llushr.o(.text), UNUSED)

<P><STRONG><a name="[188]"></a>__aeabi_memcpy</STRONG> (Thumb, 36 bytes, Stack size 0 bytes, memcpya.o(.text))
<BR><BR>[Called By]<UL><LI><a href="#[164]">&gt;&gt;</a>&nbsp;&nbsp;&nbsp;service_data_encode
<LI><a href="#[163]">&gt;&gt;</a>&nbsp;&nbsp;&nbsp;manuf_specific_data_encode
<LI><a href="#[1ae]">&gt;&gt;</a>&nbsp;&nbsp;&nbsp;pds_peer_data_read
<LI><a href="#[186]">&gt;&gt;</a>&nbsp;&nbsp;&nbsp;ble_dfu_buttonless_on_ctrl_pt_write
<LI><a href="#[63]">&gt;&gt;</a>&nbsp;&nbsp;&nbsp;read
<LI><a href="#[28b]">&gt;&gt;</a>&nbsp;&nbsp;&nbsp;nrf_queue_push
<LI><a href="#[287]">&gt;&gt;</a>&nbsp;&nbsp;&nbsp;nrf_queue_generic_pop
</UL>

<P><STRONG><a name="[be]"></a>__aeabi_memcpy4</STRONG> (Thumb, 0 bytes, Stack size 0 bytes, memcpya.o(.text))
<BR><BR>[Called By]<UL><LI><a href="#[172]">&gt;&gt;</a>&nbsp;&nbsp;&nbsp;ble_conn_params_init
<LI><a href="#[133]">&gt;&gt;</a>&nbsp;&nbsp;&nbsp;ble_advertising_init
<LI><a href="#[169]">&gt;&gt;</a>&nbsp;&nbsp;&nbsp;ble_advertising_modes_config_set
<LI><a href="#[c1]">&gt;&gt;</a>&nbsp;&nbsp;&nbsp;IMU_SPI_Transmit_DMP_Write
<LI><a href="#[bd]">&gt;&gt;</a>&nbsp;&nbsp;&nbsp;IMU_SPI_Receive_DMP_Read
<LI><a href="#[195]">&gt;&gt;</a>&nbsp;&nbsp;&nbsp;im_ble_evt_handler
<LI><a href="#[197]">&gt;&gt;</a>&nbsp;&nbsp;&nbsp;gcm_ble_evt_handler
<LI><a href="#[2fd]">&gt;&gt;</a>&nbsp;&nbsp;&nbsp;service_changed_send_in_evt
<LI><a href="#[243]">&gt;&gt;</a>&nbsp;&nbsp;&nbsp;send_unexpected_error
<LI><a href="#[1c7]">&gt;&gt;</a>&nbsp;&nbsp;&nbsp;local_db_update_in_evt
<LI><a href="#[1bd]">&gt;&gt;</a>&nbsp;&nbsp;&nbsp;conn_handle_list_get
<LI><a href="#[192]">&gt;&gt;</a>&nbsp;&nbsp;&nbsp;record_purge_disconnected
<LI><a href="#[2e4]">&gt;&gt;</a>&nbsp;&nbsp;&nbsp;send_unexpected_error
<LI><a href="#[26a]">&gt;&gt;</a>&nbsp;&nbsp;&nbsp;on_data_length_update_evt
<LI><a href="#[152]">&gt;&gt;</a>&nbsp;&nbsp;&nbsp;send_unexpected_error
<LI><a href="#[159]">&gt;&gt;</a>&nbsp;&nbsp;&nbsp;send_storage_full_evt
<LI><a href="#[304]">&gt;&gt;</a>&nbsp;&nbsp;&nbsp;send_params_req
<LI><a href="#[305]">&gt;&gt;</a>&nbsp;&nbsp;&nbsp;sec_start_send
<LI><a href="#[1c1]">&gt;&gt;</a>&nbsp;&nbsp;&nbsp;conn_sec_failure
</UL>

<P><STRONG><a name="[32d]"></a>__aeabi_memcpy8</STRONG> (Thumb, 0 bytes, Stack size 0 bytes, memcpya.o(.text), UNUSED)

<P><STRONG><a name="[84]"></a>__aeabi_memset</STRONG> (Thumb, 14 bytes, Stack size 0 bytes, memseta.o(.text))
<BR><BR>[Called By]<UL><LI><a href="#[1d9]">&gt;&gt;</a>&nbsp;&nbsp;&nbsp;dmp_enable_lp_quat
<LI><a href="#[1cd]">&gt;&gt;</a>&nbsp;&nbsp;&nbsp;dmp_enable_6x_lp_quat
<LI><a href="#[85]">&gt;&gt;</a>&nbsp;&nbsp;&nbsp;_memset$wrapper
<LI><a href="#[83]">&gt;&gt;</a>&nbsp;&nbsp;&nbsp;__aeabi_memclr
</UL>

<P><STRONG><a name="[32e]"></a>__aeabi_memset4</STRONG> (Thumb, 0 bytes, Stack size 0 bytes, memseta.o(.text), UNUSED)

<P><STRONG><a name="[32f]"></a>__aeabi_memset8</STRONG> (Thumb, 0 bytes, Stack size 0 bytes, memseta.o(.text), UNUSED)

<P><STRONG><a name="[83]"></a>__aeabi_memclr</STRONG> (Thumb, 4 bytes, Stack size 0 bytes, memseta.o(.text))
<BR><BR>[Calls]<UL><LI><a href="#[84]">&gt;&gt;</a>&nbsp;&nbsp;&nbsp;__aeabi_memset
</UL>
<BR>[Called By]<UL><LI><a href="#[302]">&gt;&gt;</a>&nbsp;&nbsp;&nbsp;sec_keyset_fill
</UL>

<P><STRONG><a name="[132]"></a>__aeabi_memclr4</STRONG> (Thumb, 0 bytes, Stack size 0 bytes, memseta.o(.text))
<BR><BR>[Called By]<UL><LI><a href="#[198]">&gt;&gt;</a>&nbsp;&nbsp;&nbsp;ble_nus_init
<LI><a href="#[135]">&gt;&gt;</a>&nbsp;&nbsp;&nbsp;ble_advertising_start
<LI><a href="#[9f]">&gt;&gt;</a>&nbsp;&nbsp;&nbsp;conn_params_init
<LI><a href="#[9e]">&gt;&gt;</a>&nbsp;&nbsp;&nbsp;advertising_init
<LI><a href="#[131]">&gt;&gt;</a>&nbsp;&nbsp;&nbsp;advertising_config_get
<LI><a href="#[136]">&gt;&gt;</a>&nbsp;&nbsp;&nbsp;ah
<LI><a href="#[21d]">&gt;&gt;</a>&nbsp;&nbsp;&nbsp;service_changed_pending_set
<LI><a href="#[14a]">&gt;&gt;</a>&nbsp;&nbsp;&nbsp;local_db_apply_in_evt
<LI><a href="#[199]">&gt;&gt;</a>&nbsp;&nbsp;&nbsp;characteristic_add
<LI><a href="#[5b]">&gt;&gt;</a>&nbsp;&nbsp;&nbsp;pm_pdb_evt_handler
<LI><a href="#[19b]">&gt;&gt;</a>&nbsp;&nbsp;&nbsp;on_write
<LI><a href="#[19c]">&gt;&gt;</a>&nbsp;&nbsp;&nbsp;on_hvx_tx_complete
<LI><a href="#[19a]">&gt;&gt;</a>&nbsp;&nbsp;&nbsp;on_connect
<LI><a href="#[1e1]">&gt;&gt;</a>&nbsp;&nbsp;&nbsp;events_send_from_err_code
<LI><a href="#[30e]">&gt;&gt;</a>&nbsp;&nbsp;&nbsp;smd_params_reply
<LI><a href="#[156]">&gt;&gt;</a>&nbsp;&nbsp;&nbsp;send_config_req
<LI><a href="#[1fc]">&gt;&gt;</a>&nbsp;&nbsp;&nbsp;queue_process
<LI><a href="#[1e8]">&gt;&gt;</a>&nbsp;&nbsp;&nbsp;queue_buf_get
<LI><a href="#[64]">&gt;&gt;</a>&nbsp;&nbsp;&nbsp;write
<LI><a href="#[62]">&gt;&gt;</a>&nbsp;&nbsp;&nbsp;uninit
<LI><a href="#[1e0]">&gt;&gt;</a>&nbsp;&nbsp;&nbsp;event_send
<LI><a href="#[65]">&gt;&gt;</a>&nbsp;&nbsp;&nbsp;erase
</UL>

<P><STRONG><a name="[330]"></a>__aeabi_memclr8</STRONG> (Thumb, 0 bytes, Stack size 0 bytes, memseta.o(.text), UNUSED)

<P><STRONG><a name="[85]"></a>_memset$wrapper</STRONG> (Thumb, 18 bytes, Stack size 8 bytes, memseta.o(.text), UNUSED)
<BR><BR>[Calls]<UL><LI><a href="#[84]">&gt;&gt;</a>&nbsp;&nbsp;&nbsp;__aeabi_memset
</UL>

<P><STRONG><a name="[12a]"></a>memcmp</STRONG> (Thumb, 26 bytes, Stack size 12 bytes, memcmp.o(.text))
<BR><BR>[Stack]<UL><LI>Max Depth = 12<LI>Call Chain = memcmp
</UL>
<BR>[Called By]<UL><LI><a href="#[1da]">&gt;&gt;</a>&nbsp;&nbsp;&nbsp;mpu_load_firmware
<LI><a href="#[221]">&gt;&gt;</a>&nbsp;&nbsp;&nbsp;im_address_resolve
<LI><a href="#[129]">&gt;&gt;</a>&nbsp;&nbsp;&nbsp;addr_compare
<LI><a href="#[228]">&gt;&gt;</a>&nbsp;&nbsp;&nbsp;im_master_ids_compare
<LI><a href="#[226]">&gt;&gt;</a>&nbsp;&nbsp;&nbsp;im_is_duplicate_bonding_data
<LI><a href="#[296]">&gt;&gt;</a>&nbsp;&nbsp;&nbsp;start_pending_transaction
</UL>

<P><STRONG><a name="[86]"></a>__aeabi_dadd</STRONG> (Thumb, 322 bytes, Stack size 48 bytes, dadd.o(.text))
<BR><BR>[Stack]<UL><LI>Max Depth = 88<LI>Call Chain = __aeabi_dadd &rArr; _double_epilogue &rArr; _double_round
</UL>
<BR>[Calls]<UL><LI><a href="#[89]">&gt;&gt;</a>&nbsp;&nbsp;&nbsp;_double_round
<LI><a href="#[88]">&gt;&gt;</a>&nbsp;&nbsp;&nbsp;_double_epilogue
<LI><a href="#[82]">&gt;&gt;</a>&nbsp;&nbsp;&nbsp;__aeabi_llsl
<LI><a href="#[87]">&gt;&gt;</a>&nbsp;&nbsp;&nbsp;__aeabi_lasr
</UL>
<BR>[Called By]<UL><LI><a href="#[a5]">&gt;&gt;</a>&nbsp;&nbsp;&nbsp;EulerAngleToLED
<LI><a href="#[39]">&gt;&gt;</a>&nbsp;&nbsp;&nbsp;main
<LI><a href="#[8b]">&gt;&gt;</a>&nbsp;&nbsp;&nbsp;__aeabi_drsub
<LI><a href="#[127]">&gt;&gt;</a>&nbsp;&nbsp;&nbsp;__kernel_sin
<LI><a href="#[126]">&gt;&gt;</a>&nbsp;&nbsp;&nbsp;__ieee754_rem_pio2
<LI><a href="#[11f]">&gt;&gt;</a>&nbsp;&nbsp;&nbsp;__kernel_poly
<LI><a href="#[123]">&gt;&gt;</a>&nbsp;&nbsp;&nbsp;__mathlib_dbl_infnan2
<LI><a href="#[11a]">&gt;&gt;</a>&nbsp;&nbsp;&nbsp;__mathlib_dbl_infnan
<LI><a href="#[122]">&gt;&gt;</a>&nbsp;&nbsp;&nbsp;__hardfp_atan
<LI><a href="#[a7]">&gt;&gt;</a>&nbsp;&nbsp;&nbsp;__hardfp_floor
<LI><a href="#[a9]">&gt;&gt;</a>&nbsp;&nbsp;&nbsp;__hardfp_ceil
<LI><a href="#[8a]">&gt;&gt;</a>&nbsp;&nbsp;&nbsp;__aeabi_dsub
<LI><a href="#[f9]">&gt;&gt;</a>&nbsp;&nbsp;&nbsp;__hardfp_asin
</UL>

<P><STRONG><a name="[8a]"></a>__aeabi_dsub</STRONG> (Thumb, 6 bytes, Stack size 0 bytes, dadd.o(.text))
<BR><BR>[Stack]<UL><LI>Max Depth = 88<LI>Call Chain = __aeabi_dsub &rArr; __aeabi_dadd &rArr; _double_epilogue &rArr; _double_round
</UL>
<BR>[Calls]<UL><LI><a href="#[86]">&gt;&gt;</a>&nbsp;&nbsp;&nbsp;__aeabi_dadd
</UL>
<BR>[Called By]<UL><LI><a href="#[127]">&gt;&gt;</a>&nbsp;&nbsp;&nbsp;__kernel_sin
<LI><a href="#[126]">&gt;&gt;</a>&nbsp;&nbsp;&nbsp;__ieee754_rem_pio2
<LI><a href="#[128]">&gt;&gt;</a>&nbsp;&nbsp;&nbsp;__kernel_cos
<LI><a href="#[122]">&gt;&gt;</a>&nbsp;&nbsp;&nbsp;__hardfp_atan
<LI><a href="#[f6]">&gt;&gt;</a>&nbsp;&nbsp;&nbsp;__hardfp_atan2
<LI><a href="#[f9]">&gt;&gt;</a>&nbsp;&nbsp;&nbsp;__hardfp_asin
</UL>

<P><STRONG><a name="[8b]"></a>__aeabi_drsub</STRONG> (Thumb, 6 bytes, Stack size 0 bytes, dadd.o(.text))
<BR><BR>[Stack]<UL><LI>Max Depth = 88<LI>Call Chain = __aeabi_drsub &rArr; __aeabi_dadd &rArr; _double_epilogue &rArr; _double_round
</UL>
<BR>[Calls]<UL><LI><a href="#[86]">&gt;&gt;</a>&nbsp;&nbsp;&nbsp;__aeabi_dadd
</UL>
<BR>[Called By]<UL><LI><a href="#[a5]">&gt;&gt;</a>&nbsp;&nbsp;&nbsp;EulerAngleToLED
<LI><a href="#[127]">&gt;&gt;</a>&nbsp;&nbsp;&nbsp;__kernel_sin
<LI><a href="#[126]">&gt;&gt;</a>&nbsp;&nbsp;&nbsp;__ieee754_rem_pio2
<LI><a href="#[128]">&gt;&gt;</a>&nbsp;&nbsp;&nbsp;__kernel_cos
<LI><a href="#[122]">&gt;&gt;</a>&nbsp;&nbsp;&nbsp;__hardfp_atan
<LI><a href="#[a7]">&gt;&gt;</a>&nbsp;&nbsp;&nbsp;__hardfp_floor
<LI><a href="#[a9]">&gt;&gt;</a>&nbsp;&nbsp;&nbsp;__hardfp_ceil
<LI><a href="#[f6]">&gt;&gt;</a>&nbsp;&nbsp;&nbsp;__hardfp_atan2
<LI><a href="#[f9]">&gt;&gt;</a>&nbsp;&nbsp;&nbsp;__hardfp_asin
</UL>

<P><STRONG><a name="[8c]"></a>__aeabi_dmul</STRONG> (Thumb, 228 bytes, Stack size 48 bytes, dmul.o(.text))
<BR><BR>[Stack]<UL><LI>Max Depth = 88<LI>Call Chain = __aeabi_dmul &rArr; _double_epilogue &rArr; _double_round
</UL>
<BR>[Calls]<UL><LI><a href="#[88]">&gt;&gt;</a>&nbsp;&nbsp;&nbsp;_double_epilogue
</UL>
<BR>[Called By]<UL><LI><a href="#[39]">&gt;&gt;</a>&nbsp;&nbsp;&nbsp;main
<LI><a href="#[127]">&gt;&gt;</a>&nbsp;&nbsp;&nbsp;__kernel_sin
<LI><a href="#[126]">&gt;&gt;</a>&nbsp;&nbsp;&nbsp;__ieee754_rem_pio2
<LI><a href="#[11f]">&gt;&gt;</a>&nbsp;&nbsp;&nbsp;__kernel_poly
<LI><a href="#[11e]">&gt;&gt;</a>&nbsp;&nbsp;&nbsp;__mathlib_dbl_underflow
<LI><a href="#[128]">&gt;&gt;</a>&nbsp;&nbsp;&nbsp;__kernel_cos
<LI><a href="#[122]">&gt;&gt;</a>&nbsp;&nbsp;&nbsp;__hardfp_atan
<LI><a href="#[f9]">&gt;&gt;</a>&nbsp;&nbsp;&nbsp;__hardfp_asin
</UL>

<P><STRONG><a name="[8d]"></a>__aeabi_ddiv</STRONG> (Thumb, 222 bytes, Stack size 32 bytes, ddiv.o(.text))
<BR><BR>[Stack]<UL><LI>Max Depth = 40<LI>Call Chain = __aeabi_ddiv &rArr; _double_round
</UL>
<BR>[Calls]<UL><LI><a href="#[89]">&gt;&gt;</a>&nbsp;&nbsp;&nbsp;_double_round
</UL>
<BR>[Called By]<UL><LI><a href="#[39]">&gt;&gt;</a>&nbsp;&nbsp;&nbsp;main
<LI><a href="#[11c]">&gt;&gt;</a>&nbsp;&nbsp;&nbsp;__mathlib_dbl_invalid
<LI><a href="#[122]">&gt;&gt;</a>&nbsp;&nbsp;&nbsp;__hardfp_atan
<LI><a href="#[f6]">&gt;&gt;</a>&nbsp;&nbsp;&nbsp;__hardfp_atan2
<LI><a href="#[f9]">&gt;&gt;</a>&nbsp;&nbsp;&nbsp;__hardfp_asin
</UL>

<P><STRONG><a name="[8e]"></a>__aeabi_ul2f</STRONG> (Thumb, 28 bytes, Stack size 8 bytes, ffltul.o(.text))
<BR><BR>[Stack]<UL><LI>Max Depth = 12<LI>Call Chain = __aeabi_ul2f &rArr; _float_epilogue
</UL>
<BR>[Calls]<UL><LI><a href="#[8f]">&gt;&gt;</a>&nbsp;&nbsp;&nbsp;_float_epilogue
</UL>
<BR>[Called By]<UL><LI><a href="#[39]">&gt;&gt;</a>&nbsp;&nbsp;&nbsp;main
</UL>

<P><STRONG><a name="[90]"></a>__aeabi_d2uiz</STRONG> (Thumb, 50 bytes, Stack size 8 bytes, dfixui.o(.text))
<BR><BR>[Stack]<UL><LI>Max Depth = 8<LI>Call Chain = __aeabi_d2uiz
</UL>
<BR>[Calls]<UL><LI><a href="#[81]">&gt;&gt;</a>&nbsp;&nbsp;&nbsp;__aeabi_llsr
</UL>
<BR>[Called By]<UL><LI><a href="#[a5]">&gt;&gt;</a>&nbsp;&nbsp;&nbsp;EulerAngleToLED
<LI><a href="#[39]">&gt;&gt;</a>&nbsp;&nbsp;&nbsp;main
</UL>

<P><STRONG><a name="[a6]"></a>__aeabi_f2d</STRONG> (Thumb, 38 bytes, Stack size 0 bytes, f2d.o(.text))
<BR><BR>[Called By]<UL><LI><a href="#[f5]">&gt;&gt;</a>&nbsp;&nbsp;&nbsp;QuatToEulerAngle
<LI><a href="#[a5]">&gt;&gt;</a>&nbsp;&nbsp;&nbsp;EulerAngleToLED
<LI><a href="#[39]">&gt;&gt;</a>&nbsp;&nbsp;&nbsp;main
</UL>

<P><STRONG><a name="[f8]"></a>__aeabi_cdrcmple</STRONG> (Thumb, 48 bytes, Stack size 0 bytes, cdrcmple.o(.text))
<BR><BR>[Called By]<UL><LI><a href="#[f5]">&gt;&gt;</a>&nbsp;&nbsp;&nbsp;QuatToEulerAngle
<LI><a href="#[a7]">&gt;&gt;</a>&nbsp;&nbsp;&nbsp;__hardfp_floor
<LI><a href="#[a9]">&gt;&gt;</a>&nbsp;&nbsp;&nbsp;__hardfp_ceil
</UL>

<P><STRONG><a name="[91]"></a>__aeabi_d2f</STRONG> (Thumb, 56 bytes, Stack size 8 bytes, d2f.o(.text))
<BR><BR>[Stack]<UL><LI>Max Depth = 8<LI>Call Chain = __aeabi_d2f
</UL>
<BR>[Calls]<UL><LI><a href="#[92]">&gt;&gt;</a>&nbsp;&nbsp;&nbsp;_float_round
</UL>
<BR>[Called By]<UL><LI><a href="#[f5]">&gt;&gt;</a>&nbsp;&nbsp;&nbsp;QuatToEulerAngle
<LI><a href="#[a5]">&gt;&gt;</a>&nbsp;&nbsp;&nbsp;EulerAngleToLED
<LI><a href="#[39]">&gt;&gt;</a>&nbsp;&nbsp;&nbsp;main
</UL>

<P><STRONG><a name="[87]"></a>__aeabi_lasr</STRONG> (Thumb, 36 bytes, Stack size 0 bytes, llsshr.o(.text))
<BR><BR>[Called By]<UL><LI><a href="#[86]">&gt;&gt;</a>&nbsp;&nbsp;&nbsp;__aeabi_dadd
</UL>

<P><STRONG><a name="[331]"></a>_ll_sshift_r</STRONG> (Thumb, 0 bytes, Stack size 0 bytes, llsshr.o(.text), UNUSED)

<P><STRONG><a name="[332]"></a>__I$use$fp</STRONG> (Thumb, 0 bytes, Stack size 0 bytes, iusefp.o(.text), UNUSED)

<P><STRONG><a name="[92]"></a>_float_round</STRONG> (Thumb, 18 bytes, Stack size 0 bytes, fepilogue.o(.text))
<BR><BR>[Called By]<UL><LI><a href="#[91]">&gt;&gt;</a>&nbsp;&nbsp;&nbsp;__aeabi_d2f
</UL>

<P><STRONG><a name="[8f]"></a>_float_epilogue</STRONG> (Thumb, 92 bytes, Stack size 4 bytes, fepilogue.o(.text))
<BR><BR>[Stack]<UL><LI>Max Depth = 4<LI>Call Chain = _float_epilogue
</UL>
<BR>[Called By]<UL><LI><a href="#[8e]">&gt;&gt;</a>&nbsp;&nbsp;&nbsp;__aeabi_ul2f
</UL>

<P><STRONG><a name="[89]"></a>_double_round</STRONG> (Thumb, 30 bytes, Stack size 8 bytes, depilogue.o(.text))
<BR><BR>[Stack]<UL><LI>Max Depth = 8<LI>Call Chain = _double_round
</UL>
<BR>[Called By]<UL><LI><a href="#[8d]">&gt;&gt;</a>&nbsp;&nbsp;&nbsp;__aeabi_ddiv
<LI><a href="#[86]">&gt;&gt;</a>&nbsp;&nbsp;&nbsp;__aeabi_dadd
<LI><a href="#[94]">&gt;&gt;</a>&nbsp;&nbsp;&nbsp;_dsqrt
<LI><a href="#[88]">&gt;&gt;</a>&nbsp;&nbsp;&nbsp;_double_epilogue
</UL>

<P><STRONG><a name="[88]"></a>_double_epilogue</STRONG> (Thumb, 156 bytes, Stack size 32 bytes, depilogue.o(.text))
<BR><BR>[Stack]<UL><LI>Max Depth = 40<LI>Call Chain = _double_epilogue &rArr; _double_round
</UL>
<BR>[Calls]<UL><LI><a href="#[89]">&gt;&gt;</a>&nbsp;&nbsp;&nbsp;_double_round
<LI><a href="#[81]">&gt;&gt;</a>&nbsp;&nbsp;&nbsp;__aeabi_llsr
<LI><a href="#[82]">&gt;&gt;</a>&nbsp;&nbsp;&nbsp;__aeabi_llsl
</UL>
<BR>[Called By]<UL><LI><a href="#[8c]">&gt;&gt;</a>&nbsp;&nbsp;&nbsp;__aeabi_dmul
<LI><a href="#[86]">&gt;&gt;</a>&nbsp;&nbsp;&nbsp;__aeabi_dadd
<LI><a href="#[96]">&gt;&gt;</a>&nbsp;&nbsp;&nbsp;__aeabi_ui2d
<LI><a href="#[95]">&gt;&gt;</a>&nbsp;&nbsp;&nbsp;__aeabi_i2d
</UL>

<P><STRONG><a name="[7d]"></a>__scatterload</STRONG> (Thumb, 28 bytes, Stack size 0 bytes, init.o(.text))
<BR><BR>[Calls]<UL><LI><a href="#[93]">&gt;&gt;</a>&nbsp;&nbsp;&nbsp;__main_after_scatterload
</UL>
<BR>[Called By]<UL><LI><a href="#[7c]">&gt;&gt;</a>&nbsp;&nbsp;&nbsp;_main_scatterload
</UL>

<P><STRONG><a name="[333]"></a>__scatterload_rt2</STRONG> (Thumb, 0 bytes, Stack size 0 bytes, init.o(.text), UNUSED)

<P><STRONG><a name="[94]"></a>_dsqrt</STRONG> (Thumb, 162 bytes, Stack size 32 bytes, dsqrt.o(.text))
<BR><BR>[Stack]<UL><LI>Max Depth = 40<LI>Call Chain = _dsqrt &rArr; _double_round
</UL>
<BR>[Calls]<UL><LI><a href="#[89]">&gt;&gt;</a>&nbsp;&nbsp;&nbsp;_double_round
<LI><a href="#[81]">&gt;&gt;</a>&nbsp;&nbsp;&nbsp;__aeabi_llsr
</UL>
<BR>[Called By]<UL><LI><a href="#[121]">&gt;&gt;</a>&nbsp;&nbsp;&nbsp;sqrt
</UL>

<P><STRONG><a name="[95]"></a>__aeabi_i2d</STRONG> (Thumb, 34 bytes, Stack size 16 bytes, dflti.o(.text))
<BR><BR>[Stack]<UL><LI>Max Depth = 56<LI>Call Chain = __aeabi_i2d &rArr; _double_epilogue &rArr; _double_round
</UL>
<BR>[Calls]<UL><LI><a href="#[88]">&gt;&gt;</a>&nbsp;&nbsp;&nbsp;_double_epilogue
</UL>
<BR>[Called By]<UL><LI><a href="#[126]">&gt;&gt;</a>&nbsp;&nbsp;&nbsp;__ieee754_rem_pio2
</UL>

<P><STRONG><a name="[96]"></a>__aeabi_ui2d</STRONG> (Thumb, 26 bytes, Stack size 16 bytes, dfltui.o(.text))
<BR><BR>[Stack]<UL><LI>Max Depth = 56<LI>Call Chain = __aeabi_ui2d &rArr; _double_epilogue &rArr; _double_round
</UL>
<BR>[Calls]<UL><LI><a href="#[88]">&gt;&gt;</a>&nbsp;&nbsp;&nbsp;_double_epilogue
</UL>
<BR>[Called By]<UL><LI><a href="#[126]">&gt;&gt;</a>&nbsp;&nbsp;&nbsp;__ieee754_rem_pio2
</UL>

<P><STRONG><a name="[97]"></a>__aeabi_d2iz</STRONG> (Thumb, 62 bytes, Stack size 16 bytes, dfixi.o(.text))
<BR><BR>[Stack]<UL><LI>Max Depth = 16<LI>Call Chain = __aeabi_d2iz
</UL>
<BR>[Calls]<UL><LI><a href="#[81]">&gt;&gt;</a>&nbsp;&nbsp;&nbsp;__aeabi_llsr
</UL>
<BR>[Called By]<UL><LI><a href="#[126]">&gt;&gt;</a>&nbsp;&nbsp;&nbsp;__ieee754_rem_pio2
<LI><a href="#[128]">&gt;&gt;</a>&nbsp;&nbsp;&nbsp;__kernel_cos
</UL>

<P><STRONG><a name="[334]"></a>__decompress</STRONG> (Thumb, 0 bytes, Stack size unknown bytes, __dczerorl2.o(.text), UNUSED)

<P><STRONG><a name="[335]"></a>__decompress1</STRONG> (Thumb, 86 bytes, Stack size unknown bytes, __dczerorl2.o(.text), UNUSED)

<P><STRONG><a name="[98]"></a>BLE_Init</STRONG> (Thumb, 32 bytes, Stack size 8 bytes, juno_ble.o(i.BLE_Init))
<BR><BR>[Stack]<UL><LI>Max Depth = 336<LI>Call Chain = BLE_Init &rArr; advertising_init &rArr; ble_advertising_init &rArr; ble_advdata_encode &rArr; uuid_list_encode &rArr; uuid_list_sized_encode
</UL>
<BR>[Calls]<UL><LI><a href="#[9d]">&gt;&gt;</a>&nbsp;&nbsp;&nbsp;services_init
<LI><a href="#[99]">&gt;&gt;</a>&nbsp;&nbsp;&nbsp;power_management_init
<LI><a href="#[9c]">&gt;&gt;</a>&nbsp;&nbsp;&nbsp;gatt_init
<LI><a href="#[9b]">&gt;&gt;</a>&nbsp;&nbsp;&nbsp;gap_params_init
<LI><a href="#[9f]">&gt;&gt;</a>&nbsp;&nbsp;&nbsp;conn_params_init
<LI><a href="#[9a]">&gt;&gt;</a>&nbsp;&nbsp;&nbsp;ble_stack_init
<LI><a href="#[9e]">&gt;&gt;</a>&nbsp;&nbsp;&nbsp;advertising_init
</UL>
<BR>[Called By]<UL><LI><a href="#[39]">&gt;&gt;</a>&nbsp;&nbsp;&nbsp;main
</UL>

<P><STRONG><a name="[3e]"></a>Battery_Charger_Interrupt_handler</STRONG> (Thumb, 32 bytes, Stack size 16 bytes, gpio.o(i.Battery_Charger_Interrupt_handler))
<BR><BR>[Stack]<UL><LI>Max Depth = 16<LI>Call Chain = Battery_Charger_Interrupt_handler
</UL>
<BR>[Calls]<UL><LI><a href="#[a0]">&gt;&gt;</a>&nbsp;&nbsp;&nbsp;nrf_gpio_pin_read
</UL>
<BR>[Address Reference Count : 1]<UL><LI> gpio.o(i.GPIO_Init)
</UL>
<P><STRONG><a name="[247]"></a>ConvertQuaternion</STRONG> (Thumb, 82 bytes, Stack size 0 bytes, euler_angle.o(i.ConvertQuaternion))
<BR><BR>[Called By]<UL><LI><a href="#[39]">&gt;&gt;</a>&nbsp;&nbsp;&nbsp;main
</UL>

<P><STRONG><a name="[a5]"></a>EulerAngleToLED</STRONG> (Thumb, 546 bytes, Stack size 56 bytes, euler_angle.o(i.EulerAngleToLED))
<BR><BR>[Stack]<UL><LI>Max Depth = 296<LI>Call Chain = EulerAngleToLED &rArr; __hardfp_sin &rArr; __ieee754_rem_pio2 &rArr; __aeabi_dmul &rArr; _double_epilogue &rArr; _double_round
</UL>
<BR>[Calls]<UL><LI><a href="#[a6]">&gt;&gt;</a>&nbsp;&nbsp;&nbsp;__aeabi_f2d
<LI><a href="#[86]">&gt;&gt;</a>&nbsp;&nbsp;&nbsp;__aeabi_dadd
<LI><a href="#[90]">&gt;&gt;</a>&nbsp;&nbsp;&nbsp;__aeabi_d2uiz
<LI><a href="#[91]">&gt;&gt;</a>&nbsp;&nbsp;&nbsp;__aeabi_d2f
<LI><a href="#[8b]">&gt;&gt;</a>&nbsp;&nbsp;&nbsp;__aeabi_drsub
<LI><a href="#[a8]">&gt;&gt;</a>&nbsp;&nbsp;&nbsp;__hardfp_sin
<LI><a href="#[a7]">&gt;&gt;</a>&nbsp;&nbsp;&nbsp;__hardfp_floor
<LI><a href="#[a9]">&gt;&gt;</a>&nbsp;&nbsp;&nbsp;__hardfp_ceil
</UL>
<BR>[Called By]<UL><LI><a href="#[39]">&gt;&gt;</a>&nbsp;&nbsp;&nbsp;main
</UL>

<P><STRONG><a name="[1a]"></a>GPIOTE_IRQHandler</STRONG> (Thumb, 528 bytes, Stack size 72 bytes, nrfx_gpiote.o(i.GPIOTE_IRQHandler))
<BR><BR>[Stack]<UL><LI>Max Depth = 88<LI>Call Chain = GPIOTE_IRQHandler &rArr; nrf_gpiote_event_clear
</UL>
<BR>[Calls]<UL><LI><a href="#[aa]">&gt;&gt;</a>&nbsp;&nbsp;&nbsp;nrf_gpiote_event_is_set
<LI><a href="#[ab]">&gt;&gt;</a>&nbsp;&nbsp;&nbsp;nrf_gpiote_event_clear
<LI><a href="#[ac]">&gt;&gt;</a>&nbsp;&nbsp;&nbsp;nrf_gpio_ports_read
<LI><a href="#[b1]">&gt;&gt;</a>&nbsp;&nbsp;&nbsp;nrf_gpio_cfg_sense_set
<LI><a href="#[b0]">&gt;&gt;</a>&nbsp;&nbsp;&nbsp;nrf_bitmask_bit_set
<LI><a href="#[ae]">&gt;&gt;</a>&nbsp;&nbsp;&nbsp;nrf_bitmask_bit_is_set
<LI><a href="#[af]">&gt;&gt;</a>&nbsp;&nbsp;&nbsp;channel_port_get
<LI><a href="#[ad]">&gt;&gt;</a>&nbsp;&nbsp;&nbsp;channel_handler_get
</UL>
<BR>[Address Reference Count : 1]<UL><LI> arm_startup_nrf52.o(RESET)
</UL>
<P><STRONG><a name="[b2]"></a>GPIO_Init</STRONG> (Thumb, 174 bytes, Stack size 24 bytes, gpio.o(i.GPIO_Init))
<BR><BR>[Stack]<UL><LI>Max Depth = 100<LI>Call Chain = GPIO_Init &rArr; nrfx_gpiote_in_init &rArr; channel_port_alloc
</UL>
<BR>[Calls]<UL><LI><a href="#[b3]">&gt;&gt;</a>&nbsp;&nbsp;&nbsp;nrfx_gpiote_init
<LI><a href="#[b5]">&gt;&gt;</a>&nbsp;&nbsp;&nbsp;nrfx_gpiote_in_init
<LI><a href="#[b6]">&gt;&gt;</a>&nbsp;&nbsp;&nbsp;nrfx_gpiote_in_event_enable
<LI><a href="#[b4]">&gt;&gt;</a>&nbsp;&nbsp;&nbsp;app_error_handler_bare
</UL>
<BR>[Called By]<UL><LI><a href="#[39]">&gt;&gt;</a>&nbsp;&nbsp;&nbsp;main
</UL>

<P><STRONG><a name="[248]"></a>HAL_GetTick</STRONG> (Thumb, 6 bytes, Stack size 0 bytes, system.o(i.HAL_GetTick))
<BR><BR>[Called By]<UL><LI><a href="#[39]">&gt;&gt;</a>&nbsp;&nbsp;&nbsp;main
</UL>

<P><STRONG><a name="[c]"></a>HardFault_Handler</STRONG> (Thumb, 60 bytes, Stack size 0 bytes, main.o(i.HardFault_Handler))
<BR>[Address Reference Count : 1]<UL><LI> arm_startup_nrf52.o(RESET)
</UL>
<P><STRONG><a name="[3d]"></a>IMU_Interrupt_Handler</STRONG> (Thumb, 30 bytes, Stack size 16 bytes, gpio.o(i.IMU_Interrupt_Handler))
<BR><BR>[Stack]<UL><LI>Max Depth = 416<LI>Call Chain = IMU_Interrupt_Handler &rArr; dmp_read_fifo &rArr; mpu_read_fifo_stream &rArr; IMU_SPI_Receive_DMP_Read &rArr; nrf_spi_mngr_schedule &rArr; start_pending_transaction &rArr; nrf_drv_spi_init &rArr; nrfx_spim_init &rArr; nrfx_prs_acquire &rArr; app_util_critical_region_enter &rArr; sd_nvic_critical_region_enter
</UL>
<BR>[Calls]<UL><LI><a href="#[b7]">&gt;&gt;</a>&nbsp;&nbsp;&nbsp;dmp_read_fifo
</UL>
<BR>[Address Reference Count : 1]<UL><LI> gpio.o(i.GPIO_Init)
</UL>
<P><STRONG><a name="[b8]"></a>IMU_SPI_Init</STRONG> (Thumb, 38 bytes, Stack size 16 bytes, spi0_imu.o(i.IMU_SPI_Init))
<BR><BR>[Stack]<UL><LI>Max Depth = 232<LI>Call Chain = IMU_SPI_Init &rArr; IMU_SPI_Manager_Init &rArr; nrf_spi_mngr_init &rArr; nrf_drv_spi_init &rArr; nrfx_spim_init &rArr; nrfx_prs_acquire &rArr; app_util_critical_region_enter &rArr; sd_nvic_critical_region_enter
</UL>
<BR>[Calls]<UL><LI><a href="#[bb]">&gt;&gt;</a>&nbsp;&nbsp;&nbsp;nrf_gpio_pin_write
<LI><a href="#[ba]">&gt;&gt;</a>&nbsp;&nbsp;&nbsp;nrf_gpio_cfg
<LI><a href="#[b9]">&gt;&gt;</a>&nbsp;&nbsp;&nbsp;IMU_SPI_Manager_Init
</UL>
<BR>[Called By]<UL><LI><a href="#[39]">&gt;&gt;</a>&nbsp;&nbsp;&nbsp;main
</UL>

<P><STRONG><a name="[b9]"></a>IMU_SPI_Manager_Init</STRONG> (Thumb, 20 bytes, Stack size 24 bytes, spi0_imu.o(i.IMU_SPI_Manager_Init))
<BR><BR>[Stack]<UL><LI>Max Depth = 216<LI>Call Chain = IMU_SPI_Manager_Init &rArr; nrf_spi_mngr_init &rArr; nrf_drv_spi_init &rArr; nrfx_spim_init &rArr; nrfx_prs_acquire &rArr; app_util_critical_region_enter &rArr; sd_nvic_critical_region_enter
</UL>
<BR>[Calls]<UL><LI><a href="#[bc]">&gt;&gt;</a>&nbsp;&nbsp;&nbsp;nrf_spi_mngr_init
</UL>
<BR>[Called By]<UL><LI><a href="#[b8]">&gt;&gt;</a>&nbsp;&nbsp;&nbsp;IMU_SPI_Init
</UL>

<P><STRONG><a name="[bd]"></a>IMU_SPI_Receive_DMP_Read</STRONG> (Thumb, 120 bytes, Stack size 72 bytes, spi0_imu.o(i.IMU_SPI_Receive_DMP_Read))
<BR><BR>[Stack]<UL><LI>Max Depth = 296<LI>Call Chain = IMU_SPI_Receive_DMP_Read &rArr; nrf_spi_mngr_schedule &rArr; start_pending_transaction &rArr; nrf_drv_spi_init &rArr; nrfx_spim_init &rArr; nrfx_prs_acquire &rArr; app_util_critical_region_enter &rArr; sd_nvic_critical_region_enter
</UL>
<BR>[Calls]<UL><LI><a href="#[bf]">&gt;&gt;</a>&nbsp;&nbsp;&nbsp;nrf_spi_mngr_schedule
<LI><a href="#[be]">&gt;&gt;</a>&nbsp;&nbsp;&nbsp;__aeabi_memcpy4
</UL>
<BR>[Called By]<UL><LI><a href="#[24e]">&gt;&gt;</a>&nbsp;&nbsp;&nbsp;mpu_read_mem
<LI><a href="#[1db]">&gt;&gt;</a>&nbsp;&nbsp;&nbsp;mpu_read_fifo_stream
</UL>

<P><STRONG><a name="[c0]"></a>IMU_SPI_Transmit</STRONG> (Thumb, 48 bytes, Stack size 16 bytes, spi0_imu.o(i.IMU_SPI_Transmit))
<BR><BR>[Stack]<UL><LI>Max Depth = 240<LI>Call Chain = IMU_SPI_Transmit &rArr; nrf_spi_mngr_schedule &rArr; start_pending_transaction &rArr; nrf_drv_spi_init &rArr; nrfx_spim_init &rArr; nrfx_prs_acquire &rArr; app_util_critical_region_enter &rArr; sd_nvic_critical_region_enter
</UL>
<BR>[Calls]<UL><LI><a href="#[bf]">&gt;&gt;</a>&nbsp;&nbsp;&nbsp;nrf_spi_mngr_schedule
</UL>
<BR>[Called By]<UL><LI><a href="#[a3]">&gt;&gt;</a>&nbsp;&nbsp;&nbsp;mpu_sleep
<LI><a href="#[245]">&gt;&gt;</a>&nbsp;&nbsp;&nbsp;mpu_reset
<LI><a href="#[249]">&gt;&gt;</a>&nbsp;&nbsp;&nbsp;set_int_enable
<LI><a href="#[1ce]">&gt;&gt;</a>&nbsp;&nbsp;&nbsp;mpu_write_mem
<LI><a href="#[dc]">&gt;&gt;</a>&nbsp;&nbsp;&nbsp;mpu_set_sensors
<LI><a href="#[de]">&gt;&gt;</a>&nbsp;&nbsp;&nbsp;mpu_set_sample_rate
<LI><a href="#[24d]">&gt;&gt;</a>&nbsp;&nbsp;&nbsp;mpu_set_lpf
<LI><a href="#[250]">&gt;&gt;</a>&nbsp;&nbsp;&nbsp;mpu_set_int_latched
<LI><a href="#[24b]">&gt;&gt;</a>&nbsp;&nbsp;&nbsp;mpu_set_gyro_fsr
<LI><a href="#[d6]">&gt;&gt;</a>&nbsp;&nbsp;&nbsp;mpu_set_dmp_state
<LI><a href="#[24c]">&gt;&gt;</a>&nbsp;&nbsp;&nbsp;mpu_set_accel_fsr
<LI><a href="#[1cf]">&gt;&gt;</a>&nbsp;&nbsp;&nbsp;mpu_reset_fifo
<LI><a href="#[24e]">&gt;&gt;</a>&nbsp;&nbsp;&nbsp;mpu_read_mem
<LI><a href="#[24f]">&gt;&gt;</a>&nbsp;&nbsp;&nbsp;mpu_lp_accel_mode
<LI><a href="#[1da]">&gt;&gt;</a>&nbsp;&nbsp;&nbsp;mpu_load_firmware
<LI><a href="#[db]">&gt;&gt;</a>&nbsp;&nbsp;&nbsp;mpu_init
</UL>

<P><STRONG><a name="[c1]"></a>IMU_SPI_Transmit_DMP_Write</STRONG> (Thumb, 124 bytes, Stack size 64 bytes, spi0_imu.o(i.IMU_SPI_Transmit_DMP_Write))
<BR><BR>[Stack]<UL><LI>Max Depth = 288<LI>Call Chain = IMU_SPI_Transmit_DMP_Write &rArr; nrf_spi_mngr_schedule &rArr; start_pending_transaction &rArr; nrf_drv_spi_init &rArr; nrfx_spim_init &rArr; nrfx_prs_acquire &rArr; app_util_critical_region_enter &rArr; sd_nvic_critical_region_enter
</UL>
<BR>[Calls]<UL><LI><a href="#[bf]">&gt;&gt;</a>&nbsp;&nbsp;&nbsp;nrf_spi_mngr_schedule
<LI><a href="#[be]">&gt;&gt;</a>&nbsp;&nbsp;&nbsp;__aeabi_memcpy4
</UL>
<BR>[Called By]<UL><LI><a href="#[1ce]">&gt;&gt;</a>&nbsp;&nbsp;&nbsp;mpu_write_mem
</UL>

<P><STRONG><a name="[1]"></a>IMU_Start_Transaction</STRONG> (Thumb, 20 bytes, Stack size 8 bytes, spi0_imu.o(i.IMU_Start_Transaction))
<BR><BR>[Stack]<UL><LI>Max Depth = 16<LI>Call Chain = IMU_Start_Transaction &rArr; nrf_gpio_pin_write
</UL>
<BR>[Calls]<UL><LI><a href="#[bb]">&gt;&gt;</a>&nbsp;&nbsp;&nbsp;nrf_gpio_pin_write
</UL>
<BR>[Address Reference Count : 2]<UL><LI> spi0_imu.o(.constdata)
<LI> spi0_imu.o(.data)
</UL>
<P><STRONG><a name="[2]"></a>IMU_Stop_Transaction</STRONG> (Thumb, 22 bytes, Stack size 16 bytes, spi0_imu.o(i.IMU_Stop_Transaction))
<BR><BR>[Stack]<UL><LI>Max Depth = 24<LI>Call Chain = IMU_Stop_Transaction &rArr; nrf_gpio_pin_write
</UL>
<BR>[Calls]<UL><LI><a href="#[bb]">&gt;&gt;</a>&nbsp;&nbsp;&nbsp;nrf_gpio_pin_write
</UL>
<BR>[Address Reference Count : 2]<UL><LI> spi0_imu.o(.constdata)
<LI> spi0_imu.o(.data)
</UL>
<P><STRONG><a name="[56]"></a>IMU_Stop_Transaction_DMP</STRONG> (Thumb, 8 bytes, Stack size 0 bytes, spi0_imu.o(i.IMU_Stop_Transaction_DMP))
<BR>[Address Reference Count : 1]<UL><LI> spi0_imu.o(.constdata)
</UL>
<P><STRONG><a name="[eb]"></a>LED1642GW_Brightness_Control_PowerOn</STRONG> (Thumb, 58 bytes, Stack size 0 bytes, led1642gw.o(i.LED1642GW_Brightness_Control_PowerOn))
<BR><BR>[Called By]<UL><LI><a href="#[3f]">&gt;&gt;</a>&nbsp;&nbsp;&nbsp;MPU6500_tap_cb
</UL>

<P><STRONG><a name="[e9]"></a>LED1642GW_Brightness_Set</STRONG> (Thumb, 6 bytes, Stack size 0 bytes, led1642gw.o(i.LED1642GW_Brightness_Set))
<BR><BR>[Called By]<UL><LI><a href="#[3f]">&gt;&gt;</a>&nbsp;&nbsp;&nbsp;MPU6500_tap_cb
</UL>

<P><STRONG><a name="[c2]"></a>LED1642GW_Data_Latch</STRONG> (Thumb, 14 bytes, Stack size 8 bytes, led1642gw.o(i.LED1642GW_Data_Latch))
<BR><BR>[Stack]<UL><LI>Max Depth = 264<LI>Call Chain = LED1642GW_Data_Latch &rArr; LED_SPI_Transmit_LE_16 &rArr; LED_SPI_Transmit_LE &rArr; nrf_spi_mngr_schedule &rArr; start_pending_transaction &rArr; nrf_drv_spi_init &rArr; nrfx_spim_init &rArr; nrfx_prs_acquire &rArr; app_util_critical_region_enter &rArr; sd_nvic_critical_region_enter
</UL>
<BR>[Calls]<UL><LI><a href="#[c3]">&gt;&gt;</a>&nbsp;&nbsp;&nbsp;LED_SPI_Transmit_LE_16
</UL>
<BR>[Called By]<UL><LI><a href="#[cf]">&gt;&gt;</a>&nbsp;&nbsp;&nbsp;LED1642GW_RGB_Translation_Array
</UL>

<P><STRONG><a name="[c4]"></a>LED1642GW_Driver_Count</STRONG> (Thumb, 102 bytes, Stack size 16 bytes, led1642gw.o(i.LED1642GW_Driver_Count))
<BR><BR>[Stack]<UL><LI>Max Depth = 264<LI>Call Chain = LED1642GW_Driver_Count &rArr; LED_SPI_Receive &rArr; nrf_spi_mngr_schedule &rArr; start_pending_transaction &rArr; nrf_drv_spi_init &rArr; nrfx_spim_init &rArr; nrfx_prs_acquire &rArr; app_util_critical_region_enter &rArr; sd_nvic_critical_region_enter
</UL>
<BR>[Calls]<UL><LI><a href="#[c5]">&gt;&gt;</a>&nbsp;&nbsp;&nbsp;LED_SPI_Transmit
<LI><a href="#[c6]">&gt;&gt;</a>&nbsp;&nbsp;&nbsp;LED_SPI_Receive
</UL>
<BR>[Called By]<UL><LI><a href="#[cd]">&gt;&gt;</a>&nbsp;&nbsp;&nbsp;LED1642GW_Init
<LI><a href="#[39]">&gt;&gt;</a>&nbsp;&nbsp;&nbsp;main
</UL>

<P><STRONG><a name="[a4]"></a>LED1642GW_Enter_LPM</STRONG> (Thumb, 102 bytes, Stack size 16 bytes, led1642gw.o(i.LED1642GW_Enter_LPM))
<BR><BR>[Stack]<UL><LI>Max Depth = 280<LI>Call Chain = LED1642GW_Enter_LPM &rArr; LED1642GW_Write_Configuration_Register &rArr; LED_SPI_Transmit_LE_16 &rArr; LED_SPI_Transmit_LE &rArr; nrf_spi_mngr_schedule &rArr; start_pending_transaction &rArr; nrf_drv_spi_init &rArr; nrfx_spim_init &rArr; nrfx_prs_acquire &rArr; app_util_critical_region_enter &rArr; sd_nvic_critical_region_enter
</UL>
<BR>[Calls]<UL><LI><a href="#[c7]">&gt;&gt;</a>&nbsp;&nbsp;&nbsp;PWM_PWCLK_stop
<LI><a href="#[c8]">&gt;&gt;</a>&nbsp;&nbsp;&nbsp;LED1642GW_Write_Configuration_Register
<LI><a href="#[ca]">&gt;&gt;</a>&nbsp;&nbsp;&nbsp;LED1642GW_Switch
<LI><a href="#[cb]">&gt;&gt;</a>&nbsp;&nbsp;&nbsp;nrf_delay_ms
<LI><a href="#[c9]">&gt;&gt;</a>&nbsp;&nbsp;&nbsp;LED_SPI_Transmit_16
</UL>
<BR>[Called By]<UL><LI><a href="#[a1]">&gt;&gt;</a>&nbsp;&nbsp;&nbsp;Enter_Low_Power_Mode
</UL>

<P><STRONG><a name="[cc]"></a>LED1642GW_Global_Latch</STRONG> (Thumb, 14 bytes, Stack size 8 bytes, led1642gw.o(i.LED1642GW_Global_Latch))
<BR><BR>[Stack]<UL><LI>Max Depth = 264<LI>Call Chain = LED1642GW_Global_Latch &rArr; LED_SPI_Transmit_LE_16 &rArr; LED_SPI_Transmit_LE &rArr; nrf_spi_mngr_schedule &rArr; start_pending_transaction &rArr; nrf_drv_spi_init &rArr; nrfx_spim_init &rArr; nrfx_prs_acquire &rArr; app_util_critical_region_enter &rArr; sd_nvic_critical_region_enter
</UL>
<BR>[Calls]<UL><LI><a href="#[c3]">&gt;&gt;</a>&nbsp;&nbsp;&nbsp;LED_SPI_Transmit_LE_16
</UL>
<BR>[Called By]<UL><LI><a href="#[cf]">&gt;&gt;</a>&nbsp;&nbsp;&nbsp;LED1642GW_RGB_Translation_Array
</UL>

<P><STRONG><a name="[cd]"></a>LED1642GW_Init</STRONG> (Thumb, 22 bytes, Stack size 8 bytes, led1642gw.o(i.LED1642GW_Init))
<BR><BR>[Stack]<UL><LI>Max Depth = 272<LI>Call Chain = LED1642GW_Init &rArr; LED1642GW_Driver_Count &rArr; LED_SPI_Receive &rArr; nrf_spi_mngr_schedule &rArr; start_pending_transaction &rArr; nrf_drv_spi_init &rArr; nrfx_spim_init &rArr; nrfx_prs_acquire &rArr; app_util_critical_region_enter &rArr; sd_nvic_critical_region_enter
</UL>
<BR>[Calls]<UL><LI><a href="#[ce]">&gt;&gt;</a>&nbsp;&nbsp;&nbsp;PWM_PWCLK_play
<LI><a href="#[c4]">&gt;&gt;</a>&nbsp;&nbsp;&nbsp;LED1642GW_Driver_Count
<LI><a href="#[cb]">&gt;&gt;</a>&nbsp;&nbsp;&nbsp;nrf_delay_ms
</UL>
<BR>[Called By]<UL><LI><a href="#[39]">&gt;&gt;</a>&nbsp;&nbsp;&nbsp;main
</UL>

<P><STRONG><a name="[cf]"></a>LED1642GW_RGB_Translation_Array</STRONG> (Thumb, 318 bytes, Stack size 24 bytes, led1642gw.o(i.LED1642GW_RGB_Translation_Array))
<BR><BR>[Stack]<UL><LI>Max Depth = 304<LI>Call Chain = LED1642GW_RGB_Translation_Array &rArr; LED1642_Set_Brightness &rArr; LED1642GW_Write_Configuration_Register &rArr; LED_SPI_Transmit_LE_16 &rArr; LED_SPI_Transmit_LE &rArr; nrf_spi_mngr_schedule &rArr; start_pending_transaction &rArr; nrf_drv_spi_init &rArr; nrfx_spim_init &rArr; nrfx_prs_acquire &rArr; app_util_critical_region_enter &rArr; sd_nvic_critical_region_enter
</UL>
<BR>[Calls]<UL><LI><a href="#[d0]">&gt;&gt;</a>&nbsp;&nbsp;&nbsp;LED1642_Set_Brightness
<LI><a href="#[ca]">&gt;&gt;</a>&nbsp;&nbsp;&nbsp;LED1642GW_Switch
<LI><a href="#[cc]">&gt;&gt;</a>&nbsp;&nbsp;&nbsp;LED1642GW_Global_Latch
<LI><a href="#[c2]">&gt;&gt;</a>&nbsp;&nbsp;&nbsp;LED1642GW_Data_Latch
<LI><a href="#[c9]">&gt;&gt;</a>&nbsp;&nbsp;&nbsp;LED_SPI_Transmit_16
</UL>
<BR>[Called By]<UL><LI><a href="#[39]">&gt;&gt;</a>&nbsp;&nbsp;&nbsp;main
</UL>

<P><STRONG><a name="[ca]"></a>LED1642GW_Switch</STRONG> (Thumb, 14 bytes, Stack size 8 bytes, led1642gw.o(i.LED1642GW_Switch))
<BR><BR>[Stack]<UL><LI>Max Depth = 264<LI>Call Chain = LED1642GW_Switch &rArr; LED_SPI_Transmit_LE_16 &rArr; LED_SPI_Transmit_LE &rArr; nrf_spi_mngr_schedule &rArr; start_pending_transaction &rArr; nrf_drv_spi_init &rArr; nrfx_spim_init &rArr; nrfx_prs_acquire &rArr; app_util_critical_region_enter &rArr; sd_nvic_critical_region_enter
</UL>
<BR>[Calls]<UL><LI><a href="#[c3]">&gt;&gt;</a>&nbsp;&nbsp;&nbsp;LED_SPI_Transmit_LE_16
</UL>
<BR>[Called By]<UL><LI><a href="#[cf]">&gt;&gt;</a>&nbsp;&nbsp;&nbsp;LED1642GW_RGB_Translation_Array
<LI><a href="#[a4]">&gt;&gt;</a>&nbsp;&nbsp;&nbsp;LED1642GW_Enter_LPM
</UL>

<P><STRONG><a name="[c8]"></a>LED1642GW_Write_Configuration_Register</STRONG> (Thumb, 14 bytes, Stack size 8 bytes, led1642gw.o(i.LED1642GW_Write_Configuration_Register))
<BR><BR>[Stack]<UL><LI>Max Depth = 264<LI>Call Chain = LED1642GW_Write_Configuration_Register &rArr; LED_SPI_Transmit_LE_16 &rArr; LED_SPI_Transmit_LE &rArr; nrf_spi_mngr_schedule &rArr; start_pending_transaction &rArr; nrf_drv_spi_init &rArr; nrfx_spim_init &rArr; nrfx_prs_acquire &rArr; app_util_critical_region_enter &rArr; sd_nvic_critical_region_enter
</UL>
<BR>[Calls]<UL><LI><a href="#[c3]">&gt;&gt;</a>&nbsp;&nbsp;&nbsp;LED_SPI_Transmit_LE_16
</UL>
<BR>[Called By]<UL><LI><a href="#[a4]">&gt;&gt;</a>&nbsp;&nbsp;&nbsp;LED1642GW_Enter_LPM
<LI><a href="#[d0]">&gt;&gt;</a>&nbsp;&nbsp;&nbsp;LED1642_Set_Brightness
</UL>

<P><STRONG><a name="[d0]"></a>LED1642_Set_Brightness</STRONG> (Thumb, 48 bytes, Stack size 16 bytes, led1642gw.o(i.LED1642_Set_Brightness))
<BR><BR>[Stack]<UL><LI>Max Depth = 280<LI>Call Chain = LED1642_Set_Brightness &rArr; LED1642GW_Write_Configuration_Register &rArr; LED_SPI_Transmit_LE_16 &rArr; LED_SPI_Transmit_LE &rArr; nrf_spi_mngr_schedule &rArr; start_pending_transaction &rArr; nrf_drv_spi_init &rArr; nrfx_spim_init &rArr; nrfx_prs_acquire &rArr; app_util_critical_region_enter &rArr; sd_nvic_critical_region_enter
</UL>
<BR>[Calls]<UL><LI><a href="#[c8]">&gt;&gt;</a>&nbsp;&nbsp;&nbsp;LED1642GW_Write_Configuration_Register
<LI><a href="#[c9]">&gt;&gt;</a>&nbsp;&nbsp;&nbsp;LED_SPI_Transmit_16
</UL>
<BR>[Called By]<UL><LI><a href="#[cf]">&gt;&gt;</a>&nbsp;&nbsp;&nbsp;LED1642GW_RGB_Translation_Array
</UL>

<P><STRONG><a name="[d1]"></a>LED_SPI_Init</STRONG> (Thumb, 8 bytes, Stack size 8 bytes, spi1_led.o(i.LED_SPI_Init))
<BR><BR>[Stack]<UL><LI>Max Depth = 224<LI>Call Chain = LED_SPI_Init &rArr; LED_SPI_Manager_Init &rArr; nrf_spi_mngr_init &rArr; nrf_drv_spi_init &rArr; nrfx_spim_init &rArr; nrfx_prs_acquire &rArr; app_util_critical_region_enter &rArr; sd_nvic_critical_region_enter
</UL>
<BR>[Calls]<UL><LI><a href="#[d2]">&gt;&gt;</a>&nbsp;&nbsp;&nbsp;LED_SPI_Manager_Init
</UL>
<BR>[Called By]<UL><LI><a href="#[39]">&gt;&gt;</a>&nbsp;&nbsp;&nbsp;main
</UL>

<P><STRONG><a name="[d2]"></a>LED_SPI_Manager_Init</STRONG> (Thumb, 20 bytes, Stack size 24 bytes, spi1_led.o(i.LED_SPI_Manager_Init))
<BR><BR>[Stack]<UL><LI>Max Depth = 216<LI>Call Chain = LED_SPI_Manager_Init &rArr; nrf_spi_mngr_init &rArr; nrf_drv_spi_init &rArr; nrfx_spim_init &rArr; nrfx_prs_acquire &rArr; app_util_critical_region_enter &rArr; sd_nvic_critical_region_enter
</UL>
<BR>[Calls]<UL><LI><a href="#[bc]">&gt;&gt;</a>&nbsp;&nbsp;&nbsp;nrf_spi_mngr_init
</UL>
<BR>[Called By]<UL><LI><a href="#[d1]">&gt;&gt;</a>&nbsp;&nbsp;&nbsp;LED_SPI_Init
</UL>

<P><STRONG><a name="[c6]"></a>LED_SPI_Receive</STRONG> (Thumb, 52 bytes, Stack size 24 bytes, spi1_led.o(i.LED_SPI_Receive))
<BR><BR>[Stack]<UL><LI>Max Depth = 248<LI>Call Chain = LED_SPI_Receive &rArr; nrf_spi_mngr_schedule &rArr; start_pending_transaction &rArr; nrf_drv_spi_init &rArr; nrfx_spim_init &rArr; nrfx_prs_acquire &rArr; app_util_critical_region_enter &rArr; sd_nvic_critical_region_enter
</UL>
<BR>[Calls]<UL><LI><a href="#[bf]">&gt;&gt;</a>&nbsp;&nbsp;&nbsp;nrf_spi_mngr_schedule
</UL>
<BR>[Called By]<UL><LI><a href="#[c4]">&gt;&gt;</a>&nbsp;&nbsp;&nbsp;LED1642GW_Driver_Count
</UL>

<P><STRONG><a name="[c5]"></a>LED_SPI_Transmit</STRONG> (Thumb, 48 bytes, Stack size 16 bytes, spi1_led.o(i.LED_SPI_Transmit))
<BR><BR>[Stack]<UL><LI>Max Depth = 240<LI>Call Chain = LED_SPI_Transmit &rArr; nrf_spi_mngr_schedule &rArr; start_pending_transaction &rArr; nrf_drv_spi_init &rArr; nrfx_spim_init &rArr; nrfx_prs_acquire &rArr; app_util_critical_region_enter &rArr; sd_nvic_critical_region_enter
</UL>
<BR>[Calls]<UL><LI><a href="#[bf]">&gt;&gt;</a>&nbsp;&nbsp;&nbsp;nrf_spi_mngr_schedule
</UL>
<BR>[Called By]<UL><LI><a href="#[c4]">&gt;&gt;</a>&nbsp;&nbsp;&nbsp;LED1642GW_Driver_Count
<LI><a href="#[c9]">&gt;&gt;</a>&nbsp;&nbsp;&nbsp;LED_SPI_Transmit_16
</UL>

<P><STRONG><a name="[c9]"></a>LED_SPI_Transmit_16</STRONG> (Thumb, 26 bytes, Stack size 16 bytes, spi1_led.o(i.LED_SPI_Transmit_16))
<BR><BR>[Stack]<UL><LI>Max Depth = 256<LI>Call Chain = LED_SPI_Transmit_16 &rArr; LED_SPI_Transmit &rArr; nrf_spi_mngr_schedule &rArr; start_pending_transaction &rArr; nrf_drv_spi_init &rArr; nrfx_spim_init &rArr; nrfx_prs_acquire &rArr; app_util_critical_region_enter &rArr; sd_nvic_critical_region_enter
</UL>
<BR>[Calls]<UL><LI><a href="#[c5]">&gt;&gt;</a>&nbsp;&nbsp;&nbsp;LED_SPI_Transmit
</UL>
<BR>[Called By]<UL><LI><a href="#[cf]">&gt;&gt;</a>&nbsp;&nbsp;&nbsp;LED1642GW_RGB_Translation_Array
<LI><a href="#[a4]">&gt;&gt;</a>&nbsp;&nbsp;&nbsp;LED1642GW_Enter_LPM
<LI><a href="#[d0]">&gt;&gt;</a>&nbsp;&nbsp;&nbsp;LED1642_Set_Brightness
</UL>

<P><STRONG><a name="[d3]"></a>LED_SPI_Transmit_LE</STRONG> (Thumb, 54 bytes, Stack size 16 bytes, spi1_led.o(i.LED_SPI_Transmit_LE))
<BR><BR>[Stack]<UL><LI>Max Depth = 240<LI>Call Chain = LED_SPI_Transmit_LE &rArr; nrf_spi_mngr_schedule &rArr; start_pending_transaction &rArr; nrf_drv_spi_init &rArr; nrfx_spim_init &rArr; nrfx_prs_acquire &rArr; app_util_critical_region_enter &rArr; sd_nvic_critical_region_enter
</UL>
<BR>[Calls]<UL><LI><a href="#[bf]">&gt;&gt;</a>&nbsp;&nbsp;&nbsp;nrf_spi_mngr_schedule
</UL>
<BR>[Called By]<UL><LI><a href="#[c3]">&gt;&gt;</a>&nbsp;&nbsp;&nbsp;LED_SPI_Transmit_LE_16
</UL>

<P><STRONG><a name="[c3]"></a>LED_SPI_Transmit_LE_16</STRONG> (Thumb, 30 bytes, Stack size 16 bytes, spi1_led.o(i.LED_SPI_Transmit_LE_16))
<BR><BR>[Stack]<UL><LI>Max Depth = 256<LI>Call Chain = LED_SPI_Transmit_LE_16 &rArr; LED_SPI_Transmit_LE &rArr; nrf_spi_mngr_schedule &rArr; start_pending_transaction &rArr; nrf_drv_spi_init &rArr; nrfx_spim_init &rArr; nrfx_prs_acquire &rArr; app_util_critical_region_enter &rArr; sd_nvic_critical_region_enter
</UL>
<BR>[Calls]<UL><LI><a href="#[d3]">&gt;&gt;</a>&nbsp;&nbsp;&nbsp;LED_SPI_Transmit_LE
</UL>
<BR>[Called By]<UL><LI><a href="#[c8]">&gt;&gt;</a>&nbsp;&nbsp;&nbsp;LED1642GW_Write_Configuration_Register
<LI><a href="#[ca]">&gt;&gt;</a>&nbsp;&nbsp;&nbsp;LED1642GW_Switch
<LI><a href="#[cc]">&gt;&gt;</a>&nbsp;&nbsp;&nbsp;LED1642GW_Global_Latch
<LI><a href="#[c2]">&gt;&gt;</a>&nbsp;&nbsp;&nbsp;LED1642GW_Data_Latch
</UL>

<P><STRONG><a name="[3]"></a>LED_Start_Transaction</STRONG> (Thumb, 8 bytes, Stack size 0 bytes, spi1_led.o(i.LED_Start_Transaction))
<BR>[Address Reference Count : 1]<UL><LI> spi1_led.o(.data)
</UL>
<P><STRONG><a name="[5]"></a>LED_Start_Transaction_LE</STRONG> (Thumb, 20 bytes, Stack size 8 bytes, spi1_led.o(i.LED_Start_Transaction_LE))
<BR><BR>[Stack]<UL><LI>Max Depth = 88<LI>Call Chain = LED_Start_Transaction_LE &rArr; PWM_play &rArr; nrfx_pwm_simple_playback &rArr; start_playback &rArr; nrf_pwm_event_clear
</UL>
<BR>[Calls]<UL><LI><a href="#[d4]">&gt;&gt;</a>&nbsp;&nbsp;&nbsp;PWM_play
</UL>
<BR>[Address Reference Count : 1]<UL><LI> spi1_led.o(.data)
</UL>
<P><STRONG><a name="[4]"></a>LED_Stop_Transaction</STRONG> (Thumb, 8 bytes, Stack size 0 bytes, spi1_led.o(i.LED_Stop_Transaction))
<BR>[Address Reference Count : 1]<UL><LI> spi1_led.o(.data)
</UL>
<P><STRONG><a name="[6]"></a>LED_Stop_Transaction_LE</STRONG> (Thumb, 8 bytes, Stack size 0 bytes, spi1_led.o(i.LED_Stop_Transaction_LE))
<BR>[Address Reference Count : 1]<UL><LI> spi1_led.o(.data)
</UL>
<P><STRONG><a name="[d5]"></a>MPU6500_Disable_DMP</STRONG> (Thumb, 10 bytes, Stack size 8 bytes, mpu6500.o(i.MPU6500_Disable_DMP))
<BR><BR>[Stack]<UL><LI>Max Depth = 328<LI>Call Chain = MPU6500_Disable_DMP &rArr; mpu_set_dmp_state &rArr; mpu_set_sample_rate &rArr; mpu_lp_accel_mode &rArr; mpu_configure_fifo &rArr; set_int_enable &rArr; IMU_SPI_Transmit &rArr; nrf_spi_mngr_schedule &rArr; start_pending_transaction &rArr; nrf_drv_spi_init &rArr; nrfx_spim_init &rArr; nrfx_prs_acquire &rArr; app_util_critical_region_enter &rArr; sd_nvic_critical_region_enter
</UL>
<BR>[Calls]<UL><LI><a href="#[d6]">&gt;&gt;</a>&nbsp;&nbsp;&nbsp;mpu_set_dmp_state
</UL>
<BR>[Called By]<UL><LI><a href="#[3f]">&gt;&gt;</a>&nbsp;&nbsp;&nbsp;MPU6500_tap_cb
</UL>

<P><STRONG><a name="[d7]"></a>MPU6500_Enable_DMP</STRONG> (Thumb, 10 bytes, Stack size 8 bytes, mpu6500.o(i.MPU6500_Enable_DMP))
<BR><BR>[Stack]<UL><LI>Max Depth = 328<LI>Call Chain = MPU6500_Enable_DMP &rArr; mpu_set_dmp_state &rArr; mpu_set_sample_rate &rArr; mpu_lp_accel_mode &rArr; mpu_configure_fifo &rArr; set_int_enable &rArr; IMU_SPI_Transmit &rArr; nrf_spi_mngr_schedule &rArr; start_pending_transaction &rArr; nrf_drv_spi_init &rArr; nrfx_spim_init &rArr; nrfx_prs_acquire &rArr; app_util_critical_region_enter &rArr; sd_nvic_critical_region_enter
</UL>
<BR>[Calls]<UL><LI><a href="#[d6]">&gt;&gt;</a>&nbsp;&nbsp;&nbsp;mpu_set_dmp_state
</UL>
<BR>[Called By]<UL><LI><a href="#[39]">&gt;&gt;</a>&nbsp;&nbsp;&nbsp;main
<LI><a href="#[3f]">&gt;&gt;</a>&nbsp;&nbsp;&nbsp;MPU6500_tap_cb
</UL>

<P><STRONG><a name="[d8]"></a>MPU6500_Enable_Full_Features</STRONG> (Thumb, 14 bytes, Stack size 8 bytes, mpu6500.o(i.MPU6500_Enable_Full_Features))
<BR><BR>[Stack]<UL><LI>Max Depth = 384<LI>Call Chain = MPU6500_Enable_Full_Features &rArr; dmp_enable_feature &rArr; dmp_set_tap_thresh &rArr; mpu_write_mem &rArr; IMU_SPI_Transmit_DMP_Write &rArr; nrf_spi_mngr_schedule &rArr; start_pending_transaction &rArr; nrf_drv_spi_init &rArr; nrfx_spim_init &rArr; nrfx_prs_acquire &rArr; app_util_critical_region_enter &rArr; sd_nvic_critical_region_enter
</UL>
<BR>[Calls]<UL><LI><a href="#[d9]">&gt;&gt;</a>&nbsp;&nbsp;&nbsp;dmp_enable_feature
</UL>
<BR>[Called By]<UL><LI><a href="#[da]">&gt;&gt;</a>&nbsp;&nbsp;&nbsp;MPU6500_Setup
</UL>

<P><STRONG><a name="[da]"></a>MPU6500_Setup</STRONG> (Thumb, 130 bytes, Stack size 32 bytes, mpu6500.o(i.MPU6500_Setup))
<BR><BR>[Stack]<UL><LI>Max Depth = 416<LI>Call Chain = MPU6500_Setup &rArr; MPU6500_Enable_Full_Features &rArr; dmp_enable_feature &rArr; dmp_set_tap_thresh &rArr; mpu_write_mem &rArr; IMU_SPI_Transmit_DMP_Write &rArr; nrf_spi_mngr_schedule &rArr; start_pending_transaction &rArr; nrf_drv_spi_init &rArr; nrfx_spim_init &rArr; nrfx_prs_acquire &rArr; app_util_critical_region_enter &rArr; sd_nvic_critical_region_enter
</UL>
<BR>[Calls]<UL><LI><a href="#[e4]">&gt;&gt;</a>&nbsp;&nbsp;&nbsp;dmp_set_orientation
<LI><a href="#[e8]">&gt;&gt;</a>&nbsp;&nbsp;&nbsp;dmp_set_interrupt_mode
<LI><a href="#[e7]">&gt;&gt;</a>&nbsp;&nbsp;&nbsp;dmp_set_fifo_rate
<LI><a href="#[e5]">&gt;&gt;</a>&nbsp;&nbsp;&nbsp;dmp_register_tap_cb
<LI><a href="#[e6]">&gt;&gt;</a>&nbsp;&nbsp;&nbsp;dmp_register_android_orient_cb
<LI><a href="#[e2]">&gt;&gt;</a>&nbsp;&nbsp;&nbsp;dmp_load_motion_driver_firmware
<LI><a href="#[dc]">&gt;&gt;</a>&nbsp;&nbsp;&nbsp;mpu_set_sensors
<LI><a href="#[de]">&gt;&gt;</a>&nbsp;&nbsp;&nbsp;mpu_set_sample_rate
<LI><a href="#[db]">&gt;&gt;</a>&nbsp;&nbsp;&nbsp;mpu_init
<LI><a href="#[df]">&gt;&gt;</a>&nbsp;&nbsp;&nbsp;mpu_get_sample_rate
<LI><a href="#[e0]">&gt;&gt;</a>&nbsp;&nbsp;&nbsp;mpu_get_gyro_fsr
<LI><a href="#[e1]">&gt;&gt;</a>&nbsp;&nbsp;&nbsp;mpu_get_accel_fsr
<LI><a href="#[dd]">&gt;&gt;</a>&nbsp;&nbsp;&nbsp;mpu_configure_fifo
<LI><a href="#[d8]">&gt;&gt;</a>&nbsp;&nbsp;&nbsp;MPU6500_Enable_Full_Features
<LI><a href="#[e3]">&gt;&gt;</a>&nbsp;&nbsp;&nbsp;inv_row_2_scale
</UL>
<BR>[Called By]<UL><LI><a href="#[39]">&gt;&gt;</a>&nbsp;&nbsp;&nbsp;main
</UL>

<P><STRONG><a name="[14]"></a>POWER_CLOCK_IRQHandler</STRONG> (Thumb, 80 bytes, Stack size 8 bytes, nrfx_clock.o(i.POWER_CLOCK_IRQHandler))
<BR><BR>[Stack]<UL><LI>Max Depth = 16<LI>Call Chain = POWER_CLOCK_IRQHandler &rArr; nrf_clock_event_clear
</UL>
<BR>[Calls]<UL><LI><a href="#[ee]">&gt;&gt;</a>&nbsp;&nbsp;&nbsp;nrf_clock_int_disable
<LI><a href="#[ed]">&gt;&gt;</a>&nbsp;&nbsp;&nbsp;nrf_clock_event_clear
<LI><a href="#[ec]">&gt;&gt;</a>&nbsp;&nbsp;&nbsp;nrf_clock_event_check
</UL>
<BR>[Address Reference Count : 1]<UL><LI> arm_startup_nrf52.o(RESET)
</UL>
<P><STRONG><a name="[30]"></a>PWM0_IRQHandler</STRONG> (Thumb, 12 bytes, Stack size 8 bytes, nrfx_pwm.o(i.PWM0_IRQHandler))
<BR><BR>[Stack]<UL><LI>Max Depth = 32<LI>Call Chain = PWM0_IRQHandler &rArr; irq_handler &rArr; nrf_pwm_event_clear
</UL>
<BR>[Calls]<UL><LI><a href="#[ef]">&gt;&gt;</a>&nbsp;&nbsp;&nbsp;irq_handler
</UL>
<BR>[Address Reference Count : 1]<UL><LI> arm_startup_nrf52.o(RESET)
</UL>
<P><STRONG><a name="[33]"></a>PWM1_IRQHandler</STRONG> (Thumb, 12 bytes, Stack size 8 bytes, nrfx_pwm.o(i.PWM1_IRQHandler))
<BR><BR>[Stack]<UL><LI>Max Depth = 32<LI>Call Chain = PWM1_IRQHandler &rArr; irq_handler &rArr; nrf_pwm_event_clear
</UL>
<BR>[Calls]<UL><LI><a href="#[ef]">&gt;&gt;</a>&nbsp;&nbsp;&nbsp;irq_handler
</UL>
<BR>[Address Reference Count : 1]<UL><LI> arm_startup_nrf52.o(RESET)
</UL>
<P><STRONG><a name="[f0]"></a>PWM_PWCLK_init</STRONG> (Thumb, 42 bytes, Stack size 24 bytes, pwm.o(i.PWM_PWCLK_init))
<BR><BR>[Stack]<UL><LI>Max Depth = 108<LI>Call Chain = PWM_PWCLK_init &rArr; nrfx_pwm_init &rArr; configure_pins
</UL>
<BR>[Calls]<UL><LI><a href="#[f1]">&gt;&gt;</a>&nbsp;&nbsp;&nbsp;nrfx_pwm_init
<LI><a href="#[b4]">&gt;&gt;</a>&nbsp;&nbsp;&nbsp;app_error_handler_bare
</UL>
<BR>[Called By]<UL><LI><a href="#[39]">&gt;&gt;</a>&nbsp;&nbsp;&nbsp;main
</UL>

[...]
</UL>
<BR>[Calls]<UL><LI><a href="#[1df]">&gt;&gt;</a>&nbsp;&nbsp;&nbsp;queue_start
<LI><a href="#[1de]">&gt;&gt;</a>&nbsp;&nbsp;&nbsp;nrf_atfifo_item_put
<LI><a href="#[1dd]">&gt;&gt;</a>&nbsp;&nbsp;&nbsp;nrf_atfifo_item_alloc
<LI><a href="#[132]">&gt;&gt;</a>&nbsp;&nbsp;&nbsp;__aeabi_memclr4
</UL>
<BR>[Address Reference Count : 1]<UL><LI> nrf_fstorage_sd.o(.constdata)
</UL>
<P><STRONG><a name="[2f3]"></a>erase_execute</STRONG> (Thumb, 14 bytes, Stack size 8 bytes, nrf_fstorage_sd.o(i.erase_execute))
<BR><BR>[Stack]<UL><LI>Max Depth = 8<LI>Call Chain = erase_execute
</UL>
<BR>[Called By]<UL><LI><a href="#[27a]">&gt;&gt;</a>&nbsp;&nbsp;&nbsp;queue_process
</UL>

<P><STRONG><a name="[1e0]"></a>event_send</STRONG> (Thumb, 100 bytes, Stack size 40 bytes, nrf_fstorage_sd.o(i.event_send))
<BR><BR>[Stack]<UL><LI>Max Depth = 40<LI>Call Chain = event_send
</UL>
<BR>[Calls]<UL><LI><a href="#[132]">&gt;&gt;</a>&nbsp;&nbsp;&nbsp;__aeabi_memclr4
</UL>
<BR>[Called By]<UL><LI><a href="#[75]">&gt;&gt;</a>&nbsp;&nbsp;&nbsp;nrf_fstorage_sys_evt_handler
<LI><a href="#[27a]">&gt;&gt;</a>&nbsp;&nbsp;&nbsp;queue_process
</UL>

<P><STRONG><a name="[61]"></a>init</STRONG> (Thumb, 46 bytes, Stack size 16 bytes, nrf_fstorage_sd.o(i.init))
<BR><BR>[Stack]<UL><LI>Max Depth = 48<LI>Call Chain = init &rArr; nrf_atomic_flag_set_fetch &rArr; nrf_atomic_u32_fetch_or
</UL>
<BR>[Calls]<UL><LI><a href="#[22d]">&gt;&gt;</a>&nbsp;&nbsp;&nbsp;nrf_sdh_is_enabled
<LI><a href="#[22c]">&gt;&gt;</a>&nbsp;&nbsp;&nbsp;nrf_atomic_flag_set_fetch
<LI><a href="#[22e]">&gt;&gt;</a>&nbsp;&nbsp;&nbsp;nrf_atfifo_init
</UL>
<BR>[Address Reference Count : 1]<UL><LI> nrf_fstorage_sd.o(.constdata)
</UL>
<P><STRONG><a name="[68]"></a>is_busy</STRONG> (Thumb, 16 bytes, Stack size 0 bytes, nrf_fstorage_sd.o(i.is_busy))
<BR>[Address Reference Count : 1]<UL><LI> nrf_fstorage_sd.o(.constdata)
</UL>
<P><STRONG><a name="[27c]"></a>on_operation_failure</STRONG> (Thumb, 32 bytes, Stack size 0 bytes, nrf_fstorage_sd.o(i.on_operation_failure))
<BR><BR>[Called By]<UL><LI><a href="#[75]">&gt;&gt;</a>&nbsp;&nbsp;&nbsp;nrf_fstorage_sys_evt_handler
</UL>

<P><STRONG><a name="[27b]"></a>on_operation_success</STRONG> (Thumb, 88 bytes, Stack size 0 bytes, nrf_fstorage_sd.o(i.on_operation_success))
<BR><BR>[Called By]<UL><LI><a href="#[75]">&gt;&gt;</a>&nbsp;&nbsp;&nbsp;nrf_fstorage_sys_evt_handler
</UL>

<P><STRONG><a name="[27d]"></a>queue_free</STRONG> (Thumb, 14 bytes, Stack size 8 bytes, nrf_fstorage_sd.o(i.queue_free))
<BR><BR>[Stack]<UL><LI>Max Depth = 24<LI>Call Chain = queue_free &rArr; nrf_atfifo_item_free
</UL>
<BR>[Calls]<UL><LI><a href="#[258]">&gt;&gt;</a>&nbsp;&nbsp;&nbsp;nrf_atfifo_item_free
</UL>
<BR>[Called By]<UL><LI><a href="#[75]">&gt;&gt;</a>&nbsp;&nbsp;&nbsp;nrf_fstorage_sys_evt_handler
<LI><a href="#[27a]">&gt;&gt;</a>&nbsp;&nbsp;&nbsp;queue_process
</UL>

<P><STRONG><a name="[2ee]"></a>queue_load_next</STRONG> (Thumb, 30 bytes, Stack size 8 bytes, nrf_fstorage_sd.o(i.queue_load_next))
<BR><BR>[Stack]<UL><LI>Max Depth = 24<LI>Call Chain = queue_load_next &rArr; nrf_atfifo_item_get
</UL>
<BR>[Calls]<UL><LI><a href="#[259]">&gt;&gt;</a>&nbsp;&nbsp;&nbsp;nrf_atfifo_item_get
</UL>
<BR>[Called By]<UL><LI><a href="#[27a]">&gt;&gt;</a>&nbsp;&nbsp;&nbsp;queue_process
</UL>

<P><STRONG><a name="[27a]"></a>queue_process</STRONG> (Thumb, 134 bytes, Stack size 8 bytes, nrf_fstorage_sd.o(i.queue_process))
<BR><BR>[Stack]<UL><LI>Max Depth = 96<LI>Call Chain = queue_process &rArr; nrf_fstorage_sys_evt_handler &rArr;  queue_process (Cycle)
</UL>
<BR>[Calls]<UL><LI><a href="#[75]">&gt;&gt;</a>&nbsp;&nbsp;&nbsp;nrf_fstorage_sys_evt_handler
<LI><a href="#[2f2]">&gt;&gt;</a>&nbsp;&nbsp;&nbsp;write_execute
<LI><a href="#[2ee]">&gt;&gt;</a>&nbsp;&nbsp;&nbsp;queue_load_next
<LI><a href="#[27d]">&gt;&gt;</a>&nbsp;&nbsp;&nbsp;queue_free
<LI><a href="#[1e0]">&gt;&gt;</a>&nbsp;&nbsp;&nbsp;event_send
<LI><a href="#[2f3]">&gt;&gt;</a>&nbsp;&nbsp;&nbsp;erase_execute
</UL>
<BR>[Called By]<UL><LI><a href="#[75]">&gt;&gt;</a>&nbsp;&nbsp;&nbsp;nrf_fstorage_sys_evt_handler
<LI><a href="#[7b]">&gt;&gt;</a>&nbsp;&nbsp;&nbsp;nrf_fstorage_sdh_state_handler
<LI><a href="#[1df]">&gt;&gt;</a>&nbsp;&nbsp;&nbsp;queue_start
</UL>

<P><STRONG><a name="[1df]"></a>queue_start</STRONG> (Thumb, 24 bytes, Stack size 8 bytes, nrf_fstorage_sd.o(i.queue_start))
<BR><BR>[Stack]<UL><LI>Max Depth = 104<LI>Call Chain = queue_start &rArr; queue_process &rArr; nrf_fstorage_sys_evt_handler &rArr;  queue_process (Cycle)
</UL>
<BR>[Calls]<UL><LI><a href="#[27a]">&gt;&gt;</a>&nbsp;&nbsp;&nbsp;queue_process
<LI><a href="#[22c]">&gt;&gt;</a>&nbsp;&nbsp;&nbsp;nrf_atomic_flag_set_fetch
</UL>
<BR>[Called By]<UL><LI><a href="#[64]">&gt;&gt;</a>&nbsp;&nbsp;&nbsp;write
<LI><a href="#[65]">&gt;&gt;</a>&nbsp;&nbsp;&nbsp;erase
</UL>

<P><STRONG><a name="[63]"></a>read</STRONG> (Thumb, 28 bytes, Stack size 24 bytes, nrf_fstorage_sd.o(i.read))
<BR><BR>[Stack]<UL><LI>Max Depth = 24<LI>Call Chain = read
</UL>
<BR>[Calls]<UL><LI><a href="#[188]">&gt;&gt;</a>&nbsp;&nbsp;&nbsp;__aeabi_memcpy
</UL>
<BR>[Address Reference Count : 1]<UL><LI> nrf_fstorage_sd.o(.constdata)
</UL>
<P><STRONG><a name="[66]"></a>rmap</STRONG> (Thumb, 6 bytes, Stack size 0 bytes, nrf_fstorage_sd.o(i.rmap))
<BR>[Address Reference Count : 1]<UL><LI> nrf_fstorage_sd.o(.constdata)
</UL>
<P><STRONG><a name="[62]"></a>uninit</STRONG> (Thumb, 26 bytes, Stack size 16 bytes, nrf_fstorage_sd.o(i.uninit))
<BR><BR>[Stack]<UL><LI>Max Depth = 32<LI>Call Chain = uninit &rArr; nrf_atfifo_clear
</UL>
<BR>[Calls]<UL><LI><a href="#[255]">&gt;&gt;</a>&nbsp;&nbsp;&nbsp;nrf_atfifo_clear
<LI><a href="#[132]">&gt;&gt;</a>&nbsp;&nbsp;&nbsp;__aeabi_memclr4
</UL>
<BR>[Address Reference Count : 1]<UL><LI> nrf_fstorage_sd.o(.constdata)
</UL>
<P><STRONG><a name="[67]"></a>wmap</STRONG> (Thumb, 6 bytes, Stack size 0 bytes, nrf_fstorage_sd.o(i.wmap))
<BR>[Address Reference Count : 1]<UL><LI> nrf_fstorage_sd.o(.constdata)
</UL>
<P><STRONG><a name="[64]"></a>write</STRONG> (Thumb, 80 bytes, Stack size 32 bytes, nrf_fstorage_sd.o(i.write))
<BR><BR>[Stack]<UL><LI>Max Depth = 136<LI>Call Chain = write &rArr; queue_start &rArr; queue_process &rArr; nrf_fstorage_sys_evt_handler &rArr;  queue_process (Cycle)
</UL>
<BR>[Calls]<UL><LI><a href="#[1df]">&gt;&gt;</a>&nbsp;&nbsp;&nbsp;queue_start
<LI><a href="#[1de]">&gt;&gt;</a>&nbsp;&nbsp;&nbsp;nrf_atfifo_item_put
<LI><a href="#[1dd]">&gt;&gt;</a>&nbsp;&nbsp;&nbsp;nrf_atfifo_item_alloc
<LI><a href="#[132]">&gt;&gt;</a>&nbsp;&nbsp;&nbsp;__aeabi_memclr4
</UL>
<BR>[Address Reference Count : 1]<UL><LI> nrf_fstorage_sd.o(.constdata)
</UL>
<P><STRONG><a name="[2f2]"></a>write_execute</STRONG> (Thumb, 78 bytes, Stack size 24 bytes, nrf_fstorage_sd.o(i.write_execute))
<BR><BR>[Stack]<UL><LI>Max Depth = 24<LI>Call Chain = write_execute
</UL>
<BR>[Called By]<UL><LI><a href="#[27a]">&gt;&gt;</a>&nbsp;&nbsp;&nbsp;queue_process
</UL>

<P><STRONG><a name="[285]"></a>nrf_mtx_unlock</STRONG> (Thumb, 22 bytes, Stack size 0 bytes, nrf_pwr_mgmt.o(i.nrf_mtx_unlock))
<BR><BR>[Called By]<UL><LI><a href="#[17f]">&gt;&gt;</a>&nbsp;&nbsp;&nbsp;nrf_pwr_mgmt_shutdown
</UL>

<P><STRONG><a name="[4b]"></a>nrf_pwr_mgmt_timeout_handler</STRONG> (Thumb, 22 bytes, Stack size 8 bytes, nrf_pwr_mgmt.o(i.nrf_pwr_mgmt_timeout_handler))
<BR><BR>[Stack]<UL><LI>Max Depth = 48<LI>Call Chain = nrf_pwr_mgmt_timeout_handler &rArr; nrf_pwr_mgmt_shutdown &rArr; nrf_atomic_u32_fetch_store
</UL>
<BR>[Calls]<UL><LI><a href="#[17f]">&gt;&gt;</a>&nbsp;&nbsp;&nbsp;nrf_pwr_mgmt_shutdown
</UL>
<BR>[Address Reference Count : 1]<UL><LI> nrf_pwr_mgmt.o(i.nrf_pwr_mgmt_init)
</UL>
<P><STRONG><a name="[286]"></a>shutdown_process</STRONG> (Thumb, 160 bytes, Stack size 8 bytes, nrf_pwr_mgmt.o(i.shutdown_process))
<BR><BR>[Stack]<UL><LI>Max Depth = 16<LI>Call Chain = shutdown_process &rArr; nrf_section_iter_next
</UL>
<BR>[Calls]<UL><LI><a href="#[22d]">&gt;&gt;</a>&nbsp;&nbsp;&nbsp;nrf_sdh_is_enabled
<LI><a href="#[28e]">&gt;&gt;</a>&nbsp;&nbsp;&nbsp;nrf_section_iter_next
</UL>
<BR>[Called By]<UL><LI><a href="#[17f]">&gt;&gt;</a>&nbsp;&nbsp;&nbsp;nrf_pwr_mgmt_shutdown
</UL>

<P><STRONG><a name="[289]"></a>nrf_queue_next_idx</STRONG> (Thumb, 16 bytes, Stack size 0 bytes, nrf_queue.o(i.nrf_queue_next_idx))
<BR><BR>[Called By]<UL><LI><a href="#[28b]">&gt;&gt;</a>&nbsp;&nbsp;&nbsp;nrf_queue_push
<LI><a href="#[28a]">&gt;&gt;</a>&nbsp;&nbsp;&nbsp;nrf_queue_is_full
<LI><a href="#[287]">&gt;&gt;</a>&nbsp;&nbsp;&nbsp;nrf_queue_generic_pop
</UL>

<P><STRONG><a name="[28c]"></a>queue_utilization_get</STRONG> (Thumb, 28 bytes, Stack size 0 bytes, nrf_queue.o(i.queue_utilization_get))
<BR><BR>[Called By]<UL><LI><a href="#[28b]">&gt;&gt;</a>&nbsp;&nbsp;&nbsp;nrf_queue_push
</UL>

<P><STRONG><a name="[295]"></a>nrf_section_iter_item_set</STRONG> (Thumb, 46 bytes, Stack size 0 bytes, nrf_section_iter.o(i.nrf_section_iter_item_set))
<BR><BR>[Called By]<UL><LI><a href="#[28e]">&gt;&gt;</a>&nbsp;&nbsp;&nbsp;nrf_section_iter_next
<LI><a href="#[284]">&gt;&gt;</a>&nbsp;&nbsp;&nbsp;nrf_section_iter_init
</UL>

<P><STRONG><a name="[276]"></a>nrf_drv_spi_uninit</STRONG> (Thumb, 12 bytes, Stack size 8 bytes, nrf_spi_mngr.o(i.nrf_drv_spi_uninit))
<BR><BR>[Stack]<UL><LI>Max Depth = 60<LI>Call Chain = nrf_drv_spi_uninit &rArr; nrfx_spim_uninit &rArr; nrf_gpio_cfg
</UL>
<BR>[Calls]<UL><LI><a href="#[277]">&gt;&gt;</a>&nbsp;&nbsp;&nbsp;nrfx_spim_uninit
</UL>
<BR>[Called By]<UL><LI><a href="#[296]">&gt;&gt;</a>&nbsp;&nbsp;&nbsp;start_pending_transaction
</UL>

<P><STRONG><a name="[4d]"></a>spi_event_handler</STRONG> (Thumb, 72 bytes, Stack size 24 bytes, nrf_spi_mngr.o(i.spi_event_handler))
<BR><BR>[Stack]<UL><LI>Max Depth = 224<LI>Call Chain = spi_event_handler &rArr; start_pending_transaction &rArr; nrf_drv_spi_init &rArr; nrfx_spim_init &rArr; nrfx_prs_acquire &rArr; app_util_critical_region_enter &rArr; sd_nvic_critical_region_enter
</UL>
<BR>[Calls]<UL><LI><a href="#[310]">&gt;&gt;</a>&nbsp;&nbsp;&nbsp;transaction_end_signal
<LI><a href="#[30f]">&gt;&gt;</a>&nbsp;&nbsp;&nbsp;start_transfer
<LI><a href="#[296]">&gt;&gt;</a>&nbsp;&nbsp;&nbsp;start_pending_transaction
</UL>
<BR>[Address Reference Count : 2]<UL><LI> nrf_spi_mngr.o(i.nrf_spi_mngr_init)
<LI> nrf_spi_mngr.o(i.start_pending_transaction)
</UL>
<P><STRONG><a name="[296]"></a>start_pending_transaction</STRONG> (Thumb, 178 bytes, Stack size 32 bytes, nrf_spi_mngr.o(i.start_pending_transaction))
<BR><BR>[Stack]<UL><LI>Max Depth = 200<LI>Call Chain = start_pending_transaction &rArr; nrf_drv_spi_init &rArr; nrfx_spim_init &rArr; nrfx_prs_acquire &rArr; app_util_critical_region_enter &rArr; sd_nvic_critical_region_enter
</UL>
<BR>[Calls]<UL><LI><a href="#[274]">&gt;&gt;</a>&nbsp;&nbsp;&nbsp;nrf_drv_spi_init
<LI><a href="#[146]">&gt;&gt;</a>&nbsp;&nbsp;&nbsp;app_util_critical_region_exit
<LI><a href="#[144]">&gt;&gt;</a>&nbsp;&nbsp;&nbsp;app_util_critical_region_enter
<LI><a href="#[310]">&gt;&gt;</a>&nbsp;&nbsp;&nbsp;transaction_end_signal
<LI><a href="#[312]">&gt;&gt;</a>&nbsp;&nbsp;&nbsp;transaction_begin_signal
<LI><a href="#[30f]">&gt;&gt;</a>&nbsp;&nbsp;&nbsp;start_transfer
<LI><a href="#[276]">&gt;&gt;</a>&nbsp;&nbsp;&nbsp;nrf_drv_spi_uninit
<LI><a href="#[287]">&gt;&gt;</a>&nbsp;&nbsp;&nbsp;nrf_queue_generic_pop
<LI><a href="#[12a]">&gt;&gt;</a>&nbsp;&nbsp;&nbsp;memcmp
</UL>
<BR>[Called By]<UL><LI><a href="#[bf]">&gt;&gt;</a>&nbsp;&nbsp;&nbsp;nrf_spi_mngr_schedule
<LI><a href="#[4d]">&gt;&gt;</a>&nbsp;&nbsp;&nbsp;spi_event_handler
</UL>

<P><STRONG><a name="[30f]"></a>start_transfer</STRONG> (Thumb, 82 bytes, Stack size 56 bytes, nrf_spi_mngr.o(i.start_transfer))
<BR><BR>[Stack]<UL><LI>Max Depth = 120<LI>Call Chain = start_transfer &rArr; nrfx_spim_xfer &rArr; spim_xfer &rArr; nrf_spim_event_clear
</UL>
<BR>[Calls]<UL><LI><a href="#[2b8]">&gt;&gt;</a>&nbsp;&nbsp;&nbsp;nrfx_spim_xfer
</UL>
<BR>[Called By]<UL><LI><a href="#[296]">&gt;&gt;</a>&nbsp;&nbsp;&nbsp;start_pending_transaction
<LI><a href="#[4d]">&gt;&gt;</a>&nbsp;&nbsp;&nbsp;spi_event_handler
</UL>

<P><STRONG><a name="[312]"></a>transaction_begin_signal</STRONG> (Thumb, 24 bytes, Stack size 16 bytes, nrf_spi_mngr.o(i.transaction_begin_signal))
<BR><BR>[Stack]<UL><LI>Max Depth = 16<LI>Call Chain = transaction_begin_signal
</UL>
<BR>[Called By]<UL><LI><a href="#[296]">&gt;&gt;</a>&nbsp;&nbsp;&nbsp;start_pending_transaction
</UL>

<P><STRONG><a name="[310]"></a>transaction_end_signal</STRONG> (Thumb, 32 bytes, Stack size 24 bytes, nrf_spi_mngr.o(i.transaction_end_signal))
<BR><BR>[Stack]<UL><LI>Max Depth = 24<LI>Call Chain = transaction_end_signal
</UL>
<BR>[Called By]<UL><LI><a href="#[296]">&gt;&gt;</a>&nbsp;&nbsp;&nbsp;start_pending_transaction
<LI><a href="#[4d]">&gt;&gt;</a>&nbsp;&nbsp;&nbsp;spi_event_handler
</UL>

<P><STRONG><a name="[2ff]"></a>__sd_nvic_app_accessible_irq</STRONG> (Thumb, 52 bytes, Stack size 0 bytes, nrf_sdh.o(i.__sd_nvic_app_accessible_irq))
<BR><BR>[Called By]<UL><LI><a href="#[292]">&gt;&gt;</a>&nbsp;&nbsp;&nbsp;softdevice_evt_irq_disable
<LI><a href="#[2fe]">&gt;&gt;</a>&nbsp;&nbsp;&nbsp;sd_nvic_EnableIRQ
</UL>

<P><STRONG><a name="[294]"></a>nrf_section_iter_get</STRONG> (Thumb, 6 bytes, Stack size 0 bytes, nrf_sdh.o(i.nrf_section_iter_get))
<BR><BR>[Called By]<UL><LI><a href="#[106]">&gt;&gt;</a>&nbsp;&nbsp;&nbsp;nrf_sdh_evts_poll
<LI><a href="#[291]">&gt;&gt;</a>&nbsp;&nbsp;&nbsp;sdh_state_observer_notify
<LI><a href="#[290]">&gt;&gt;</a>&nbsp;&nbsp;&nbsp;sdh_request_observer_notify
</UL>

<P><STRONG><a name="[2fe]"></a>sd_nvic_EnableIRQ</STRONG> (Thumb, 138 bytes, Stack size 8 bytes, nrf_sdh.o(i.sd_nvic_EnableIRQ))
<BR><BR>[Stack]<UL><LI>Max Depth = 8<LI>Call Chain = sd_nvic_EnableIRQ
</UL>
<BR>[Calls]<UL><LI><a href="#[2ff]">&gt;&gt;</a>&nbsp;&nbsp;&nbsp;__sd_nvic_app_accessible_irq
</UL>
<BR>[Called By]<UL><LI><a href="#[293]">&gt;&gt;</a>&nbsp;&nbsp;&nbsp;softdevices_evt_irq_enable
</UL>

<P><STRONG><a name="[290]"></a>sdh_request_observer_notify</STRONG> (Thumb, 56 bytes, Stack size 32 bytes, nrf_sdh.o(i.sdh_request_observer_notify))
<BR><BR>[Stack]<UL><LI>Max Depth = 48<LI>Call Chain = sdh_request_observer_notify &rArr; nrf_section_iter_init
</UL>
<BR>[Calls]<UL><LI><a href="#[28e]">&gt;&gt;</a>&nbsp;&nbsp;&nbsp;nrf_section_iter_next
<LI><a href="#[284]">&gt;&gt;</a>&nbsp;&nbsp;&nbsp;nrf_section_iter_init
<LI><a href="#[294]">&gt;&gt;</a>&nbsp;&nbsp;&nbsp;nrf_section_iter_get
</UL>
<BR>[Called By]<UL><LI><a href="#[1a0]">&gt;&gt;</a>&nbsp;&nbsp;&nbsp;nrf_sdh_enable_request
<LI><a href="#[28f]">&gt;&gt;</a>&nbsp;&nbsp;&nbsp;nrf_sdh_disable_request
</UL>

<P><STRONG><a name="[291]"></a>sdh_state_observer_notify</STRONG> (Thumb, 48 bytes, Stack size 32 bytes, nrf_sdh.o(i.sdh_state_observer_notify))
<BR><BR>[Stack]<UL><LI>Max Depth = 48<LI>Call Chain = sdh_state_observer_notify &rArr; nrf_section_iter_init
</UL>
<BR>[Calls]<UL><LI><a href="#[28e]">&gt;&gt;</a>&nbsp;&nbsp;&nbsp;nrf_section_iter_next
<LI><a href="#[284]">&gt;&gt;</a>&nbsp;&nbsp;&nbsp;nrf_section_iter_init
<LI><a href="#[294]">&gt;&gt;</a>&nbsp;&nbsp;&nbsp;nrf_section_iter_get
</UL>
<BR>[Called By]<UL><LI><a href="#[1a0]">&gt;&gt;</a>&nbsp;&nbsp;&nbsp;nrf_sdh_enable_request
<LI><a href="#[28f]">&gt;&gt;</a>&nbsp;&nbsp;&nbsp;nrf_sdh_disable_request
</UL>

<P><STRONG><a name="[292]"></a>softdevice_evt_irq_disable</STRONG> (Thumb, 98 bytes, Stack size 16 bytes, nrf_sdh.o(i.softdevice_evt_irq_disable))
<BR><BR>[Stack]<UL><LI>Max Depth = 48<LI>Call Chain = softdevice_evt_irq_disable &rArr; app_error_handler_bare &rArr; app_error_fault_handler
</UL>
<BR>[Calls]<UL><LI><a href="#[b4]">&gt;&gt;</a>&nbsp;&nbsp;&nbsp;app_error_handler_bare
<LI><a href="#[2ff]">&gt;&gt;</a>&nbsp;&nbsp;&nbsp;__sd_nvic_app_accessible_irq
</UL>
<BR>[Called By]<UL><LI><a href="#[28f]">&gt;&gt;</a>&nbsp;&nbsp;&nbsp;nrf_sdh_disable_request
</UL>

<P><STRONG><a name="[293]"></a>softdevices_evt_irq_enable</STRONG> (Thumb, 30 bytes, Stack size 16 bytes, nrf_sdh.o(i.softdevices_evt_irq_enable))
<BR><BR>[Stack]<UL><LI>Max Depth = 48<LI>Call Chain = softdevices_evt_irq_enable &rArr; app_error_handler_bare &rArr; app_error_fault_handler
</UL>
<BR>[Calls]<UL><LI><a href="#[b4]">&gt;&gt;</a>&nbsp;&nbsp;&nbsp;app_error_handler_bare
<LI><a href="#[2fe]">&gt;&gt;</a>&nbsp;&nbsp;&nbsp;sd_nvic_EnableIRQ
</UL>
<BR>[Called By]<UL><LI><a href="#[1a0]">&gt;&gt;</a>&nbsp;&nbsp;&nbsp;nrf_sdh_enable_request
</UL>

<P><STRONG><a name="[78]"></a>nrf_sdh_ble_evts_poll</STRONG> (Thumb, 108 bytes, Stack size 544 bytes, nrf_sdh_ble.o(i.nrf_sdh_ble_evts_poll))
<BR><BR>[Stack]<UL><LI>Max Depth = 576<LI>Call Chain = nrf_sdh_ble_evts_poll &rArr; app_error_handler_bare &rArr; app_error_fault_handler
</UL>
<BR>[Calls]<UL><LI><a href="#[b4]">&gt;&gt;</a>&nbsp;&nbsp;&nbsp;app_error_handler_bare
<LI><a href="#[28e]">&gt;&gt;</a>&nbsp;&nbsp;&nbsp;nrf_section_iter_next
<LI><a href="#[284]">&gt;&gt;</a>&nbsp;&nbsp;&nbsp;nrf_section_iter_init
</UL>
<BR>[Address Reference Count : 1]<UL><LI> nrf_sdh_ble.o(sdh_stack_observers0)
</UL>
<P><STRONG><a name="[79]"></a>nrf_sdh_soc_evts_poll</STRONG> (Thumb, 80 bytes, Stack size 40 bytes, nrf_sdh_soc.o(i.nrf_sdh_soc_evts_poll))
<BR><BR>[Stack]<UL><LI>Max Depth = 72<LI>Call Chain = nrf_sdh_soc_evts_poll &rArr; app_error_handler_bare &rArr; app_error_fault_handler
</UL>
<BR>[Calls]<UL><LI><a href="#[b4]">&gt;&gt;</a>&nbsp;&nbsp;&nbsp;app_error_handler_bare
<LI><a href="#[28e]">&gt;&gt;</a>&nbsp;&nbsp;&nbsp;nrf_section_iter_next
<LI><a href="#[284]">&gt;&gt;</a>&nbsp;&nbsp;&nbsp;nrf_section_iter_init
</UL>
<BR>[Address Reference Count : 1]<UL><LI> nrf_sdh_soc.o(sdh_stack_observers0)
</UL>
<P><STRONG><a name="[10f]"></a>errata_108</STRONG> (Thumb, 78 bytes, Stack size 0 bytes, system_nrf52.o(i.errata_108))
<BR><BR>[Called By]<UL><LI><a href="#[3a]">&gt;&gt;</a>&nbsp;&nbsp;&nbsp;SystemInit
</UL>

<P><STRONG><a name="[107]"></a>errata_12</STRONG> (Thumb, 78 bytes, Stack size 0 bytes, system_nrf52.o(i.errata_12))
<BR><BR>[Called By]<UL><LI><a href="#[3a]">&gt;&gt;</a>&nbsp;&nbsp;&nbsp;SystemInit
</UL>

<P><STRONG><a name="[110]"></a>errata_136</STRONG> (Thumb, 78 bytes, Stack size 0 bytes, system_nrf52.o(i.errata_136))
<BR><BR>[Called By]<UL><LI><a href="#[3a]">&gt;&gt;</a>&nbsp;&nbsp;&nbsp;SystemInit
</UL>

<P><STRONG><a name="[108]"></a>errata_16</STRONG> (Thumb, 42 bytes, Stack size 0 bytes, system_nrf52.o(i.errata_16))
<BR><BR>[Called By]<UL><LI><a href="#[3a]">&gt;&gt;</a>&nbsp;&nbsp;&nbsp;SystemInit
</UL>

<P><STRONG><a name="[111]"></a>errata_182</STRONG> (Thumb, 26 bytes, Stack size 0 bytes, system_nrf52.o(i.errata_182))
<BR><BR>[Called By]<UL><LI><a href="#[3a]">&gt;&gt;</a>&nbsp;&nbsp;&nbsp;SystemInit
</UL>

<P><STRONG><a name="[109]"></a>errata_31</STRONG> (Thumb, 78 bytes, Stack size 0 bytes, system_nrf52.o(i.errata_31))
<BR><BR>[Called By]<UL><LI><a href="#[3a]">&gt;&gt;</a>&nbsp;&nbsp;&nbsp;SystemInit
</UL>

<P><STRONG><a name="[10a]"></a>errata_32</STRONG> (Thumb, 42 bytes, Stack size 0 bytes, system_nrf52.o(i.errata_32))
<BR><BR>[Called By]<UL><LI><a href="#[3a]">&gt;&gt;</a>&nbsp;&nbsp;&nbsp;SystemInit
</UL>

<P><STRONG><a name="[10b]"></a>errata_36</STRONG> (Thumb, 78 bytes, Stack size 0 bytes, system_nrf52.o(i.errata_36))
<BR><BR>[Called By]<UL><LI><a href="#[3a]">&gt;&gt;</a>&nbsp;&nbsp;&nbsp;SystemInit
</UL>

<P><STRONG><a name="[10c]"></a>errata_37</STRONG> (Thumb, 42 bytes, Stack size 0 bytes, system_nrf52.o(i.errata_37))
<BR><BR>[Called By]<UL><LI><a href="#[3a]">&gt;&gt;</a>&nbsp;&nbsp;&nbsp;SystemInit
</UL>

<P><STRONG><a name="[10d]"></a>errata_57</STRONG> (Thumb, 42 bytes, Stack size 0 bytes, system_nrf52.o(i.errata_57))
<BR><BR>[Called By]<UL><LI><a href="#[3a]">&gt;&gt;</a>&nbsp;&nbsp;&nbsp;SystemInit
</UL>

<P><STRONG><a name="[10e]"></a>errata_66</STRONG> (Thumb, 42 bytes, Stack size 0 bytes, system_nrf52.o(i.errata_66))
<BR><BR>[Called By]<UL><LI><a href="#[3a]">&gt;&gt;</a>&nbsp;&nbsp;&nbsp;SystemInit
</UL>
<P>
<H3>
Undefined Global Symbols
</H3><HR></body></html>
