<html>
<body>
<pre>
<h1>µVision Build Log</h1>
<h2>Tool Versions:</h2>
IDE-Version: µVision V5.24.2.0
Copyright (C) 2017 ARM Ltd and ARM Germany GmbH. All rights reserved.
License Information: h s, f, LIC=IC963-A7M8W-QIA5M-X813A-KRD70-F3XNC
 
Tool Versions:
Toolchain:       MDK-ARM Professional  Version: 5.24.1
Toolchain Path:  C:\Keil_v5\ARM\ARMCC\Bin
C Compiler:      Armcc.exe V5.06 update 5 (build 528)
Assembler:       Armasm.exe V5.06 update 5 (build 528)
Linker/Locator:  ArmLink.exe V5.06 update 5 (build 528)
Library Manager: ArmAr.exe V5.06 update 5 (build 528)
Hex Converter:   FromElf.exe V5.06 update 5 (build 528)
CPU DLL:         
Dialog DLL:      
Target DLL:      Segger\JL2CM3.dll V2.99.26.0
Dialog DLL:      TCM.DLL V1.32.0.0
 
<h2>Project:</h2>
C:\Keil_v5\Project\App_Test_PCB\pca10040\s132\arm5_no_packs\App_Test_PCB.uvprojx
Project File Date:  04/01/2019

<h2>Output:</h2>
*** Using Compiler 'V5.06 update 5 (build 528)', folder: 'C:\Keil_v5\ARM\ARMCC\Bin'
Rebuild target 'nrf52832_xxaa'
compiling Psyonic_BLE.c...
..\..\..\Src\Psyonic_BLE.c(17): warning:  #550-D: variable "m_ble_nus_max_data_len"  was set but never used
  static uint16_t   m_ble_nus_max_data_len = BLE_GATT_ATT_MTU_DEFAULT - 3;            /**< Maximum length of data (in bytes) that can be transmitted to the peer by the Nordic UART service module. */
..\..\..\Src\Psyonic_BLE.c: 1 warning, 0 errors
compiling Command_Handling.c...
compiling GPIO.c...
compiling main.c...
compiling SAADC.c...
compiling PWM.c...
compiling SPI.c...
compiling System.c...
compiling STM32_Bootloader.c...
compiling Psyonic_Buttonless_DFU.c...
compiling Grips.c...
compiling SPI_Command_Handling.c...
compiling Motor_Driver_Control.c...
compiling MPU6500_DMP_Motion_Driver.c...
compiling MPU6500_Base_Driver.c...
compiling boards.c...
compiling MPU6500.c...
..\..\..\Src\MPU6500.c(82): warning:  #550-D: variable "data"  was set but never used
      uint8_t data[2];
..\..\..\Src\MPU6500.c: 1 warning, 0 errors
compiling bsp.c...
compiling bsp_btn_ble.c...
compiling auth_status_tracker.c...
compiling ble_advdata.c...
compiling ble_advertising.c...
compiling ble_conn_params.c...
compiling ble_conn_state.c...
compiling ble_srv_common.c...
compiling ble_link_ctx_manager.c...
compiling gatt_cache_manager.c...
compiling nrf_ble_gatt.c...
compiling gatts_cache_manager.c...
compiling id_manager.c...
compiling nrf_ble_qwr.c...
compiling peer_id.c...
compiling peer_data_storage.c...
compiling peer_database.c...
compiling peer_manager.c...
compiling pm_buffer.c...
compiling peer_manager_handler.c...
compiling security_dispatcher.c...
compiling ble_nus.c...
compiling security_manager.c...
compiling ble_dfu.c...
compiling ble_dfu_bonded.c...
compiling ble_dfu_unbonded.c...
compiling nrf_drv_clock.c...
compiling nrf_drv_uart.c...
compiling nrf_drv_spi.c...
compiling nrfx_saadc.c...
compiling nrfx_atomic.c...
compiling nrfx_timer.c...
compiling nrfx_clock.c...
compiling nrfx_prs.c...
compiling nrfx_gpiote.c...
compiling nrfx_uarte.c...
compiling nrfx_uart.c...
compiling nrf_nvmc.c...
compiling nrfx_spi.c...
compiling nrfx_pwm.c...
compiling nrfx_spim.c...
compiling app_error.c...
compiling app_error_handler_keil.c...
compiling app_error_weak.c...
compiling app_button.c...
compiling app_fifo.c...
compiling app_pwm.c...
compiling app_scheduler.c...
compiling app_timer.c...
compiling app_util_platform.c...
compiling app_uart_fifo.c...
compiling crc16.c...
compiling fds.c...
compiling hardfault_implementation.c...
compiling nrf_assert.c...
compiling nrf_atfifo.c...
compiling nrf_atflags.c...
compiling nrf_atomic.c...
compiling nrf_balloc.c...
compiling nrf_fprintf.c...
compiling nrf_fprintf_format.c...
compiling nrf_fstorage.c...
compiling nrf_fstorage_sd.c...
compiling nrf_memobj.c...
compiling nrf_queue.c...
compiling nrf_pwr_mgmt.c...
compiling nrf_ringbuf.c...
compiling nrf_strerror.c...
compiling nrf_section_iter.c...
compiling retarget.c...
compiling nrf_spi_mngr.c...
compiling nrf_log_backend_rtt.c...
compiling nrf_log_backend_serial.c...
compiling nrf_log_default_backends.c...
compiling nrf_log_frontend.c...
compiling SEGGER_RTT_Syscalls_KEIL.c...
compiling nrf_log_str_formatter.c...
compiling nrf_dfu_svci.c...
compiling SEGGER_RTT.c...
compiling SEGGER_RTT_printf.c...
assembling arm_startup_nrf52.s...
compiling nrf_sdh.c...
compiling nrf_sdh_ble.c...
compiling nrf_sdh_soc.c...
compiling system_nrf52.c...
linking...
Program Size: Code=45968 RO-data=2700 RW-data=708 ZI-data=42172  
FromELF: creating hex file...
"..\..\..\Build\Hand_Board_V6_1_Central_Software.axf" - 0 Error(s), 2 Warning(s).

<h2>Software Packages used:</h2>

Package Vendor: ARM
                http://www.keil.com/pack/ARM.CMSIS.4.5.0.pack
                ARM.CMSIS.4.5.0
                CMSIS (Cortex Microcontroller Software Interface Standard)
   * Component: CORE Version: 4.3.0

Package Vendor: NordicSemiconductor
                http://developer.nordicsemi.com/nRF5_SDK/pieces/nRF_DeviceFamilyPack/NordicSemiconductor.nRF_DeviceFamilyPack.8.17.0.pack
                NordicSemiconductor.nRF_DeviceFamilyPack.8.17.0
                Nordic Semiconductor nRF ARM devices Device Family Pack.
   * Component: Startup Version: 8.17.0

<h2>Collection of Component include folders:</h2>
  .\RTE\_nrf52832_xxaa
  C:\Keil_v5\ARM\PACK\ARM\CMSIS\4.5.0\CMSIS\Include
  C:\Keil_v5\ARM\PACK\NordicSemiconductor\nRF_DeviceFamilyPack\8.17.0\Device\Include

<h2>Collection of Component Files used:</h2>

   * Component: NordicSemiconductor::Device:Startup:8.17.0
      Source file:   Device\Source\arm\arm_startup_nrf52.s
      Include file:  Device\Include\system_nrf52.h
      Source file:   Device\Source\system_nrf52.c

   * Component: ARM::CMSIS:CORE:4.3.0
Build Time Elapsed:  00:00:51
</pre>
</body>
</html>
